Component: ARM Compiler 5.06 update 6 (build 750) Tool: armlink [4d35ed]

==============================================================================

Section Cross References

    startup_stm32f030x8.o(RESET) refers to startup_stm32f030x8.o(STACK) for __initial_sp
    startup_stm32f030x8.o(RESET) refers to startup_stm32f030x8.o(.text) for Reset_Handler
    startup_stm32f030x8.o(RESET) refers to stm32f0xx_it.o(i.NMI_Handler) for NMI_Handler
    startup_stm32f030x8.o(RESET) refers to stm32f0xx_it.o(i.HardFault_Handler) for HardFault_Handler
    startup_stm32f030x8.o(RESET) refers to stm32f0xx_it.o(i.SVC_Handler) for SVC_Handler
    startup_stm32f030x8.o(RESET) refers to stm32f0xx_it.o(i.PendSV_Handler) for PendSV_Handler
    startup_stm32f030x8.o(RESET) refers to stm32f0xx_it.o(i.SysTick_Handler) for SysTick_Handler
    startup_stm32f030x8.o(RESET) refers to stm32f0xx_it.o(i.RTC_IRQHandler) for RTC_IRQHandler
    startup_stm32f030x8.o(RESET) refers to stm32f0xx_it.o(i.EXTI2_3_IRQHandler) for EXTI2_3_IRQHandler
    startup_stm32f030x8.o(RESET) refers to stm32f0xx_it.o(i.EXTI4_15_IRQHandler) for EXTI4_15_IRQHandler
    startup_stm32f030x8.o(RESET) refers to stm32f0xx_it.o(i.DMA1_Channel1_IRQHandler) for DMA1_Channel1_IRQHandler
    startup_stm32f030x8.o(RESET) refers to stm32f0xx_it.o(i.DMA1_Channel4_5_IRQHandler) for DMA1_Channel4_5_IRQHandler
    startup_stm32f030x8.o(RESET) refers to stm32f0xx_it.o(i.ADC1_IRQHandler) for ADC1_IRQHandler
    startup_stm32f030x8.o(RESET) refers to stm32f0xx_it.o(i.TIM6_IRQHandler) for TIM6_IRQHandler
    startup_stm32f030x8.o(RESET) refers to stm32f0xx_it.o(i.TIM14_IRQHandler) for TIM14_IRQHandler
    startup_stm32f030x8.o(.text) refers to system_stm32f0xx.o(i.SystemInit) for SystemInit
    startup_stm32f030x8.o(.text) refers to entry.o(.ARM.Collect$$$$00000000) for __main
    main.o(i.HAL_ADC_ConvCpltCallback) refers to dfltui.o(.text) for __aeabi_ui2d
    main.o(i.HAL_ADC_ConvCpltCallback) refers to ddiv.o(.text) for __aeabi_ddiv
    main.o(i.HAL_ADC_ConvCpltCallback) refers to d2f.o(.text) for __aeabi_d2f
    main.o(i.HAL_ADC_ConvCpltCallback) refers to main.o(.data) for .data
    main.o(i.HAL_ADC_ConvCpltCallback) refers to main.o(.bss) for .bss
    main.o(i.HAL_GPIO_EXTI_Callback) refers to max30100_for_stm32_hal.o(i.max30102_getUnreadSampleCount) for max30102_getUnreadSampleCount
    main.o(i.HAL_GPIO_EXTI_Callback) refers to max30100_for_stm32_hal.o(i.max30102_getFIFO) for max30102_getFIFO
    main.o(i.HAL_GPIO_EXTI_Callback) refers to main.o(i.DEBUG) for DEBUG
    main.o(i.HAL_GPIO_EXTI_Callback) refers to system.o(i.getScreenEable) for getScreenEable
    main.o(i.HAL_GPIO_EXTI_Callback) refers to system.o(i.setScreenEable) for setScreenEable
    main.o(i.HAL_GPIO_EXTI_Callback) refers to main.o(.data) for .data
    main.o(i.HAL_GPIO_EXTI_Callback) refers to main.o(.bss) for .bss
    main.o(i.HAL_RTC_AlarmAEventCallback) refers to main.o(.data) for .data
    main.o(i.HAL_TIM_PeriodElapsedCallback) refers to mpu6050.o(i.MPU6050_Get_RawData) for MPU6050_Get_RawData
    main.o(i.HAL_TIM_PeriodElapsedCallback) refers to kalman.o(i.kalman_scaler_update) for kalman_scaler_update
    main.o(i.HAL_TIM_PeriodElapsedCallback) refers to kalman.o(i.kalman_2d1r_update) for kalman_2d1r_update
    main.o(i.HAL_TIM_PeriodElapsedCallback) refers to system.o(i.getPedFlag) for getPedFlag
    main.o(i.HAL_TIM_PeriodElapsedCallback) refers to system.o(i.setPedFlag) for setPedFlag
    main.o(i.HAL_TIM_PeriodElapsedCallback) refers to system.o(i.getScreenFlag) for getScreenFlag
    main.o(i.HAL_TIM_PeriodElapsedCallback) refers to system.o(i.setScreenFlag) for setScreenFlag
    main.o(i.HAL_TIM_PeriodElapsedCallback) refers to system.o(i.setScreenEable) for setScreenEable
    main.o(i.HAL_TIM_PeriodElapsedCallback) refers to main.o(i.DEBUG) for DEBUG
    main.o(i.HAL_TIM_PeriodElapsedCallback) refers to tim.o(.bss) for htim6
    main.o(i.HAL_TIM_PeriodElapsedCallback) refers to main.o(.data) for .data
    main.o(i.HAL_TIM_PeriodElapsedCallback) refers to main.o(.bss) for .bss
    main.o(i.HAL_UART_RxCpltCallback) refers to system.o(i.RxParser) for RxParser
    main.o(i.HAL_UART_RxCpltCallback) refers to usart.o(.bss) for huart2
    main.o(i.HAL_UART_RxCpltCallback) refers to main.o(.bss) for .bss
    main.o(i.SystemClock_Config) refers to memseta.o(.text) for __aeabi_memclr4
    main.o(i.SystemClock_Config) refers to stm32f0xx_hal_pwr.o(i.HAL_PWR_EnableBkUpAccess) for HAL_PWR_EnableBkUpAccess
    main.o(i.SystemClock_Config) refers to stm32f0xx_hal_rcc.o(i.HAL_RCC_OscConfig) for HAL_RCC_OscConfig
    main.o(i.SystemClock_Config) refers to stm32f0xx_hal_rcc.o(i.HAL_RCC_ClockConfig) for HAL_RCC_ClockConfig
    main.o(i.SystemClock_Config) refers to stm32f0xx_hal_rcc_ex.o(i.HAL_RCCEx_PeriphCLKConfig) for HAL_RCCEx_PeriphCLKConfig
    main.o(i.main) refers to stm32f0xx_hal.o(i.HAL_Init) for HAL_Init
    main.o(i.main) refers to main.o(i.SystemClock_Config) for SystemClock_Config
[...]
    Removing stm32f0xx_hal_tim_ex.o(i.HAL_TIMEx_OCN_Stop), (108 bytes).
    Removing stm32f0xx_hal_tim_ex.o(i.HAL_TIMEx_OCN_Stop_DMA), (176 bytes).
    Removing stm32f0xx_hal_tim_ex.o(i.HAL_TIMEx_OCN_Stop_IT), (168 bytes).
    Removing stm32f0xx_hal_tim_ex.o(i.HAL_TIMEx_OnePulseN_Start), (98 bytes).
    Removing stm32f0xx_hal_tim_ex.o(i.HAL_TIMEx_OnePulseN_Start_IT), (116 bytes).
    Removing stm32f0xx_hal_tim_ex.o(i.HAL_TIMEx_OnePulseN_Stop), (112 bytes).
    Removing stm32f0xx_hal_tim_ex.o(i.HAL_TIMEx_OnePulseN_Stop_IT), (132 bytes).
    Removing stm32f0xx_hal_tim_ex.o(i.HAL_TIMEx_PWMN_Start), (140 bytes).
    Removing stm32f0xx_hal_tim_ex.o(i.HAL_TIMEx_PWMN_Start_DMA), (332 bytes).
    Removing stm32f0xx_hal_tim_ex.o(i.HAL_TIMEx_PWMN_Start_IT), (172 bytes).
    Removing stm32f0xx_hal_tim_ex.o(i.HAL_TIMEx_PWMN_Stop), (108 bytes).
    Removing stm32f0xx_hal_tim_ex.o(i.HAL_TIMEx_PWMN_Stop_DMA), (176 bytes).
    Removing stm32f0xx_hal_tim_ex.o(i.HAL_TIMEx_PWMN_Stop_IT), (168 bytes).
    Removing stm32f0xx_hal_tim_ex.o(i.HAL_TIMEx_RemapConfig), (28 bytes).
    Removing stm32f0xx_hal_tim_ex.o(i.TIMEx_DMACommutationCplt), (16 bytes).
    Removing stm32f0xx_hal_tim_ex.o(i.TIMEx_DMACommutationHalfCplt), (16 bytes).
    Removing stm32f0xx_hal_tim_ex.o(i.TIM_CCxNChannelCmd), (26 bytes).
    Removing stm32f0xx_hal_tim_ex.o(i.TIM_DMADelayPulseNCplt), (102 bytes).
    Removing stm32f0xx_hal_tim_ex.o(i.TIM_DMAErrorCCxN), (62 bytes).
    Removing stm32f0xx_hal_uart.o(.rev16_text), (4 bytes).
    Removing stm32f0xx_hal_uart.o(.revsh_text), (4 bytes).
    Removing stm32f0xx_hal_uart.o(i.HAL_HalfDuplex_EnableReceiver), (78 bytes).
    Removing stm32f0xx_hal_uart.o(i.HAL_HalfDuplex_EnableTransmitter), (78 bytes).
    Removing stm32f0xx_hal_uart.o(i.HAL_HalfDuplex_Init), (106 bytes).
    Removing stm32f0xx_hal_uart.o(i.HAL_MultiProcessor_DisableMuteMode), (58 bytes).
    Removing stm32f0xx_hal_uart.o(i.HAL_MultiProcessor_EnableMuteMode), (58 bytes).
    Removing stm32f0xx_hal_uart.o(i.HAL_MultiProcessor_EnterMuteMode), (12 bytes).
    Removing stm32f0xx_hal_uart.o(i.HAL_MultiProcessor_Init), (138 bytes).
    Removing stm32f0xx_hal_uart.o(i.HAL_UARTEx_RxEventCallback), (2 bytes).
    Removing stm32f0xx_hal_uart.o(i.HAL_UART_Abort), (252 bytes).
    Removing stm32f0xx_hal_uart.o(i.HAL_UART_AbortCpltCallback), (2 bytes).
    Removing stm32f0xx_hal_uart.o(i.HAL_UART_AbortReceive), (184 bytes).
    Removing stm32f0xx_hal_uart.o(i.HAL_UART_AbortReceiveCpltCallback), (2 bytes).
    Removing stm32f0xx_hal_uart.o(i.HAL_UART_AbortReceive_IT), (200 bytes).
    Removing stm32f0xx_hal_uart.o(i.HAL_UART_AbortTransmit), (112 bytes).
    Removing stm32f0xx_hal_uart.o(i.HAL_UART_AbortTransmitCpltCallback), (2 bytes).
    Removing stm32f0xx_hal_uart.o(i.HAL_UART_AbortTransmit_IT), (116 bytes).
    Removing stm32f0xx_hal_uart.o(i.HAL_UART_Abort_IT), (292 bytes).
    Removing stm32f0xx_hal_uart.o(i.HAL_UART_DMAPause), (150 bytes).
    Removing stm32f0xx_hal_uart.o(i.HAL_UART_DMAResume), (140 bytes).
    Removing stm32f0xx_hal_uart.o(i.HAL_UART_DMAStop), (154 bytes).
    Removing stm32f0xx_hal_uart.o(i.HAL_UART_DeInit), (62 bytes).
    Removing stm32f0xx_hal_uart.o(i.HAL_UART_DisableReceiverTimeout), (52 bytes).
    Removing stm32f0xx_hal_uart.o(i.HAL_UART_EnableReceiverTimeout), (52 bytes).
    Removing stm32f0xx_hal_uart.o(i.HAL_UART_ErrorCallback), (2 bytes).
    Removing stm32f0xx_hal_uart.o(i.HAL_UART_GetError), (6 bytes).
    Removing stm32f0xx_hal_uart.o(i.HAL_UART_GetState), (10 bytes).
    Removing stm32f0xx_hal_uart.o(i.HAL_UART_IRQHandler), (652 bytes).
    Removing stm32f0xx_hal_uart.o(i.HAL_UART_MspDeInit), (2 bytes).
    Removing stm32f0xx_hal_uart.o(i.HAL_UART_MspInit), (2 bytes).
    Removing stm32f0xx_hal_uart.o(i.HAL_UART_Receive), (252 bytes).
    Removing stm32f0xx_hal_uart.o(i.HAL_UART_Receive_DMA), (100 bytes).
    Removing stm32f0xx_hal_uart.o(i.HAL_UART_Receive_IT), (100 bytes).
    Removing stm32f0xx_hal_uart.o(i.HAL_UART_ReceiverTimeout_Config), (14 bytes).
    Removing stm32f0xx_hal_uart.o(i.HAL_UART_RxCpltCallback), (2 bytes).
    Removing stm32f0xx_hal_uart.o(i.HAL_UART_RxHalfCpltCallback), (2 bytes).
    Removing stm32f0xx_hal_uart.o(i.HAL_UART_Transmit), (210 bytes).
    Removing stm32f0xx_hal_uart.o(i.HAL_UART_Transmit_DMA), (192 bytes).
    Removing stm32f0xx_hal_uart.o(i.HAL_UART_Transmit_IT), (136 bytes).
    Removing stm32f0xx_hal_uart.o(i.HAL_UART_TxCpltCallback), (2 bytes).
    Removing stm32f0xx_hal_uart.o(i.HAL_UART_TxHalfCpltCallback), (2 bytes).
    Removing stm32f0xx_hal_uart.o(i.UART_DMAAbortOnError), (20 bytes).
    Removing stm32f0xx_hal_uart.o(i.UART_DMAError), (76 bytes).
    Removing stm32f0xx_hal_uart.o(i.UART_DMAReceiveCplt), (148 bytes).
    Removing stm32f0xx_hal_uart.o(i.UART_DMARxAbortCallback), (64 bytes).
    Removing stm32f0xx_hal_uart.o(i.UART_DMARxHalfCplt), (28 bytes).
    Removing stm32f0xx_hal_uart.o(i.UART_DMARxOnlyAbortCallback), (38 bytes).
    Removing stm32f0xx_hal_uart.o(i.UART_DMATransmitCplt), (74 bytes).
    Removing stm32f0xx_hal_uart.o(i.UART_DMATxAbortCallback), (54 bytes).
    Removing stm32f0xx_hal_uart.o(i.UART_DMATxHalfCplt), (10 bytes).
    Removing stm32f0xx_hal_uart.o(i.UART_DMATxOnlyAbortCallback), (20 bytes).
    Removing stm32f0xx_hal_uart.o(i.UART_EndRxTransfer), (94 bytes).
    Removing stm32f0xx_hal_uart.o(i.UART_EndTxTransfer), (32 bytes).
    Removing stm32f0xx_hal_uart.o(i.UART_RxISR_16BIT), (168 bytes).
    Removing stm32f0xx_hal_uart.o(i.UART_RxISR_8BIT), (168 bytes).
    Removing stm32f0xx_hal_uart.o(i.UART_Start_Receive_DMA), (176 bytes).
    Removing stm32f0xx_hal_uart.o(i.UART_Start_Receive_IT), (156 bytes).
    Removing stm32f0xx_hal_uart.o(i.UART_TxISR_16BIT), (94 bytes).
    Removing stm32f0xx_hal_uart.o(i.UART_TxISR_8BIT), (90 bytes).
    Removing stm32f0xx_hal_uart_ex.o(.rev16_text), (4 bytes).
    Removing stm32f0xx_hal_uart_ex.o(.revsh_text), (4 bytes).
    Removing stm32f0xx_hal_uart_ex.o(i.HAL_MultiProcessorEx_AddressLength_Set), (52 bytes).
    Removing stm32f0xx_hal_uart_ex.o(i.HAL_RS485Ex_Init), (136 bytes).
    Removing stm32f0xx_hal_uart_ex.o(i.HAL_UARTEx_ReceiveToIdle), (312 bytes).
    Removing stm32f0xx_hal_uart_ex.o(i.HAL_UARTEx_ReceiveToIdle_DMA), (114 bytes).
    Removing stm32f0xx_hal_uart_ex.o(i.HAL_UARTEx_ReceiveToIdle_IT), (114 bytes).
    Removing dadd.o(.text), (356 bytes).
    Removing ffixui.o(.text), (40 bytes).
    Removing dfixui.o(.text), (60 bytes).
    Removing f2d.o(.text), (40 bytes).
    Removing stm32f0xx_hal_dma.o(i.__ARM_common_switch8), (26 bytes).

582 unused section(s) (total 49916 bytes) removed from the image.

==============================================================================

Image Symbol Table

    Local Symbols

    Symbol Name                              Value     Ov Type        Size  Object(Section)

    ../Drivers/STM32F0xx_HAL_Driver/Src/stm32f0xx_hal.c 0x00000000   Number         0  stm32f0xx_hal.o ABSOLUTE
    ../Drivers/STM32F0xx_HAL_Driver/Src/stm32f0xx_hal_adc.c 0x00000000   Number         0  stm32f0xx_hal_adc.o ABSOLUTE
    ../Drivers/STM32F0xx_HAL_Driver/Src/stm32f0xx_hal_adc_ex.c 0x00000000   Number         0  stm32f0xx_hal_adc_ex.o ABSOLUTE
    ../Drivers/STM32F0xx_HAL_Driver/Src/stm32f0xx_hal_cortex.c 0x00000000   Number         0  stm32f0xx_hal_cortex.o ABSOLUTE
    ../Drivers/STM32F0xx_HAL_Driver/Src/stm32f0xx_hal_dma.c 0x00000000   Number         0  stm32f0xx_hal_dma.o ABSOLUTE
    ../Drivers/STM32F0xx_HAL_Driver/Src/stm32f0xx_hal_exti.c 0x00000000   Number         0  stm32f0xx_hal_exti.o ABSOLUTE
    ../Drivers/STM32F0xx_HAL_Driver/Src/stm32f0xx_hal_flash.c 0x00000000   Number         0  stm32f0xx_hal_flash.o ABSOLUTE
    ../Drivers/STM32F0xx_HAL_Driver/Src/stm32f0xx_hal_flash_ex.c 0x00000000   Number         0  stm32f0xx_hal_flash_ex.o ABSOLUTE
    ../Drivers/STM32F0xx_HAL_Driver/Src/stm32f0xx_hal_gpio.c 0x00000000   Number         0  stm32f0xx_hal_gpio.o ABSOLUTE
    ../Drivers/STM32F0xx_HAL_Driver/Src/stm32f0xx_hal_i2c.c 0x00000000   Number         0  stm32f0xx_hal_i2c.o ABSOLUTE
    ../Drivers/STM32F0xx_HAL_Driver/Src/stm32f0xx_hal_i2c_ex.c 0x00000000   Number         0  stm32f0xx_hal_i2c_ex.o ABSOLUTE
    ../Drivers/STM32F0xx_HAL_Driver/Src/stm32f0xx_hal_pwr.c 0x00000000   Number         0  stm32f0xx_hal_pwr.o ABSOLUTE
    ../Drivers/STM32F0xx_HAL_Driver/Src/stm32f0xx_hal_pwr_ex.c 0x00000000   Number         0  stm32f0xx_hal_pwr_ex.o ABSOLUTE
    ../Drivers/STM32F0xx_HAL_Driver/Src/stm32f0xx_hal_rcc.c 0x00000000   Number         0  stm32f0xx_hal_rcc.o ABSOLUTE
    ../Drivers/STM32F0xx_HAL_Driver/Src/stm32f0xx_hal_rcc_ex.c 0x00000000   Number         0  stm32f0xx_hal_rcc_ex.o ABSOLUTE
    ../Drivers/STM32F0xx_HAL_Driver/Src/stm32f0xx_hal_rtc.c 0x00000000   Number         0  stm32f0xx_hal_rtc.o ABSOLUTE
    ../Drivers/STM32F0xx_HAL_Driver/Src/stm32f0xx_hal_rtc_ex.c 0x00000000   Number         0  stm32f0xx_hal_rtc_ex.o ABSOLUTE
    ../Drivers/STM32F0xx_HAL_Driver/Src/stm32f0xx_hal_tim.c 0x00000000   Number         0  stm32f0xx_hal_tim.o ABSOLUTE
    ../Drivers/STM32F0xx_HAL_Driver/Src/stm32f0xx_hal_tim_ex.c 0x00000000   Number         0  stm32f0xx_hal_tim_ex.o ABSOLUTE
    ../Drivers/STM32F0xx_HAL_Driver/Src/stm32f0xx_hal_uart.c 0x00000000   Number         0  stm32f0xx_hal_uart.o ABSOLUTE
    ../Drivers/STM32F0xx_HAL_Driver/Src/stm32f0xx_hal_uart_ex.c 0x00000000   Number         0  stm32f0xx_hal_uart_ex.o ABSOLUTE
    ../Src/adc.c                             0x00000000   Number         0  adc.o ABSOLUTE
    ../Src/dma.c                             0x00000000   Number         0  dma.o ABSOLUTE
    ../Src/gpio.c                            0x00000000   Number         0  gpio.o ABSOLUTE
    ../Src/i2c.c                             0x00000000   Number         0  i2c.o ABSOLUTE
    ../Src/main.c                            0x00000000   Number         0  main.o ABSOLUTE
    ../Src/rtc.c                             0x00000000   Number         0  rtc.o ABSOLUTE
    ../Src/stm32f0xx_hal_msp.c               0x00000000   Number         0  stm32f0xx_hal_msp.o ABSOLUTE
    ../Src/stm32f0xx_it.c                    0x00000000   Number         0  stm32f0xx_it.o ABSOLUTE
    ../Src/system_stm32f0xx.c                0x00000000   Number         0  system_stm32f0xx.o ABSOLUTE
    ../Src/tim.c                             0x00000000   Number         0  tim.o ABSOLUTE
    ../Src/usart.c                           0x00000000   Number         0  usart.o ABSOLUTE
    ../clib/microlib/division.c              0x00000000   Number         0  uldiv.o ABSOLUTE
    ../clib/microlib/division.c              0x00000000   Number         0  idiv.o ABSOLUTE
    ../clib/microlib/division.c              0x00000000   Number         0  uidiv.o ABSOLUTE
    ../clib/microlib/init/entry.s            0x00000000   Number         0  entry9a.o ABSOLUTE
    ../clib/microlib/init/entry.s            0x00000000   Number         0  entry8b.o ABSOLUTE
    ../clib/microlib/init/entry.s            0x00000000   Number         0  entry8a.o ABSOLUTE
    ../clib/microlib/init/entry.s            0x00000000   Number         0  entry7a.o ABSOLUTE
    ../clib/microlib/init/entry.s            0x00000000   Number         0  entry10b.o ABSOLUTE
    ../clib/microlib/init/entry.s            0x00000000   Number         0  entry2.o ABSOLUTE
    ../clib/microlib/init/entry.s            0x00000000   Number         0  entry.o ABSOLUTE
    ../clib/microlib/init/entry.s            0x00000000   Number         0  entry5.o ABSOLUTE
    ../clib/microlib/init/entry.s            0x00000000   Number         0  entry7b.o ABSOLUTE
    ../clib/microlib/init/entry.s            0x00000000   Number         0  entry10a.o ABSOLUTE
    ../clib/microlib/init/entry.s            0x00000000   Number         0  entry9b.o ABSOLUTE
    ../clib/microlib/init/entry.s            0x00000000   Number         0  entry11a.o ABSOLUTE
    ../clib/microlib/init/entry.s            0x00000000   Number         0  entry11b.o ABSOLUTE
    ../clib/microlib/longlong.c              0x00000000   Number         0  llushr.o ABSOLUTE
    ../clib/microlib/longlong.c              0x00000000   Number         0  llshl.o ABSOLUTE
    ../clib/microlib/longlong.c              0x00000000   Number         0  llsshr.o ABSOLUTE
    ../clib/microlib/string/memcpy.c         0x00000000   Number         0  memcpya.o ABSOLUTE
    ../clib/microlib/string/memcpy.c         0x00000000   Number         0  memcpyb.o ABSOLUTE
    ../clib/microlib/string/memset.c         0x00000000   Number         0  memseta.o ABSOLUTE
    ../clib/microlib/stubs.s                 0x00000000   Number         0  iusefp.o ABSOLUTE
    ../fplib/microlib/d2f.c                  0x00000000   Number         0  d2f.o ABSOLUTE
    ../fplib/microlib/f2d.c                  0x00000000   Number         0  f2d.o ABSOLUTE
    ../fplib/microlib/fpadd.c                0x00000000   Number         0  dadd.o ABSOLUTE
    ../fplib/microlib/fpadd.c                0x00000000   Number         0  fadd.o ABSOLUTE
    ../fplib/microlib/fpdiv.c                0x00000000   Number         0  ddiv.o ABSOLUTE
    ../fplib/microlib/fpdiv.c                0x00000000   Number         0  fdiv.o ABSOLUTE
    ../fplib/microlib/fpepilogue.c           0x00000000   Number         0  depilogue.o ABSOLUTE
    ../fplib/microlib/fpepilogue.c           0x00000000   Number         0  fepilogue.o ABSOLUTE
    ../fplib/microlib/fpfix.c                0x00000000   Number         0  ffixi.o ABSOLUTE
    ../fplib/microlib/fpfix.c                0x00000000   Number         0  ffixui.o ABSOLUTE
    ../fplib/microlib/fpfix.c                0x00000000   Number         0  dfixui.o ABSOLUTE
    ../fplib/microlib/fpfix.c                0x00000000   Number         0  dfixi.o ABSOLUTE
    ../fplib/microlib/fpflt.c                0x00000000   Number         0  ffltui.o ABSOLUTE
    ../fplib/microlib/fpflt.c                0x00000000   Number         0  fflti.o ABSOLUTE
    ../fplib/microlib/fpflt.c                0x00000000   Number         0  dfltui.o ABSOLUTE
    ../fplib/microlib/fpflt.c                0x00000000   Number         0  dflti.o ABSOLUTE
    ../fplib/microlib/fpmul.c                0x00000000   Number         0  dmul.o ABSOLUTE
    ../fplib/microlib/fpmul.c                0x00000000   Number         0  fmul.o ABSOLUTE
    ..\Drivers\STM32F0xx_HAL_Driver\Src\stm32f0xx_hal.c 0x00000000   Number         0  stm32f0xx_hal.o ABSOLUTE
    ..\Drivers\STM32F0xx_HAL_Driver\Src\stm32f0xx_hal_adc.c 0x00000000   Number         0  stm32f0xx_hal_adc.o ABSOLUTE
    ..\Drivers\STM32F0xx_HAL_Driver\Src\stm32f0xx_hal_adc_ex.c 0x00000000   Number         0  stm32f0xx_hal_adc_ex.o ABSOLUTE
    ..\Drivers\STM32F0xx_HAL_Driver\Src\stm32f0xx_hal_cortex.c 0x00000000   Number         0  stm32f0xx_hal_cortex.o ABSOLUTE
    ..\Drivers\STM32F0xx_HAL_Driver\Src\stm32f0xx_hal_dma.c 0x00000000   Number         0  stm32f0xx_hal_dma.o ABSOLUTE
    ..\Drivers\STM32F0xx_HAL_Driver\Src\stm32f0xx_hal_exti.c 0x00000000   Number         0  stm32f0xx_hal_exti.o ABSOLUTE
    ..\Drivers\STM32F0xx_HAL_Driver\Src\stm32f0xx_hal_flash.c 0x00000000   Number         0  stm32f0xx_hal_flash.o ABSOLUTE
    ..\Drivers\STM32F0xx_HAL_Driver\Src\stm32f0xx_hal_flash_ex.c 0x00000000   Number         0  stm32f0xx_hal_flash_ex.o ABSOLUTE
    ..\Drivers\STM32F0xx_HAL_Driver\Src\stm32f0xx_hal_gpio.c 0x00000000   Number         0  stm32f0xx_hal_gpio.o ABSOLUTE
    ..\Drivers\STM32F0xx_HAL_Driver\Src\stm32f0xx_hal_i2c.c 0x00000000   Number         0  stm32f0xx_hal_i2c.o ABSOLUTE
    ..\Drivers\STM32F0xx_HAL_Driver\Src\stm32f0xx_hal_i2c_ex.c 0x00000000   Number         0  stm32f0xx_hal_i2c_ex.o ABSOLUTE
    ..\Drivers\STM32F0xx_HAL_Driver\Src\stm32f0xx_hal_pwr.c 0x00000000   Number         0  stm32f0xx_hal_pwr.o ABSOLUTE
    ..\Drivers\STM32F0xx_HAL_Driver\Src\stm32f0xx_hal_pwr_ex.c 0x00000000   Number         0  stm32f0xx_hal_pwr_ex.o ABSOLUTE
    ..\Drivers\STM32F0xx_HAL_Driver\Src\stm32f0xx_hal_rcc.c 0x00000000   Number         0  stm32f0xx_hal_rcc.o ABSOLUTE
    ..\Drivers\STM32F0xx_HAL_Driver\Src\stm32f0xx_hal_rcc_ex.c 0x00000000   Number         0  stm32f0xx_hal_rcc_ex.o ABSOLUTE
    ..\Drivers\STM32F0xx_HAL_Driver\Src\stm32f0xx_hal_rtc.c 0x00000000   Number         0  stm32f0xx_hal_rtc.o ABSOLUTE
    ..\Drivers\STM32F0xx_HAL_Driver\Src\stm32f0xx_hal_rtc_ex.c 0x00000000   Number         0  stm32f0xx_hal_rtc_ex.o ABSOLUTE
    ..\Drivers\STM32F0xx_HAL_Driver\Src\stm32f0xx_hal_tim.c 0x00000000   Number         0  stm32f0xx_hal_tim.o ABSOLUTE
    ..\Drivers\STM32F0xx_HAL_Driver\Src\stm32f0xx_hal_tim_ex.c 0x00000000   Number         0  stm32f0xx_hal_tim_ex.o ABSOLUTE
    ..\Drivers\STM32F0xx_HAL_Driver\Src\stm32f0xx_hal_uart.c 0x00000000   Number         0  stm32f0xx_hal_uart.o ABSOLUTE
    ..\Drivers\STM32F0xx_HAL_Driver\Src\stm32f0xx_hal_uart_ex.c 0x00000000   Number         0  stm32f0xx_hal_uart_ex.o ABSOLUTE
    ..\MyDrivers\Display\fonts.c             0x00000000   Number         0  fonts.o ABSOLUTE
    ..\MyDrivers\Display\ssd1306.c           0x00000000   Number         0  ssd1306.o ABSOLUTE
    ..\MyDrivers\KalmanFilter\Kalman.c       0x00000000   Number         0  kalman.o ABSOLUTE
    ..\MyDrivers\MAX30102\max30100_for_stm32_hal.c 0x00000000   Number         0  max30100_for_stm32_hal.o ABSOLUTE
    ..\MyDrivers\MPU\MPU6050.c               0x00000000   Number         0  mpu6050.o ABSOLUTE
    ..\MyDrivers\System\system.c             0x00000000   Number         0  system.o ABSOLUTE
    ..\Src\adc.c                             0x00000000   Number         0  adc.o ABSOLUTE
    ..\Src\dma.c                             0x00000000   Number         0  dma.o ABSOLUTE
    ..\Src\gpio.c                            0x00000000   Number         0  gpio.o ABSOLUTE
    ..\Src\i2c.c                             0x00000000   Number         0  i2c.o ABSOLUTE
    ..\Src\main.c                            0x00000000   Number         0  main.o ABSOLUTE
    ..\Src\rtc.c                             0x00000000   Number         0  rtc.o ABSOLUTE
    ..\Src\stm32f0xx_hal_msp.c               0x00000000   Number         0  stm32f0xx_hal_msp.o ABSOLUTE
    ..\Src\stm32f0xx_it.c                    0x00000000   Number         0  stm32f0xx_it.o ABSOLUTE
    ..\Src\system_stm32f0xx.c                0x00000000   Number         0  system_stm32f0xx.o ABSOLUTE
    ..\Src\tim.c                             0x00000000   Number         0  tim.o ABSOLUTE
    ..\Src\usart.c                           0x00000000   Number         0  usart.o ABSOLUTE
    ..\\MyDrivers\\Display\\fonts.c          0x00000000   Number         0  fonts.o ABSOLUTE
    ..\\MyDrivers\\Display\\ssd1306.c        0x00000000   Number         0  ssd1306.o ABSOLUTE
    ..\\MyDrivers\\KalmanFilter\\Kalman.c    0x00000000   Number         0  kalman.o ABSOLUTE
    ..\\MyDrivers\\MAX30102\\max30100_for_stm32_hal.c 0x00000000   Number         0  max30100_for_stm32_hal.o ABSOLUTE
    ..\\MyDrivers\\MPU\\MPU6050.c            0x00000000   Number         0  mpu6050.o ABSOLUTE
    ..\\MyDrivers\\System\\system.c          0x00000000   Number         0  system.o ABSOLUTE
    dc.s                                     0x00000000   Number         0  dc.o ABSOLUTE
    handlers.s                               0x00000000   Number         0  handlers.o ABSOLUTE
    init.s                                   0x00000000   Number         0  init.o ABSOLUTE
    startup_stm32f030x8.s                    0x00000000   Number         0  startup_stm32f030x8.o ABSOLUTE
    RESET                                    0x08000000   Section      180  startup_stm32f030x8.o(RESET)
    .ARM.Collect$$$$00000000                 0x080000b4   Section        0  entry.o(.ARM.Collect$$$$00000000)
    .ARM.Collect$$$$00000001                 0x080000b4   Section        4  entry2.o(.ARM.Collect$$$$00000001)
    .ARM.Collect$$$$00000004                 0x080000b8   Section        4  entry5.o(.ARM.Collect$$$$00000004)
    .ARM.Collect$$$$00000008                 0x080000bc   Section        0  entry7b.o(.ARM.Collect$$$$00000008)
    .ARM.Collect$$$$0000000A                 0x080000bc   Section        0  entry8b.o(.ARM.Collect$$$$0000000A)
    .ARM.Collect$$$$0000000B                 0x080000bc   Section        8  entry9a.o(.ARM.Collect$$$$0000000B)
    .ARM.Collect$$$$0000000D                 0x080000c4   Section        0  entry10a.o(.ARM.Collect$$$$0000000D)
    .ARM.Collect$$$$0000000F                 0x080000c4   Section        0  entry11a.o(.ARM.Collect$$$$0000000F)
    .ARM.Collect$$$$00002712                 0x080000c4   Section        4  entry2.o(.ARM.Collect$$$$00002712)
    __lit__00000000                          0x080000c4   Data           4  entry2.o(.ARM.Collect$$$$00002712)
    .text                                    0x080000c8   Section       28  startup_stm32f030x8.o(.text)
    .text                                    0x080000e4   Section        0  uidiv.o(.text)
    .text                                    0x08000110   Section        0  idiv.o(.text)
    .text                                    0x08000138   Section        0  uldiv.o(.text)
    .text                                    0x08000198   Section        0  llushr.o(.text)
    .text                                    0x080001ba   Section        0  memseta.o(.text)
    .text                                    0x080001de   Section        0  fadd.o(.text)
    .text                                    0x08000290   Section        0  fmul.o(.text)
    .text                                    0x0800030a   Section        0  fdiv.o(.text)
    .text                                    0x08000388   Section        0  dmul.o(.text)
    .text                                    0x08000458   Section        0  ddiv.o(.text)
    .text                                    0x08000548   Section        0  fflti.o(.text)
    .text                                    0x0800055e   Section        0  ffltui.o(.text)
    .text                                    0x0800056c   Section        0  dflti.o(.text)
    .text                                    0x08000594   Section        0  dfltui.o(.text)
    .text                                    0x080005b0   Section        0  ffixi.o(.text)
    .text                                    0x080005e4   Section        0  dfixi.o(.text)
    .text                                    0x0800062c   Section        0  d2f.o(.text)
    .text                                    0x08000664   Section        0  llshl.o(.text)
    .text                                    0x08000684   Section        0  iusefp.o(.text)
    .text                                    0x08000684   Section        0  fepilogue.o(.text)
    .text                                    0x08000706   Section        0  depilogue.o(.text)
    .text                                    0x080007c4   Section       36  init.o(.text)
    i.ADC1_IRQHandler                        0x080007e8   Section        0  stm32f0xx_it.o(i.ADC1_IRQHandler)
    i.DEBUG                                  0x080007f8   Section        0  main.o(i.DEBUG)
    i.DMA1_Channel1_IRQHandler               0x080007fc   Section        0  stm32f0xx_it.o(i.DMA1_Channel1_IRQHandler)
    i.DMA1_Channel4_5_IRQHandler             0x0800080c   Section        0  stm32f0xx_it.o(i.DMA1_Channel4_5_IRQHandler)
    i.DMA_CalcBaseAndBitshift                0x0800081c   Section        0  stm32f0xx_hal_dma.o(i.DMA_CalcBaseAndBitshift)
    DMA_CalcBaseAndBitshift                  0x0800081d   Thumb Code    26  stm32f0xx_hal_dma.o(i.DMA_CalcBaseAndBitshift)
    i.EXTI2_3_IRQHandler                     0x08000840   Section        0  stm32f0xx_it.o(i.EXTI2_3_IRQHandler)
    i.EXTI4_15_IRQHandler                    0x0800084a   Section        0  stm32f0xx_it.o(i.EXTI4_15_IRQHandler)
    i.Error_Handler                          0x08000878   Section        0  main.o(i.Error_Handler)
    i.HAL_ADC_ConfigChannel                  0x0800087c   Section        0  stm32f0xx_hal_adc.o(i.HAL_ADC_ConfigChannel)
    i.HAL_ADC_ConvCpltCallback               0x0800098c   Section        0  main.o(i.HAL_ADC_ConvCpltCallback)
    i.HAL_ADC_ErrorCallback                  0x080009c8   Section        0  stm32f0xx_hal_adc.o(i.HAL_ADC_ErrorCallback)
    i.HAL_ADC_IRQHandler                     0x080009ca   Section        0  stm32f0xx_hal_adc.o(i.HAL_ADC_IRQHandler)
    i.HAL_ADC_Init                           0x08000a9c   Section        0  stm32f0xx_hal_adc.o(i.HAL_ADC_Init)
    i.HAL_ADC_LevelOutOfWindowCallback       0x08000c14   Section        0  stm32f0xx_hal_adc.o(i.HAL_ADC_LevelOutOfWindowCallback)
    i.HAL_ADC_MspInit                        0x08000c18   Section        0  adc.o(i.HAL_ADC_MspInit)
    i.HAL_DMA_IRQHandler                     0x08000cb4   Section        0  stm32f0xx_hal_dma.o(i.HAL_DMA_IRQHandler)
    i.HAL_DMA_Init                           0x08000d50   Section        0  stm32f0xx_hal_dma.o(i.HAL_DMA_Init)
    i.HAL_Delay                              0x08000da4   Section        0  stm32f0xx_hal.o(i.HAL_Delay)
    i.HAL_GPIO_EXTI_Callback                 0x08000dc8   Section        0  main.o(i.HAL_GPIO_EXTI_Callback)
    i.HAL_GPIO_EXTI_IRQHandler               0x08000e6c   Section        0  stm32f0xx_hal_gpio.o(i.HAL_GPIO_EXTI_IRQHandler)
    i.HAL_GPIO_Init                          0x08000e84   Section        0  stm32f0xx_hal_gpio.o(i.HAL_GPIO_Init)
    i.HAL_GPIO_WritePin                      0x08001028   Section        0  stm32f0xx_hal_gpio.o(i.HAL_GPIO_WritePin)
    i.HAL_GetTick                            0x08001034   Section        0  stm32f0xx_hal.o(i.HAL_GetTick)
    i.HAL_I2CEx_ConfigAnalogFilter           0x08001040   Section        0  stm32f0xx_hal_i2c_ex.o(i.HAL_I2CEx_ConfigAnalogFilter)
    i.HAL_I2CEx_ConfigDigitalFilter          0x0800108a   Section        0  stm32f0xx_hal_i2c_ex.o(i.HAL_I2CEx_ConfigDigitalFilter)
    i.HAL_I2C_Init                           0x080010d4   Section        0  stm32f0xx_hal_i2c.o(i.HAL_I2C_Init)
    i.HAL_I2C_Master_Receive                 0x08001188   Section        0  stm32f0xx_hal_i2c.o(i.HAL_I2C_Master_Receive)
    i.HAL_I2C_Master_Transmit                0x08001298   Section        0  stm32f0xx_hal_i2c.o(i.HAL_I2C_Master_Transmit)
    i.HAL_I2C_Mem_Read                       0x080013a8   Section        0  stm32f0xx_hal_i2c.o(i.HAL_I2C_Mem_Read)
    i.HAL_I2C_MspInit                        0x080014fc   Section        0  i2c.o(i.HAL_I2C_MspInit)
    i.HAL_IncTick                            0x08001560   Section        0  stm32f0xx_hal.o(i.HAL_IncTick)
    i.HAL_Init                               0x08001570   Section        0  stm32f0xx_hal.o(i.HAL_Init)
    i.HAL_InitTick                           0x08001590   Section        0  stm32f0xx_hal.o(i.HAL_InitTick)
    i.HAL_MspInit                            0x080015d4   Section        0  stm32f0xx_hal_msp.o(i.HAL_MspInit)
    i.HAL_NVIC_EnableIRQ                     0x080015fc   Section        0  stm32f0xx_hal_cortex.o(i.HAL_NVIC_EnableIRQ)
    i.HAL_NVIC_SetPriority                   0x08001614   Section        0  stm32f0xx_hal_cortex.o(i.HAL_NVIC_SetPriority)
    i.HAL_PWR_EnableBkUpAccess               0x0800161c   Section        0  stm32f0xx_hal_pwr.o(i.HAL_PWR_EnableBkUpAccess)
    i.HAL_RCCEx_PeriphCLKConfig              0x0800162c   Section        0  stm32f0xx_hal_rcc_ex.o(i.HAL_RCCEx_PeriphCLKConfig)
    i.HAL_RCC_ClockConfig                    0x08001714   Section        0  stm32f0xx_hal_rcc.o(i.HAL_RCC_ClockConfig)
    i.HAL_RCC_GetPCLK1Freq                   0x0800181c   Section        0  stm32f0xx_hal_rcc.o(i.HAL_RCC_GetPCLK1Freq)
    i.HAL_RCC_GetSysClockFreq                0x0800183c   Section        0  stm32f0xx_hal_rcc.o(i.HAL_RCC_GetSysClockFreq)
    i.HAL_RCC_OscConfig                      0x080018bc   Section        0  stm32f0xx_hal_rcc.o(i.HAL_RCC_OscConfig)
    i.HAL_RTC_AlarmAEventCallback            0x08001c44   Section        0  main.o(i.HAL_RTC_AlarmAEventCallback)
    i.HAL_RTC_AlarmIRQHandler                0x08001c54   Section        0  stm32f0xx_hal_rtc.o(i.HAL_RTC_AlarmIRQHandler)
    i.HAL_RTC_Init                           0x08001c8c   Section        0  stm32f0xx_hal_rtc.o(i.HAL_RTC_Init)
    i.HAL_RTC_MspInit                        0x08001d40   Section        0  rtc.o(i.HAL_RTC_MspInit)
    i.HAL_RTC_SetAlarm_IT                    0x08001d70   Section        0  stm32f0xx_hal_rtc.o(i.HAL_RTC_SetAlarm_IT)
    i.HAL_RTC_SetDate                        0x08001e94   Section        0  stm32f0xx_hal_rtc.o(i.HAL_RTC_SetDate)
    i.HAL_RTC_SetTime                        0x08001f50   Section        0  stm32f0xx_hal_rtc.o(i.HAL_RTC_SetTime)
    i.HAL_RTC_WaitForSynchro                 0x0800202c   Section        0  stm32f0xx_hal_rtc.o(i.HAL_RTC_WaitForSynchro)
    i.HAL_SYSTICK_Config                     0x08002060   Section        0  stm32f0xx_hal_cortex.o(i.HAL_SYSTICK_Config)
    i.HAL_TIMEx_BreakCallback                0x08002090   Section        0  stm32f0xx_hal_tim_ex.o(i.HAL_TIMEx_BreakCallback)
    i.HAL_TIMEx_CommutCallback               0x08002092   Section        0  stm32f0xx_hal_tim_ex.o(i.HAL_TIMEx_CommutCallback)
    i.HAL_TIMEx_ConfigBreakDeadTime          0x08002094   Section        0  stm32f0xx_hal_tim_ex.o(i.HAL_TIMEx_ConfigBreakDeadTime)
    i.HAL_TIMEx_MasterConfigSynchronization  0x080020f4   Section        0  stm32f0xx_hal_tim_ex.o(i.HAL_TIMEx_MasterConfigSynchronization)
    i.HAL_TIM_Base_Init                      0x08002150   Section        0  stm32f0xx_hal_tim.o(i.HAL_TIM_Base_Init)
    i.HAL_TIM_Base_MspInit                   0x08002198   Section        0  tim.o(i.HAL_TIM_Base_MspInit)
    i.HAL_TIM_ConfigClockSource              0x08002234   Section        0  stm32f0xx_hal_tim.o(i.HAL_TIM_ConfigClockSource)
    i.HAL_TIM_IC_CaptureCallback             0x08002310   Section        0  stm32f0xx_hal_tim.o(i.HAL_TIM_IC_CaptureCallback)
    i.HAL_TIM_IRQHandler                     0x08002312   Section        0  stm32f0xx_hal_tim.o(i.HAL_TIM_IRQHandler)
    i.HAL_TIM_MspPostInit                    0x08002474   Section        0  tim.o(i.HAL_TIM_MspPostInit)
    i.HAL_TIM_OC_DelayElapsedCallback        0x080024ec   Section        0  stm32f0xx_hal_tim.o(i.HAL_TIM_OC_DelayElapsedCallback)
    i.HAL_TIM_PWM_ConfigChannel              0x080024ee   Section        0  stm32f0xx_hal_tim.o(i.HAL_TIM_PWM_ConfigChannel)
    i.HAL_TIM_PWM_Init                       0x080025be   Section        0  stm32f0xx_hal_tim.o(i.HAL_TIM_PWM_Init)
    i.HAL_TIM_PWM_MspInit                    0x08002606   Section        0  stm32f0xx_hal_tim.o(i.HAL_TIM_PWM_MspInit)
    i.HAL_TIM_PWM_PulseFinishedCallback      0x08002608   Section        0  stm32f0xx_hal_tim.o(i.HAL_TIM_PWM_PulseFinishedCallback)
    i.HAL_TIM_PWM_Start                      0x0800260c   Section        0  stm32f0xx_hal_tim.o(i.HAL_TIM_PWM_Start)
    i.HAL_TIM_PWM_Stop                       0x080026b4   Section        0  stm32f0xx_hal_tim.o(i.HAL_TIM_PWM_Stop)
    i.HAL_TIM_PeriodElapsedCallback          0x08002748   Section        0  main.o(i.HAL_TIM_PeriodElapsedCallback)
    i.HAL_TIM_TriggerCallback                0x08002824   Section        0  stm32f0xx_hal_tim.o(i.HAL_TIM_TriggerCallback)
    i.HAL_UART_Init                          0x08002826   Section        0  stm32f0xx_hal_uart.o(i.HAL_UART_Init)
    i.HAL_UART_MspInit                       0x08002890   Section        0  usart.o(i.HAL_UART_MspInit)
    i.HardFault_Handler                      0x0800295c   Section        0  stm32f0xx_it.o(i.HardFault_Handler)
    i.I2C_Flush_TXDR                         0x0800295e   Section        0  stm32f0xx_hal_i2c.o(i.I2C_Flush_TXDR)
    I2C_Flush_TXDR                           0x0800295f   Thumb Code    34  stm32f0xx_hal_i2c.o(i.I2C_Flush_TXDR)
    i.I2C_IsAcknowledgeFailed                0x08002980   Section        0  stm32f0xx_hal_i2c.o(i.I2C_IsAcknowledgeFailed)
    I2C_IsAcknowledgeFailed                  0x08002981   Thumb Code   130  stm32f0xx_hal_i2c.o(i.I2C_IsAcknowledgeFailed)
    i.I2C_Read                               0x08002a08   Section        0  mpu6050.o(i.I2C_Read)
    i.I2C_RequestMemoryRead                  0x08002a3c   Section        0  stm32f0xx_hal_i2c.o(i.I2C_RequestMemoryRead)
    I2C_RequestMemoryRead                    0x08002a3d   Thumb Code    92  stm32f0xx_hal_i2c.o(i.I2C_RequestMemoryRead)
    i.I2C_TransferConfig                     0x08002a9c   Section        0  stm32f0xx_hal_i2c.o(i.I2C_TransferConfig)
    I2C_TransferConfig                       0x08002a9d   Thumb Code    34  stm32f0xx_hal_i2c.o(i.I2C_TransferConfig)
    i.I2C_WaitOnFlagUntilTimeout             0x08002ac4   Section        0  stm32f0xx_hal_i2c.o(i.I2C_WaitOnFlagUntilTimeout)
    I2C_WaitOnFlagUntilTimeout               0x08002ac5   Thumb Code    78  stm32f0xx_hal_i2c.o(i.I2C_WaitOnFlagUntilTimeout)
    i.I2C_WaitOnRXNEFlagUntilTimeout         0x08002b14   Section        0  stm32f0xx_hal_i2c.o(i.I2C_WaitOnRXNEFlagUntilTimeout)
    I2C_WaitOnRXNEFlagUntilTimeout           0x08002b15   Thumb Code   122  stm32f0xx_hal_i2c.o(i.I2C_WaitOnRXNEFlagUntilTimeout)
    i.I2C_WaitOnSTOPFlagUntilTimeout         0x08002b94   Section        0  stm32f0xx_hal_i2c.o(i.I2C_WaitOnSTOPFlagUntilTimeout)
    I2C_WaitOnSTOPFlagUntilTimeout           0x08002b95   Thumb Code    76  stm32f0xx_hal_i2c.o(i.I2C_WaitOnSTOPFlagUntilTimeout)
    i.I2C_WaitOnTXISFlagUntilTimeout         0x08002be0   Section        0  stm32f0xx_hal_i2c.o(i.I2C_WaitOnTXISFlagUntilTimeout)
    I2C_WaitOnTXISFlagUntilTimeout           0x08002be1   Thumb Code    80  stm32f0xx_hal_i2c.o(i.I2C_WaitOnTXISFlagUntilTimeout)
    i.MPU6050_Get_RawData                    0x08002c30   Section        0  mpu6050.o(i.MPU6050_Get_RawData)
    i.MX_ADC_Init                            0x08002ca4   Section        0  adc.o(i.MX_ADC_Init)
    i.MX_DMA_Init                            0x08002d10   Section        0  dma.o(i.MX_DMA_Init)
    i.MX_GPIO_Init                           0x08002d48   Section        0  gpio.o(i.MX_GPIO_Init)
    i.MX_I2C1_Init                           0x08002e38   Section        0  i2c.o(i.MX_I2C1_Init)
    i.MX_RTC_Init                            0x08002e90   Section        0  rtc.o(i.MX_RTC_Init)
    i.MX_TIM14_Init                          0x08002f50   Section        0  tim.o(i.MX_TIM14_Init)
    i.MX_TIM15_Init                          0x08002f84   Section        0  tim.o(i.MX_TIM15_Init)
    i.MX_TIM1_Init                           0x08002ff4   Section        0  tim.o(i.MX_TIM1_Init)
    i.MX_TIM3_Init                           0x080030cc   Section        0  tim.o(i.MX_TIM3_Init)
    i.MX_TIM6_Init                           0x08003174   Section        0  tim.o(i.MX_TIM6_Init)
    i.MX_USART1_UART_Init                    0x080031a4   Section        0  usart.o(i.MX_USART1_UART_Init)
    i.MX_USART2_UART_Init                    0x080031dc   Section        0  usart.o(i.MX_USART2_UART_Init)
    i.NMI_Handler                            0x0800321c   Section        0  stm32f0xx_it.o(i.NMI_Handler)
    i.PendSV_Handler                         0x0800321e   Section        0  stm32f0xx_it.o(i.PendSV_Handler)
    i.RTC_ByteToBcd2                         0x08003220   Section        0  stm32f0xx_hal_rtc.o(i.RTC_ByteToBcd2)
    i.RTC_EnterInitMode                      0x08003236   Section        0  stm32f0xx_hal_rtc.o(i.RTC_EnterInitMode)
    i.RTC_IRQHandler                         0x08003270   Section        0  stm32f0xx_it.o(i.RTC_IRQHandler)
    i.SVC_Handler                            0x08003280   Section        0  stm32f0xx_it.o(i.SVC_Handler)
    i.SysTick_Handler                        0x08003282   Section        0  stm32f0xx_it.o(i.SysTick_Handler)
    i.SystemClock_Config                     0x0800328c   Section        0  main.o(i.SystemClock_Config)
    i.SystemInit                             0x0800330c   Section        0  system_stm32f0xx.o(i.SystemInit)
    i.TIM14_IRQHandler                       0x08003310   Section        0  stm32f0xx_it.o(i.TIM14_IRQHandler)
    i.TIM6_IRQHandler                        0x08003320   Section        0  stm32f0xx_it.o(i.TIM6_IRQHandler)
    i.TIM_Base_SetConfig                     0x08003330   Section        0  stm32f0xx_hal_tim.o(i.TIM_Base_SetConfig)
    i.TIM_CCxChannelCmd                      0x080033b8   Section        0  stm32f0xx_hal_tim.o(i.TIM_CCxChannelCmd)
    i.TIM_ETR_SetConfig                      0x080033d2   Section        0  stm32f0xx_hal_tim.o(i.TIM_ETR_SetConfig)
    i.TIM_ITRx_SetConfig                     0x080033e8   Section        0  stm32f0xx_hal_tim.o(i.TIM_ITRx_SetConfig)
    TIM_ITRx_SetConfig                       0x080033e9   Thumb Code    16  stm32f0xx_hal_tim.o(i.TIM_ITRx_SetConfig)
    i.TIM_OC1_SetConfig                      0x080033f8   Section        0  stm32f0xx_hal_tim.o(i.TIM_OC1_SetConfig)
    TIM_OC1_SetConfig                        0x080033f9   Thumb Code   120  stm32f0xx_hal_tim.o(i.TIM_OC1_SetConfig)
    i.TIM_OC2_SetConfig                      0x08003480   Section        0  stm32f0xx_hal_tim.o(i.TIM_OC2_SetConfig)
    i.TIM_OC3_SetConfig                      0x08003500   Section        0  stm32f0xx_hal_tim.o(i.TIM_OC3_SetConfig)
    TIM_OC3_SetConfig                        0x08003501   Thumb Code   114  stm32f0xx_hal_tim.o(i.TIM_OC3_SetConfig)
    i.TIM_OC4_SetConfig                      0x08003584   Section        0  stm32f0xx_hal_tim.o(i.TIM_OC4_SetConfig)
    TIM_OC4_SetConfig                        0x08003585   Thumb Code    90  stm32f0xx_hal_tim.o(i.TIM_OC4_SetConfig)
    i.TIM_TI1_ConfigInputStage               0x080035f0   Section        0  stm32f0xx_hal_tim.o(i.TIM_TI1_ConfigInputStage)
    TIM_TI1_ConfigInputStage                 0x080035f1   Thumb Code    34  stm32f0xx_hal_tim.o(i.TIM_TI1_ConfigInputStage)
    i.TIM_TI2_ConfigInputStage               0x08003612   Section        0  stm32f0xx_hal_tim.o(i.TIM_TI2_ConfigInputStage)
    TIM_TI2_ConfigInputStage                 0x08003613   Thumb Code    38  stm32f0xx_hal_tim.o(i.TIM_TI2_ConfigInputStage)
    i.UART_AdvFeatureConfig                  0x08003638   Section        0  stm32f0xx_hal_uart.o(i.UART_AdvFeatureConfig)
    i.UART_CheckIdleState                    0x08003704   Section        0  stm32f0xx_hal_uart.o(i.UART_CheckIdleState)
    i.UART_SetConfig                         0x08003768   Section        0  stm32f0xx_hal_uart.o(i.UART_SetConfig)
    i.UART_WaitOnFlagUntilTimeout            0x0800389c   Section        0  stm32f0xx_hal_uart.o(i.UART_WaitOnFlagUntilTimeout)
    i.__ARM_clz                              0x08003970   Section        0  depilogue.o(i.__ARM_clz)
    i.__ARM_common_ll_muluu                  0x0800399e   Section        0  stm32f0xx_hal_rcc.o(i.__ARM_common_ll_muluu)
    i.__NVIC_SetPriority                     0x080039d0   Section        0  stm32f0xx_hal_cortex.o(i.__NVIC_SetPriority)
    __NVIC_SetPriority                       0x080039d1   Thumb Code    60  stm32f0xx_hal_cortex.o(i.__NVIC_SetPriority)
    i.__scatterload_copy                     0x08003a14   Section       14  handlers.o(i.__scatterload_copy)
    i.__scatterload_null                     0x08003a22   Section        2  handlers.o(i.__scatterload_null)
    i.__scatterload_zeroinit                 0x08003a24   Section       14  handlers.o(i.__scatterload_zeroinit)
    i.getPedFlag                             0x08003a32   Section        0  system.o(i.getPedFlag)
    i.getScreenEable                         0x08003a3c   Section        0  system.o(i.getScreenEable)
    i.getScreenFlag                          0x08003a46   Section        0  system.o(i.getScreenFlag)
    i.kalman_2d1r_update                     0x08003a50   Section        0  kalman.o(i.kalman_2d1r_update)
    i.kalman_scaler_update                   0x08003b34   Section        0  kalman.o(i.kalman_scaler_update)
    i.main                                   0x08003b98   Section        0  main.o(i.main)
    i.max30102_getFIFO                       0x08003bf0   Section        0  max30100_for_stm32_hal.o(i.max30102_getFIFO)
    i.max30102_getUnreadSampleCount          0x08003c64   Section        0  max30100_for_stm32_hal.o(i.max30102_getUnreadSampleCount)
    i.setPedFlag                             0x08003cb4   Section        0  system.o(i.setPedFlag)
    i.setScreenEable                         0x08003cc4   Section        0  system.o(i.setScreenEable)
    i.setScreenFlag                          0x08003cd4   Section        0  system.o(i.setScreenFlag)
    i.set_tone                               0x08003ce4   Section        0  main.o(i.set_tone)
    .constdata                               0x08003d44   Section       16  system_stm32f0xx.o(.constdata)
    .constdata                               0x08003d54   Section        8  system_stm32f0xx.o(.constdata)
    .data                                    0x20000000   Section       38  main.o(.data)
    .data                                    0x20000028   Section        4  system_stm32f0xx.o(.data)
    .data                                    0x2000002c   Section        4  mpu6050.o(.data)
    i2cHandler                               0x2000002c   Data           4  mpu6050.o(.data)
    .data                                    0x20000030   Section       12  stm32f0xx_hal.o(.data)
    .bss                                     0x2000003c   Section      984  main.o(.bss)
    .bss                                     0x20000414   Section      132  adc.o(.bss)
    .bss                                     0x20000498   Section       76  i2c.o(.bss)
    .bss                                     0x200004e4   Section       32  rtc.o(.bss)
    .bss                                     0x20000504   Section      360  tim.o(.bss)
    .bss                                     0x2000066c   Section      332  usart.o(.bss)
    STACK                                    0x200007b8   Section     1792  startup_stm32f030x8.o(STACK)

    Global Symbols

    Symbol Name                              Value     Ov Type        Size  Object(Section)

    BuildAttributes$$THM_ISAv3M$S$PE$A:L22$X:L11$S22$IEEE1$IW$USESV6$~STKCKD$USESV7$~SHL$OTIME$ROPI$EBA8$MICROLIB$REQ8$PRES8$EABIv2 0x00000000   Number         0  anon$$obj.o ABSOLUTE
    __ARM_use_no_argv                        0x00000000   Number         0  main.o ABSOLUTE
    __cpp_initialize__aeabi_                  - Undefined Weak Reference
    __cxa_finalize                            - Undefined Weak Reference
    __decompress                              - Undefined Weak Reference
    _clock_init                               - Undefined Weak Reference
    _microlib_exit                            - Undefined Weak Reference
    __Vectors_Size                           0x000000b4   Number         0  startup_stm32f030x8.o ABSOLUTE
    __Vectors                                0x08000000   Data           4  startup_stm32f030x8.o(RESET)
    __Vectors_End                            0x080000b4   Data           0  startup_stm32f030x8.o(RESET)
    __main                                   0x080000b5   Thumb Code     0  entry.o(.ARM.Collect$$$$00000000)
    _main_stk                                0x080000b5   Thumb Code     0  entry2.o(.ARM.Collect$$$$00000001)
    _main_scatterload                        0x080000b9   Thumb Code     0  entry5.o(.ARM.Collect$$$$00000004)
    __main_after_scatterload                 0x080000bd   Thumb Code     0  entry5.o(.ARM.Collect$$$$00000004)
    _main_clock                              0x080000bd   Thumb Code     0  entry7b.o(.ARM.Collect$$$$00000008)
    _main_cpp_init                           0x080000bd   Thumb Code     0  entry8b.o(.ARM.Collect$$$$0000000A)
    _main_init                               0x080000bd   Thumb Code     0  entry9a.o(.ARM.Collect$$$$0000000B)
    __rt_final_cpp                           0x080000c5   Thumb Code     0  entry10a.o(.ARM.Collect$$$$0000000D)
    __rt_final_exit                          0x080000c5   Thumb Code     0  entry11a.o(.ARM.Collect$$$$0000000F)
    Reset_Handler                            0x080000c9   Thumb Code     8  startup_stm32f030x8.o(.text)
    DMA1_Channel2_3_IRQHandler               0x080000db   Thumb Code     0  startup_stm32f030x8.o(.text)
    EXTI0_1_IRQHandler                       0x080000db   Thumb Code     0  startup_stm32f030x8.o(.text)
    FLASH_IRQHandler                         0x080000db   Thumb Code     0  startup_stm32f030x8.o(.text)
    I2C1_IRQHandler                          0x080000db   Thumb Code     0  startup_stm32f030x8.o(.text)
    I2C2_IRQHandler                          0x080000db   Thumb Code     0  startup_stm32f030x8.o(.text)
    RCC_IRQHandler                           0x080000db   Thumb Code     0  startup_stm32f030x8.o(.text)
    SPI1_IRQHandler                          0x080000db   Thumb Code     0  startup_stm32f030x8.o(.text)
    SPI2_IRQHandler                          0x080000db   Thumb Code     0  startup_stm32f030x8.o(.text)
    TIM15_IRQHandler                         0x080000db   Thumb Code     0  startup_stm32f030x8.o(.text)
    TIM16_IRQHandler                         0x080000db   Thumb Code     0  startup_stm32f030x8.o(.text)
    TIM17_IRQHandler                         0x080000db   Thumb Code     0  startup_stm32f030x8.o(.text)
    TIM1_BRK_UP_TRG_COM_IRQHandler           0x080000db   Thumb Code     0  startup_stm32f030x8.o(.text)
    TIM1_CC_IRQHandler                       0x080000db   Thumb Code     0  startup_stm32f030x8.o(.text)
    TIM3_IRQHandler                          0x080000db   Thumb Code     0  startup_stm32f030x8.o(.text)
    USART1_IRQHandler                        0x080000db   Thumb Code     0  startup_stm32f030x8.o(.text)
    USART2_IRQHandler                        0x080000db   Thumb Code     0  startup_stm32f030x8.o(.text)
    WWDG_IRQHandler                          0x080000db   Thumb Code     0  startup_stm32f030x8.o(.text)
    __aeabi_uidiv                            0x080000e5   Thumb Code     0  uidiv.o(.text)
    __aeabi_uidivmod                         0x080000e5   Thumb Code    44  uidiv.o(.text)
    __aeabi_idiv                             0x08000111   Thumb Code     0  idiv.o(.text)
    __aeabi_idivmod                          0x08000111   Thumb Code    40  idiv.o(.text)
    __aeabi_uldivmod                         0x08000139   Thumb Code    96  uldiv.o(.text)
    __aeabi_llsr                             0x08000199   Thumb Code    34  llushr.o(.text)
    _ll_ushift_r                             0x08000199   Thumb Code     0  llushr.o(.text)
    __aeabi_memset                           0x080001bb   Thumb Code    14  memseta.o(.text)
    __aeabi_memset4                          0x080001bb   Thumb Code     0  memseta.o(.text)
    __aeabi_memset8                          0x080001bb   Thumb Code     0  memseta.o(.text)
    __aeabi_memclr                           0x080001c9   Thumb Code     4  memseta.o(.text)
    __aeabi_memclr4                          0x080001c9   Thumb Code     0  memseta.o(.text)
    __aeabi_memclr8                          0x080001c9   Thumb Code     0  memseta.o(.text)
    _memset$wrapper                          0x080001cd   Thumb Code    18  memseta.o(.text)
    __aeabi_fadd                             0x080001df   Thumb Code   162  fadd.o(.text)
    __aeabi_fsub                             0x08000281   Thumb Code     8  fadd.o(.text)
    __aeabi_frsub                            0x08000289   Thumb Code     8  fadd.o(.text)
    __aeabi_fmul                             0x08000291   Thumb Code   122  fmul.o(.text)
    __aeabi_fdiv                             0x0800030b   Thumb Code   124  fdiv.o(.text)
    __aeabi_dmul                             0x08000389   Thumb Code   202  dmul.o(.text)
    __aeabi_ddiv                             0x08000459   Thumb Code   234  ddiv.o(.text)
    __aeabi_i2f                              0x08000549   Thumb Code    22  fflti.o(.text)
    __aeabi_ui2f                             0x0800055f   Thumb Code    14  ffltui.o(.text)
    __aeabi_i2d                              0x0800056d   Thumb Code    34  dflti.o(.text)
    __aeabi_ui2d                             0x08000595   Thumb Code    24  dfltui.o(.text)
    __aeabi_f2iz                             0x080005b1   Thumb Code    50  ffixi.o(.text)
    __aeabi_d2iz                             0x080005e5   Thumb Code    62  dfixi.o(.text)
    __aeabi_d2f                              0x0800062d   Thumb Code    56  d2f.o(.text)
    __aeabi_llsl                             0x08000665   Thumb Code    32  llshl.o(.text)
    _ll_shift_l                              0x08000665   Thumb Code     0  llshl.o(.text)
    __I$use$fp                               0x08000685   Thumb Code     0  iusefp.o(.text)
    _float_round                             0x08000685   Thumb Code    16  fepilogue.o(.text)
    _float_epilogue                          0x08000695   Thumb Code   114  fepilogue.o(.text)
    _double_round                            0x08000707   Thumb Code    26  depilogue.o(.text)
    _double_epilogue                         0x08000721   Thumb Code   164  depilogue.o(.text)
    __scatterload                            0x080007c5   Thumb Code    28  init.o(.text)
    __scatterload_rt2                        0x080007c5   Thumb Code     0  init.o(.text)
    ADC1_IRQHandler                          0x080007e9   Thumb Code    10  stm32f0xx_it.o(i.ADC1_IRQHandler)
    DEBUG                                    0x080007f9   Thumb Code     2  main.o(i.DEBUG)
    DMA1_Channel1_IRQHandler                 0x080007fd   Thumb Code    10  stm32f0xx_it.o(i.DMA1_Channel1_IRQHandler)
    DMA1_Channel4_5_IRQHandler               0x0800080d   Thumb Code    10  stm32f0xx_it.o(i.DMA1_Channel4_5_IRQHandler)
    EXTI2_3_IRQHandler                       0x08000841   Thumb Code    10  stm32f0xx_it.o(i.EXTI2_3_IRQHandler)
    EXTI4_15_IRQHandler                      0x0800084b   Thumb Code    46  stm32f0xx_it.o(i.EXTI4_15_IRQHandler)
    Error_Handler                            0x08000879   Thumb Code     2  main.o(i.Error_Handler)
    HAL_ADC_ConfigChannel                    0x0800087d   Thumb Code   254  stm32f0xx_hal_adc.o(i.HAL_ADC_ConfigChannel)
    HAL_ADC_ConvCpltCallback                 0x0800098d   Thumb Code    46  main.o(i.HAL_ADC_ConvCpltCallback)
    HAL_ADC_ErrorCallback                    0x080009c9   Thumb Code     2  stm32f0xx_hal_adc.o(i.HAL_ADC_ErrorCallback)
    HAL_ADC_IRQHandler                       0x080009cb   Thumb Code   208  stm32f0xx_hal_adc.o(i.HAL_ADC_IRQHandler)
    HAL_ADC_Init                             0x08000a9d   Thumb Code   366  stm32f0xx_hal_adc.o(i.HAL_ADC_Init)
    HAL_ADC_LevelOutOfWindowCallback         0x08000c15   Thumb Code     2  stm32f0xx_hal_adc.o(i.HAL_ADC_LevelOutOfWindowCallback)
    HAL_ADC_MspInit                          0x08000c19   Thumb Code   138  adc.o(i.HAL_ADC_MspInit)
    HAL_DMA_IRQHandler                       0x08000cb5   Thumb Code   156  stm32f0xx_hal_dma.o(i.HAL_DMA_IRQHandler)
    HAL_DMA_Init                             0x08000d51   Thumb Code    78  stm32f0xx_hal_dma.o(i.HAL_DMA_Init)
    HAL_Delay                                0x08000da5   Thumb Code    32  stm32f0xx_hal.o(i.HAL_Delay)
    HAL_GPIO_EXTI_Callback                   0x08000dc9   Thumb Code   138  main.o(i.HAL_GPIO_EXTI_Callback)
    HAL_GPIO_EXTI_IRQHandler                 0x08000e6d   Thumb Code    18  stm32f0xx_hal_gpio.o(i.HAL_GPIO_EXTI_IRQHandler)
    HAL_GPIO_Init                            0x08000e85   Thumb Code   396  stm32f0xx_hal_gpio.o(i.HAL_GPIO_Init)
    HAL_GPIO_WritePin                        0x08001029   Thumb Code    12  stm32f0xx_hal_gpio.o(i.HAL_GPIO_WritePin)
    HAL_GetTick                              0x08001035   Thumb Code     6  stm32f0xx_hal.o(i.HAL_GetTick)
    HAL_I2CEx_ConfigAnalogFilter             0x08001041   Thumb Code    74  stm32f0xx_hal_i2c_ex.o(i.HAL_I2CEx_ConfigAnalogFilter)
    HAL_I2CEx_ConfigDigitalFilter            0x0800108b   Thumb Code    72  stm32f0xx_hal_i2c_ex.o(i.HAL_I2CEx_ConfigDigitalFilter)
    HAL_I2C_Init                             0x080010d5   Thumb Code   176  stm32f0xx_hal_i2c.o(i.HAL_I2C_Init)
    HAL_I2C_Master_Receive                   0x08001189   Thumb Code   262  stm32f0xx_hal_i2c.o(i.HAL_I2C_Master_Receive)
    HAL_I2C_Master_Transmit                  0x08001299   Thumb Code   262  stm32f0xx_hal_i2c.o(i.HAL_I2C_Master_Transmit)
    HAL_I2C_Mem_Read                         0x080013a9   Thumb Code   332  stm32f0xx_hal_i2c.o(i.HAL_I2C_Mem_Read)
    HAL_I2C_MspInit                          0x080014fd   Thumb Code    86  i2c.o(i.HAL_I2C_MspInit)
    HAL_IncTick                              0x08001561   Thumb Code    12  stm32f0xx_hal.o(i.HAL_IncTick)
    HAL_Init                                 0x08001571   Thumb Code    26  stm32f0xx_hal.o(i.HAL_Init)
    HAL_InitTick                             0x08001591   Thumb Code    58  stm32f0xx_hal.o(i.HAL_InitTick)
    HAL_MspInit                              0x080015d5   Thumb Code    34  stm32f0xx_hal_msp.o(i.HAL_MspInit)
    HAL_NVIC_EnableIRQ                       0x080015fd   Thumb Code    18  stm32f0xx_hal_cortex.o(i.HAL_NVIC_EnableIRQ)
    HAL_NVIC_SetPriority                     0x08001615   Thumb Code     8  stm32f0xx_hal_cortex.o(i.HAL_NVIC_SetPriority)
    HAL_PWR_EnableBkUpAccess                 0x0800161d   Thumb Code    12  stm32f0xx_hal_pwr.o(i.HAL_PWR_EnableBkUpAccess)
    HAL_RCCEx_PeriphCLKConfig                0x0800162d   Thumb Code   218  stm32f0xx_hal_rcc_ex.o(i.HAL_RCCEx_PeriphCLKConfig)
    HAL_RCC_ClockConfig                      0x08001715   Thumb Code   242  stm32f0xx_hal_rcc.o(i.HAL_RCC_ClockConfig)
    HAL_RCC_GetPCLK1Freq                     0x0800181d   Thumb Code    20  stm32f0xx_hal_rcc.o(i.HAL_RCC_GetPCLK1Freq)
    HAL_RCC_GetSysClockFreq                  0x0800183d   Thumb Code    84  stm32f0xx_hal_rcc.o(i.HAL_RCC_GetSysClockFreq)
    HAL_RCC_OscConfig                        0x080018bd   Thumb Code   890  stm32f0xx_hal_rcc.o(i.HAL_RCC_OscConfig)
    HAL_RTC_AlarmAEventCallback              0x08001c45   Thumb Code    10  main.o(i.HAL_RTC_AlarmAEventCallback)
    HAL_RTC_AlarmIRQHandler                  0x08001c55   Thumb Code    52  stm32f0xx_hal_rtc.o(i.HAL_RTC_AlarmIRQHandler)
    HAL_RTC_Init                             0x08001c8d   Thumb Code   174  stm32f0xx_hal_rtc.o(i.HAL_RTC_Init)
    HAL_RTC_MspInit                          0x08001d41   Thumb Code    40  rtc.o(i.HAL_RTC_MspInit)
    HAL_RTC_SetAlarm_IT                      0x08001d71   Thumb Code   286  stm32f0xx_hal_rtc.o(i.HAL_RTC_SetAlarm_IT)
    HAL_RTC_SetDate                          0x08001e95   Thumb Code   184  stm32f0xx_hal_rtc.o(i.HAL_RTC_SetDate)
    HAL_RTC_SetTime                          0x08001f51   Thumb Code   216  stm32f0xx_hal_rtc.o(i.HAL_RTC_SetTime)
    HAL_RTC_WaitForSynchro                   0x0800202d   Thumb Code    52  stm32f0xx_hal_rtc.o(i.HAL_RTC_WaitForSynchro)
    HAL_SYSTICK_Config                       0x08002061   Thumb Code    38  stm32f0xx_hal_cortex.o(i.HAL_SYSTICK_Config)
    HAL_TIMEx_BreakCallback                  0x08002091   Thumb Code     2  stm32f0xx_hal_tim_ex.o(i.HAL_TIMEx_BreakCallback)
    HAL_TIMEx_CommutCallback                 0x08002093   Thumb Code     2  stm32f0xx_hal_tim_ex.o(i.HAL_TIMEx_CommutCallback)
    HAL_TIMEx_ConfigBreakDeadTime            0x08002095   Thumb Code    94  stm32f0xx_hal_tim_ex.o(i.HAL_TIMEx_ConfigBreakDeadTime)
    HAL_TIMEx_MasterConfigSynchronization    0x080020f5   Thumb Code    78  stm32f0xx_hal_tim_ex.o(i.HAL_TIMEx_MasterConfigSynchronization)
    HAL_TIM_Base_Init                        0x08002151   Thumb Code    72  stm32f0xx_hal_tim.o(i.HAL_TIM_Base_Init)
    HAL_TIM_Base_MspInit                     0x08002199   Thumb Code   132  tim.o(i.HAL_TIM_Base_MspInit)
    HAL_TIM_ConfigClockSource                0x08002235   Thumb Code   220  stm32f0xx_hal_tim.o(i.HAL_TIM_ConfigClockSource)
    HAL_TIM_IC_CaptureCallback               0x08002311   Thumb Code     2  stm32f0xx_hal_tim.o(i.HAL_TIM_IC_CaptureCallback)
    HAL_TIM_IRQHandler                       0x08002313   Thumb Code   354  stm32f0xx_hal_tim.o(i.HAL_TIM_IRQHandler)
    HAL_TIM_MspPostInit                      0x08002475   Thumb Code   102  tim.o(i.HAL_TIM_MspPostInit)
    HAL_TIM_OC_DelayElapsedCallback          0x080024ed   Thumb Code     2  stm32f0xx_hal_tim.o(i.HAL_TIM_OC_DelayElapsedCallback)
    HAL_TIM_PWM_ConfigChannel                0x080024ef   Thumb Code   208  stm32f0xx_hal_tim.o(i.HAL_TIM_PWM_ConfigChannel)
    HAL_TIM_PWM_Init                         0x080025bf   Thumb Code    72  stm32f0xx_hal_tim.o(i.HAL_TIM_PWM_Init)
    HAL_TIM_PWM_MspInit                      0x08002607   Thumb Code     2  stm32f0xx_hal_tim.o(i.HAL_TIM_PWM_MspInit)
    HAL_TIM_PWM_PulseFinishedCallback        0x08002609   Thumb Code     2  stm32f0xx_hal_tim.o(i.HAL_TIM_PWM_PulseFinishedCallback)
    HAL_TIM_PWM_Start                        0x0800260d   Thumb Code   148  stm32f0xx_hal_tim.o(i.HAL_TIM_PWM_Start)
    HAL_TIM_PWM_Stop                         0x080026b5   Thumb Code   126  stm32f0xx_hal_tim.o(i.HAL_TIM_PWM_Stop)
    HAL_TIM_PeriodElapsedCallback            0x08002749   Thumb Code   192  main.o(i.HAL_TIM_PeriodElapsedCallback)
    HAL_TIM_TriggerCallback                  0x08002825   Thumb Code     2  stm32f0xx_hal_tim.o(i.HAL_TIM_TriggerCallback)
    HAL_UART_Init                            0x08002827   Thumb Code   106  stm32f0xx_hal_uart.o(i.HAL_UART_Init)
    HAL_UART_MspInit                         0x08002891   Thumb Code   182  usart.o(i.HAL_UART_MspInit)
    HardFault_Handler                        0x0800295d   Thumb Code     2  stm32f0xx_it.o(i.HardFault_Handler)
    I2C_Read                                 0x08002a09   Thumb Code    48  mpu6050.o(i.I2C_Read)
    MPU6050_Get_RawData                      0x08002c31   Thumb Code   116  mpu6050.o(i.MPU6050_Get_RawData)
    MX_ADC_Init                              0x08002ca5   Thumb Code    98  adc.o(i.MX_ADC_Init)
    MX_DMA_Init                              0x08002d11   Thumb Code    52  dma.o(i.MX_DMA_Init)
    MX_GPIO_Init                             0x08002d49   Thumb Code   224  gpio.o(i.MX_GPIO_Init)
    MX_I2C1_Init                             0x08002e39   Thumb Code    76  i2c.o(i.MX_I2C1_Init)
    MX_RTC_Init                              0x08002e91   Thumb Code   180  rtc.o(i.MX_RTC_Init)
    MX_TIM14_Init                            0x08002f51   Thumb Code    40  tim.o(i.MX_TIM14_Init)
    MX_TIM15_Init                            0x08002f85   Thumb Code   100  tim.o(i.MX_TIM15_Init)
    MX_TIM1_Init                             0x08002ff5   Thumb Code   204  tim.o(i.MX_TIM1_Init)
    MX_TIM3_Init                             0x080030cd   Thumb Code   156  tim.o(i.MX_TIM3_Init)
    MX_TIM6_Init                             0x08003175   Thumb Code    36  tim.o(i.MX_TIM6_Init)
    MX_USART1_UART_Init                      0x080031a5   Thumb Code    48  usart.o(i.MX_USART1_UART_Init)
    MX_USART2_UART_Init                      0x080031dd   Thumb Code    54  usart.o(i.MX_USART2_UART_Init)
    NMI_Handler                              0x0800321d   Thumb Code     2  stm32f0xx_it.o(i.NMI_Handler)
    PendSV_Handler                           0x0800321f   Thumb Code     2  stm32f0xx_it.o(i.PendSV_Handler)
    RTC_ByteToBcd2                           0x08003221   Thumb Code    22  stm32f0xx_hal_rtc.o(i.RTC_ByteToBcd2)
    RTC_EnterInitMode                        0x08003237   Thumb Code    56  stm32f0xx_hal_rtc.o(i.RTC_EnterInitMode)
    RTC_IRQHandler                           0x08003271   Thumb Code    10  stm32f0xx_it.o(i.RTC_IRQHandler)
    SVC_Handler                              0x08003281   Thumb Code     2  stm32f0xx_it.o(i.SVC_Handler)
    SysTick_Handler                          0x08003283   Thumb Code     8  stm32f0xx_it.o(i.SysTick_Handler)
    SystemClock_Config                       0x0800328d   Thumb Code   118  main.o(i.SystemClock_Config)
    SystemInit                               0x0800330d   Thumb Code     2  system_stm32f0xx.o(i.SystemInit)
    TIM14_IRQHandler                         0x08003311   Thumb Code    10  stm32f0xx_it.o(i.TIM14_IRQHandler)
    TIM6_IRQHandler                          0x08003321   Thumb Code    10  stm32f0xx_it.o(i.TIM6_IRQHandler)
    TIM_Base_SetConfig                       0x08003331   Thumb Code   112  stm32f0xx_hal_tim.o(i.TIM_Base_SetConfig)
    TIM_CCxChannelCmd                        0x080033b9   Thumb Code    26  stm32f0xx_hal_tim.o(i.TIM_CCxChannelCmd)
    TIM_ETR_SetConfig                        0x080033d3   Thumb Code    22  stm32f0xx_hal_tim.o(i.TIM_ETR_SetConfig)
    TIM_OC2_SetConfig                        0x08003481   Thumb Code   110  stm32f0xx_hal_tim.o(i.TIM_OC2_SetConfig)
    UART_AdvFeatureConfig                    0x08003639   Thumb Code   202  stm32f0xx_hal_uart.o(i.UART_AdvFeatureConfig)
    UART_CheckIdleState                      0x08003705   Thumb Code    94  stm32f0xx_hal_uart.o(i.UART_CheckIdleState)
    UART_SetConfig                           0x08003769   Thumb Code   282  stm32f0xx_hal_uart.o(i.UART_SetConfig)
    UART_WaitOnFlagUntilTimeout              0x0800389d   Thumb Code   212  stm32f0xx_hal_uart.o(i.UART_WaitOnFlagUntilTimeout)
    __ARM_clz                                0x08003971   Thumb Code    46  depilogue.o(i.__ARM_clz)
    __ARM_common_ll_muluu                    0x0800399f   Thumb Code    48  stm32f0xx_hal_rcc.o(i.__ARM_common_ll_muluu)
    __scatterload_copy                       0x08003a15   Thumb Code    14  handlers.o(i.__scatterload_copy)
    __scatterload_null                       0x08003a23   Thumb Code     2  handlers.o(i.__scatterload_null)
    __scatterload_zeroinit                   0x08003a25   Thumb Code    14  handlers.o(i.__scatterload_zeroinit)
    getPedFlag                               0x08003a33   Thumb Code    10  system.o(i.getPedFlag)
    getScreenEable                           0x08003a3d   Thumb Code    10  system.o(i.getScreenEable)
    getScreenFlag                            0x08003a47   Thumb Code    10  system.o(i.getScreenFlag)
    kalman_2d1r_update                       0x08003a51   Thumb Code   208  kalman.o(i.kalman_2d1r_update)
    kalman_scaler_update                     0x08003b35   Thumb Code    96  kalman.o(i.kalman_scaler_update)
    main                                     0x08003b99   Thumb Code    88  main.o(i.main)
    max30102_getFIFO                         0x08003bf1   Thumb Code   110  max30100_for_stm32_hal.o(i.max30102_getFIFO)
    max30102_getUnreadSampleCount            0x08003c65   Thumb Code    74  max30100_for_stm32_hal.o(i.max30102_getUnreadSampleCount)
    setPedFlag                               0x08003cb5   Thumb Code    16  system.o(i.setPedFlag)
    setScreenEable                           0x08003cc5   Thumb Code    16  system.o(i.setScreenEable)
    setScreenFlag                            0x08003cd5   Thumb Code    16  system.o(i.setScreenFlag)
    set_tone                                 0x08003ce5   Thumb Code    78  main.o(i.set_tone)
    AHBPrescTable                            0x08003d44   Data          16  system_stm32f0xx.o(.constdata)
    APBPrescTable                            0x08003d54   Data           8  system_stm32f0xx.o(.constdata)
    Region$$Table$$Base                      0x08003d5c   Number         0  anon$$obj.o(Region$$Table)
    Region$$Table$$Limit                     0x08003d7c   Number         0  anon$$obj.o(Region$$Table)
    x_alloc                                  0x20000000   Data           1  main.o(.data)
    y_alloc                                  0x20000001   Data           1  main.o(.data)
    unreadSampleCount                        0x20000002   Data           1  main.o(.data)
    walk_thresh                              0x20000004   Data           2  main.o(.data)
    _index                                   0x20000008   Data           4  main.o(.data)
    voltage                                  0x2000000c   Data           4  main.o(.data)
    sum                                      0x20000010   Data           4  main.o(.data)
    myMpuConfig                              0x20000014   Data           5  main.o(.data)
    myAccelRaw                               0x2000001a   Data           6  main.o(.data)
    myGyroRaw                                0x20000020   Data           6  main.o(.data)
    SystemCoreClock                          0x20000028   Data           4  system_stm32f0xx.o(.data)
    uwTickFreq                               0x20000030   Data           1  stm32f0xx_hal.o(.data)
    uwTickPrio                               0x20000034   Data           4  stm32f0xx_hal.o(.data)
    uwTick                                   0x20000038   Data           4  stm32f0xx_hal.o(.data)
    sys                                      0x2000003c   Data         100  main.o(.bss)
    RxBuffer                                 0x200000a0   Data          40  main.o(.bss)
    adcVals                                  0x200000c8   Data         400  main.o(.bss)
    _sampleBuff                              0x20000258   Data         400  main.o(.bss)
    KAccel                                   0x200003e8   Data          24  main.o(.bss)
    KGyro                                    0x20000400   Data          20  main.o(.bss)
    hadc                                     0x20000414   Data          64  adc.o(.bss)
    hdma_adc                                 0x20000454   Data          68  adc.o(.bss)
    hi2c1                                    0x20000498   Data          76  i2c.o(.bss)
    hrtc                                     0x200004e4   Data          32  rtc.o(.bss)
    htim1                                    0x20000504   Data          72  tim.o(.bss)
    htim3                                    0x2000054c   Data          72  tim.o(.bss)
    htim6                                    0x20000594   Data          72  tim.o(.bss)
    htim14                                   0x200005dc   Data          72  tim.o(.bss)
    htim15                                   0x20000624   Data          72  tim.o(.bss)
    huart1                                   0x2000066c   Data         132  usart.o(.bss)
    huart2                                   0x200006f0   Data         132  usart.o(.bss)
    hdma_usart2_rx                           0x20000774   Data          68  usart.o(.bss)
    __initial_sp                             0x20000eb8   Data           0  startup_stm32f030x8.o(STACK)



==============================================================================

Memory Map of the image

  Image Entry point : 0x080000b5

  Load Region LR_IROM1 (Base: 0x08000000, Size: 0x00003db8, Max: 0x00010000, ABSOLUTE)

    Execution Region ER_IROM1 (Exec base: 0x08000000, Load base: 0x08000000, Size: 0x00003d7c, Max: 0x00010000, ABSOLUTE)

    Exec Addr    Load Addr    Size         Type   Attr      Idx    E Section Name        Object

    0x08000000   0x08000000   0x000000b4   Data   RO            3    RESET               startup_stm32f030x8.o
    0x080000b4   0x080000b4   0x00000000   Code   RO         4416  * .ARM.Collect$$$$00000000  mc_p.l(entry.o)
    0x080000b4   0x080000b4   0x00000004   Code   RO         4465    .ARM.Collect$$$$00000001  mc_p.l(entry2.o)
    0x080000b8   0x080000b8   0x00000004   Code   RO         4468    .ARM.Collect$$$$00000004  mc_p.l(entry5.o)
    0x080000bc   0x080000bc   0x00000000   Code   RO         4470    .ARM.Collect$$$$00000008  mc_p.l(entry7b.o)
    0x080000bc   0x080000bc   0x00000000   Code   RO         4472    .ARM.Collect$$$$0000000A  mc_p.l(entry8b.o)
    0x080000bc   0x080000bc   0x00000008   Code   RO         4473    .ARM.Collect$$$$0000000B  mc_p.l(entry9a.o)
    0x080000c4   0x080000c4   0x00000000   Code   RO         4475    .ARM.Collect$$$$0000000D  mc_p.l(entry10a.o)
    0x080000c4   0x080000c4   0x00000000   Code   RO         4477    .ARM.Collect$$$$0000000F  mc_p.l(entry11a.o)
    0x080000c4   0x080000c4   0x00000004   Code   RO         4466    .ARM.Collect$$$$00002712  mc_p.l(entry2.o)
    0x080000c8   0x080000c8   0x0000001c   Code   RO            4    .text               startup_stm32f030x8.o
    0x080000e4   0x080000e4   0x0000002c   Code   RO         4419    .text               mc_p.l(uidiv.o)
    0x08000110   0x08000110   0x00000028   Code   RO         4421    .text               mc_p.l(idiv.o)
    0x08000138   0x08000138   0x00000060   Code   RO         4423    .text               mc_p.l(uldiv.o)
    0x08000198   0x08000198   0x00000022   Code   RO         4425    .text               mc_p.l(llushr.o)
    0x080001ba   0x080001ba   0x00000024   Code   RO         4429    .text               mc_p.l(memseta.o)
    0x080001de   0x080001de   0x000000b2   Code   RO         4433    .text               mf_p.l(fadd.o)
    0x08000290   0x08000290   0x0000007a   Code   RO         4435    .text               mf_p.l(fmul.o)
    0x0800030a   0x0800030a   0x0000007c   Code   RO         4437    .text               mf_p.l(fdiv.o)
    0x08000386   0x08000386   0x00000002   PAD
    0x08000388   0x08000388   0x000000d0   Code   RO         4441    .text               mf_p.l(dmul.o)
    0x08000458   0x08000458   0x000000f0   Code   RO         4443    .text               mf_p.l(ddiv.o)
    0x08000548   0x08000548   0x00000016   Code   RO         4445    .text               mf_p.l(fflti.o)
    0x0800055e   0x0800055e   0x0000000e   Code   RO         4447    .text               mf_p.l(ffltui.o)
    0x0800056c   0x0800056c   0x00000028   Code   RO         4449    .text               mf_p.l(dflti.o)
    0x08000594   0x08000594   0x0000001c   Code   RO         4451    .text               mf_p.l(dfltui.o)
    0x080005b0   0x080005b0   0x00000032   Code   RO         4453    .text               mf_p.l(ffixi.o)
    0x080005e2   0x080005e2   0x00000002   PAD
    0x080005e4   0x080005e4   0x00000048   Code   RO         4457    .text               mf_p.l(dfixi.o)
    0x0800062c   0x0800062c   0x00000038   Code   RO         4463    .text               mf_p.l(d2f.o)
    0x08000664   0x08000664   0x00000020   Code   RO         4479    .text               mc_p.l(llshl.o)
    0x08000684   0x08000684   0x00000000   Code   RO         4483    .text               mc_p.l(iusefp.o)
    0x08000684   0x08000684   0x00000082   Code   RO         4484    .text               mf_p.l(fepilogue.o)
    0x08000706   0x08000706   0x000000be   Code   RO         4486    .text               mf_p.l(depilogue.o)
    0x080007c4   0x080007c4   0x00000024   Code   RO         4490    .text               mc_p.l(init.o)
    0x080007e8   0x080007e8   0x00000010   Code   RO          557    i.ADC1_IRQHandler   stm32f0xx_it.o
    0x080007f8   0x080007f8   0x00000002   Code   RO           12    i.DEBUG             main.o
    0x080007fa   0x080007fa   0x00000002   PAD
    0x080007fc   0x080007fc   0x00000010   Code   RO          558    i.DMA1_Channel1_IRQHandler  stm32f0xx_it.o
    0x0800080c   0x0800080c   0x00000010   Code   RO          559    i.DMA1_Channel4_5_IRQHandler  stm32f0xx_it.o
    0x0800081c   0x0800081c   0x00000024   Code   RO         2181    i.DMA_CalcBaseAndBitshift  stm32f0xx_hal_dma.o
    0x08000840   0x08000840   0x0000000a   Code   RO          560    i.EXTI2_3_IRQHandler  stm32f0xx_it.o
    0x0800084a   0x0800084a   0x0000002e   Code   RO          561    i.EXTI4_15_IRQHandler  stm32f0xx_it.o
    0x08000878   0x08000878   0x00000002   Code   RO           13    i.Error_Handler     main.o
    0x0800087a   0x0800087a   0x00000002   PAD
    0x0800087c   0x0800087c   0x00000110   Code   RO         1150    i.HAL_ADC_ConfigChannel  stm32f0xx_hal_adc.o
    0x0800098c   0x0800098c   0x0000003c   Code   RO           14    i.HAL_ADC_ConvCpltCallback  main.o
    0x080009c8   0x080009c8   0x00000002   Code   RO         1154    i.HAL_ADC_ErrorCallback  stm32f0xx_hal_adc.o
    0x080009ca   0x080009ca   0x000000d0   Code   RO         1158    i.HAL_ADC_IRQHandler  stm32f0xx_hal_adc.o
    0x08000a9a   0x08000a9a   0x00000002   PAD
    0x08000a9c   0x08000a9c   0x00000178   Code   RO         1159    i.HAL_ADC_Init      stm32f0xx_hal_adc.o
    0x08000c14   0x08000c14   0x00000002   Code   RO         1160    i.HAL_ADC_LevelOutOfWindowCallback  stm32f0xx_hal_adc.o
    0x08000c16   0x08000c16   0x00000002   PAD
    0x08000c18   0x08000c18   0x0000009c   Code   RO          312    i.HAL_ADC_MspInit   adc.o
    0x08000cb4   0x08000cb4   0x0000009c   Code   RO         2188    i.HAL_DMA_IRQHandler  stm32f0xx_hal_dma.o
    0x08000d50   0x08000d50   0x00000054   Code   RO         2189    i.HAL_DMA_Init      stm32f0xx_hal_dma.o
    0x08000da4   0x08000da4   0x00000024   Code   RO         1470    i.HAL_Delay         stm32f0xx_hal.o
    0x08000dc8   0x08000dc8   0x000000a4   Code   RO           15    i.HAL_GPIO_EXTI_Callback  main.o
    0x08000e6c   0x08000e6c   0x00000018   Code   RO         2121    i.HAL_GPIO_EXTI_IRQHandler  stm32f0xx_hal_gpio.o
    0x08000e84   0x08000e84   0x000001a4   Code   RO         2122    i.HAL_GPIO_Init     stm32f0xx_hal_gpio.o
    0x08001028   0x08001028   0x0000000c   Code   RO         2126    i.HAL_GPIO_WritePin  stm32f0xx_hal_gpio.o
    0x08001034   0x08001034   0x0000000c   Code   RO         1474    i.HAL_GetTick       stm32f0xx_hal.o
    0x08001040   0x08001040   0x0000004a   Code   RO         2081    i.HAL_I2CEx_ConfigAnalogFilter  stm32f0xx_hal_i2c_ex.o
    0x0800108a   0x0800108a   0x00000048   Code   RO         2082    i.HAL_I2CEx_ConfigDigitalFilter  stm32f0xx_hal_i2c_ex.o
    0x080010d2   0x080010d2   0x00000002   PAD
    0x080010d4   0x080010d4   0x000000b4   Code   RO         1634    i.HAL_I2C_Init      stm32f0xx_hal_i2c.o
    0x08001188   0x08001188   0x00000110   Code   RO         1640    i.HAL_I2C_Master_Receive  stm32f0xx_hal_i2c.o
    0x08001298   0x08001298   0x00000110   Code   RO         1647    i.HAL_I2C_Master_Transmit  stm32f0xx_hal_i2c.o
    0x080013a8   0x080013a8   0x00000154   Code   RO         1652    i.HAL_I2C_Mem_Read  stm32f0xx_hal_i2c.o
    0x080014fc   0x080014fc   0x00000064   Code   RO          370    i.HAL_I2C_MspInit   i2c.o
    0x08001560   0x08001560   0x00000010   Code   RO         1480    i.HAL_IncTick       stm32f0xx_hal.o
    0x08001570   0x08001570   0x00000020   Code   RO         1481    i.HAL_Init          stm32f0xx_hal.o
    0x08001590   0x08001590   0x00000044   Code   RO         1482    i.HAL_InitTick      stm32f0xx_hal.o
    0x080015d4   0x080015d4   0x00000028   Code   RO          653    i.HAL_MspInit       stm32f0xx_hal_msp.o
    0x080015fc   0x080015fc   0x00000018   Code   RO         2281    i.HAL_NVIC_EnableIRQ  stm32f0xx_hal_cortex.o
    0x08001614   0x08001614   0x00000008   Code   RO         2285    i.HAL_NVIC_SetPriority  stm32f0xx_hal_cortex.o
    0x0800161c   0x0800161c   0x00000010   Code   RO         2378    i.HAL_PWR_EnableBkUpAccess  stm32f0xx_hal_pwr.o
    0x0800162c   0x0800162c   0x000000e8   Code   RO         1435    i.HAL_RCCEx_PeriphCLKConfig  stm32f0xx_hal_rcc_ex.o
    0x08001714   0x08001714   0x00000108   Code   RO         1340    i.HAL_RCC_ClockConfig  stm32f0xx_hal_rcc.o
    0x0800181c   0x0800181c   0x00000020   Code   RO         1347    i.HAL_RCC_GetPCLK1Freq  stm32f0xx_hal_rcc.o
    0x0800183c   0x0800183c   0x00000080   Code   RO         1348    i.HAL_RCC_GetSysClockFreq  stm32f0xx_hal_rcc.o
    0x080018bc   0x080018bc   0x00000388   Code   RO         1351    i.HAL_RCC_OscConfig  stm32f0xx_hal_rcc.o
    0x08001c44   0x08001c44   0x00000010   Code   RO           16    i.HAL_RTC_AlarmAEventCallback  main.o
    0x08001c54   0x08001c54   0x00000038   Code   RO         2722    i.HAL_RTC_AlarmIRQHandler  stm32f0xx_hal_rtc.o
    0x08001c8c   0x08001c8c   0x000000b4   Code   RO         2734    i.HAL_RTC_Init      stm32f0xx_hal_rtc.o
    0x08001d40   0x08001d40   0x00000030   Code   RO          408    i.HAL_RTC_MspInit   rtc.o
    0x08001d70   0x08001d70   0x00000124   Code   RO         2739    i.HAL_RTC_SetAlarm_IT  stm32f0xx_hal_rtc.o
    0x08001e94   0x08001e94   0x000000bc   Code   RO         2740    i.HAL_RTC_SetDate   stm32f0xx_hal_rtc.o
    0x08001f50   0x08001f50   0x000000dc   Code   RO         2741    i.HAL_RTC_SetTime   stm32f0xx_hal_rtc.o
    0x0800202c   0x0800202c   0x00000034   Code   RO         2742    i.HAL_RTC_WaitForSynchro  stm32f0xx_hal_rtc.o
    0x08002060   0x08002060   0x00000030   Code   RO         2289    i.HAL_SYSTICK_Config  stm32f0xx_hal_cortex.o
    0x08002090   0x08002090   0x00000002   Code   RO         3732    i.HAL_TIMEx_BreakCallback  stm32f0xx_hal_tim_ex.o
    0x08002092   0x08002092   0x00000002   Code   RO         3733    i.HAL_TIMEx_CommutCallback  stm32f0xx_hal_tim_ex.o
    0x08002094   0x08002094   0x0000005e   Code   RO         3735    i.HAL_TIMEx_ConfigBreakDeadTime  stm32f0xx_hal_tim_ex.o
    0x080020f2   0x080020f2   0x00000002   PAD
    0x080020f4   0x080020f4   0x0000005c   Code   RO         3751    i.HAL_TIMEx_MasterConfigSynchronization  stm32f0xx_hal_tim_ex.o
    0x08002150   0x08002150   0x00000048   Code   RO         3032    i.HAL_TIM_Base_Init  stm32f0xx_hal_tim.o
    0x08002198   0x08002198   0x0000009c   Code   RO          446    i.HAL_TIM_Base_MspInit  tim.o
    0x08002234   0x08002234   0x000000dc   Code   RO         3041    i.HAL_TIM_ConfigClockSource  stm32f0xx_hal_tim.o
    0x08002310   0x08002310   0x00000002   Code   RO         3066    i.HAL_TIM_IC_CaptureCallback  stm32f0xx_hal_tim.o
    0x08002312   0x08002312   0x00000162   Code   RO         3080    i.HAL_TIM_IRQHandler  stm32f0xx_hal_tim.o
    0x08002474   0x08002474   0x00000078   Code   RO          447    i.HAL_TIM_MspPostInit  tim.o
    0x080024ec   0x080024ec   0x00000002   Code   RO         3083    i.HAL_TIM_OC_DelayElapsedCallback  stm32f0xx_hal_tim.o
    0x080024ee   0x080024ee   0x000000d0   Code   RO         3104    i.HAL_TIM_PWM_ConfigChannel  stm32f0xx_hal_tim.o
    0x080025be   0x080025be   0x00000048   Code   RO         3107    i.HAL_TIM_PWM_Init  stm32f0xx_hal_tim.o
    0x08002606   0x08002606   0x00000002   Code   RO         3109    i.HAL_TIM_PWM_MspInit  stm32f0xx_hal_tim.o
    0x08002608   0x08002608   0x00000002   Code   RO         3110    i.HAL_TIM_PWM_PulseFinishedCallback  stm32f0xx_hal_tim.o
    0x0800260a   0x0800260a   0x00000002   PAD
    0x0800260c   0x0800260c   0x000000a8   Code   RO         3112    i.HAL_TIM_PWM_Start  stm32f0xx_hal_tim.o
    0x080026b4   0x080026b4   0x00000094   Code   RO         3115    i.HAL_TIM_PWM_Stop  stm32f0xx_hal_tim.o
    0x08002748   0x08002748   0x000000dc   Code   RO           17    i.HAL_TIM_PeriodElapsedCallback  main.o
    0x08002824   0x08002824   0x00000002   Code   RO         3123    i.HAL_TIM_TriggerCallback  stm32f0xx_hal_tim.o
    0x08002826   0x08002826   0x0000006a   Code   RO         4022    i.HAL_UART_Init     stm32f0xx_hal_uart.o
    0x08002890   0x08002890   0x000000cc   Code   RO          514    i.HAL_UART_MspInit  usart.o
    0x0800295c   0x0800295c   0x00000002   Code   RO          562    i.HardFault_Handler  stm32f0xx_it.o
    0x0800295e   0x0800295e   0x00000022   Code   RO         1681    i.I2C_Flush_TXDR    stm32f0xx_hal_i2c.o
    0x08002980   0x08002980   0x00000088   Code   RO         1689    i.I2C_IsAcknowledgeFailed  stm32f0xx_hal_i2c.o
    0x08002a08   0x08002a08   0x00000034   Code   RO          707    i.I2C_Read          mpu6050.o
    0x08002a3c   0x08002a3c   0x00000060   Code   RO         1692    i.I2C_RequestMemoryRead  stm32f0xx_hal_i2c.o
    0x08002a9c   0x08002a9c   0x00000028   Code   RO         1696    i.I2C_TransferConfig  stm32f0xx_hal_i2c.o
    0x08002ac4   0x08002ac4   0x0000004e   Code   RO         1698    i.I2C_WaitOnFlagUntilTimeout  stm32f0xx_hal_i2c.o
    0x08002b12   0x08002b12   0x00000002   PAD
    0x08002b14   0x08002b14   0x00000080   Code   RO         1699    i.I2C_WaitOnRXNEFlagUntilTimeout  stm32f0xx_hal_i2c.o
    0x08002b94   0x08002b94   0x0000004c   Code   RO         1700    i.I2C_WaitOnSTOPFlagUntilTimeout  stm32f0xx_hal_i2c.o
    0x08002be0   0x08002be0   0x00000050   Code   RO         1701    i.I2C_WaitOnTXISFlagUntilTimeout  stm32f0xx_hal_i2c.o
    0x08002c30   0x08002c30   0x00000074   Code   RO          711    i.MPU6050_Get_RawData  mpu6050.o
    0x08002ca4   0x08002ca4   0x0000006c   Code   RO          313    i.MX_ADC_Init       adc.o
    0x08002d10   0x08002d10   0x00000038   Code   RO          349    i.MX_DMA_Init       dma.o
    0x08002d48   0x08002d48   0x000000f0   Code   RO          291    i.MX_GPIO_Init      gpio.o
    0x08002e38   0x08002e38   0x00000058   Code   RO          371    i.MX_I2C1_Init      i2c.o
    0x08002e90   0x08002e90   0x000000c0   Code   RO          409    i.MX_RTC_Init       rtc.o
    0x08002f50   0x08002f50   0x00000034   Code   RO          448    i.MX_TIM14_Init     tim.o
    0x08002f84   0x08002f84   0x00000070   Code   RO          449    i.MX_TIM15_Init     tim.o
    0x08002ff4   0x08002ff4   0x000000d8   Code   RO          450    i.MX_TIM1_Init      tim.o
    0x080030cc   0x080030cc   0x000000a8   Code   RO          451    i.MX_TIM3_Init      tim.o
    0x08003174   0x08003174   0x00000030   Code   RO          452    i.MX_TIM6_Init      tim.o
    0x080031a4   0x080031a4   0x00000038   Code   RO          515    i.MX_USART1_UART_Init  usart.o
    0x080031dc   0x080031dc   0x00000040   Code   RO          516    i.MX_USART2_UART_Init  usart.o
    0x0800321c   0x0800321c   0x00000002   Code   RO          563    i.NMI_Handler       stm32f0xx_it.o
    0x0800321e   0x0800321e   0x00000002   Code   RO          564    i.PendSV_Handler    stm32f0xx_it.o
    0x08003220   0x08003220   0x00000016   Code   RO         2744    i.RTC_ByteToBcd2    stm32f0xx_hal_rtc.o
    0x08003236   0x08003236   0x00000038   Code   RO         2745    i.RTC_EnterInitMode  stm32f0xx_hal_rtc.o
    0x0800326e   0x0800326e   0x00000002   PAD
    0x08003270   0x08003270   0x00000010   Code   RO          565    i.RTC_IRQHandler    stm32f0xx_it.o
    0x08003280   0x08003280   0x00000002   Code   RO          566    i.SVC_Handler       stm32f0xx_it.o
    0x08003282   0x08003282   0x00000008   Code   RO          567    i.SysTick_Handler   stm32f0xx_it.o
    0x0800328a   0x0800328a   0x00000002   PAD
    0x0800328c   0x0800328c   0x00000080   Code   RO           19    i.SystemClock_Config  main.o
    0x0800330c   0x0800330c   0x00000002   Code   RO          674    i.SystemInit        system_stm32f0xx.o
    0x0800330e   0x0800330e   0x00000002   PAD
    0x08003310   0x08003310   0x00000010   Code   RO          568    i.TIM14_IRQHandler  stm32f0xx_it.o
    0x08003320   0x08003320   0x00000010   Code   RO          569    i.TIM6_IRQHandler   stm32f0xx_it.o
    0x08003330   0x08003330   0x00000088   Code   RO         3125    i.TIM_Base_SetConfig  stm32f0xx_hal_tim.o
    0x080033b8   0x080033b8   0x0000001a   Code   RO         3126    i.TIM_CCxChannelCmd  stm32f0xx_hal_tim.o
    0x080033d2   0x080033d2   0x00000016   Code   RO         3136    i.TIM_ETR_SetConfig  stm32f0xx_hal_tim.o
    0x080033e8   0x080033e8   0x00000010   Code   RO         3137    i.TIM_ITRx_SetConfig  stm32f0xx_hal_tim.o
    0x080033f8   0x080033f8   0x00000088   Code   RO         3138    i.TIM_OC1_SetConfig  stm32f0xx_hal_tim.o
    0x08003480   0x08003480   0x00000080   Code   RO         3139    i.TIM_OC2_SetConfig  stm32f0xx_hal_tim.o
    0x08003500   0x08003500   0x00000084   Code   RO         3140    i.TIM_OC3_SetConfig  stm32f0xx_hal_tim.o
    0x08003584   0x08003584   0x0000006c   Code   RO         3141    i.TIM_OC4_SetConfig  stm32f0xx_hal_tim.o
    0x080035f0   0x080035f0   0x00000022   Code   RO         3143    i.TIM_TI1_ConfigInputStage  stm32f0xx_hal_tim.o
    0x08003612   0x08003612   0x00000026   Code   RO         3145    i.TIM_TI2_ConfigInputStage  stm32f0xx_hal_tim.o
    0x08003638   0x08003638   0x000000ca   Code   RO         4036    i.UART_AdvFeatureConfig  stm32f0xx_hal_uart.o
    0x08003702   0x08003702   0x00000002   PAD
    0x08003704   0x08003704   0x00000064   Code   RO         4037    i.UART_CheckIdleState  stm32f0xx_hal_uart.o
    0x08003768   0x08003768   0x00000134   Code   RO         4052    i.UART_SetConfig    stm32f0xx_hal_uart.o
    0x0800389c   0x0800389c   0x000000d4   Code   RO         4057    i.UART_WaitOnFlagUntilTimeout  stm32f0xx_hal_uart.o
    0x08003970   0x08003970   0x0000002e   Code   RO         4488    i.__ARM_clz         mf_p.l(depilogue.o)
    0x0800399e   0x0800399e   0x00000030   Code   RO         1425    i.__ARM_common_ll_muluu  stm32f0xx_hal_rcc.o
    0x080039ce   0x080039ce   0x00000002   PAD
    0x080039d0   0x080039d0   0x00000044   Code   RO         2291    i.__NVIC_SetPriority  stm32f0xx_hal_cortex.o
    0x08003a14   0x08003a14   0x0000000e   Code   RO         4494    i.__scatterload_copy  mc_p.l(handlers.o)
    0x08003a22   0x08003a22   0x00000002   Code   RO         4495    i.__scatterload_null  mc_p.l(handlers.o)
    0x08003a24   0x08003a24   0x0000000e   Code   RO         4496    i.__scatterload_zeroinit  mc_p.l(handlers.o)
    0x08003a32   0x08003a32   0x0000000a   Code   RO          917    i.getPedFlag        system.o
    0x08003a3c   0x08003a3c   0x0000000a   Code   RO          918    i.getScreenEable    system.o
    0x08003a46   0x08003a46   0x0000000a   Code   RO          919    i.getScreenFlag     system.o
    0x08003a50   0x08003a50   0x000000e4   Code   RO          873    i.kalman_2d1r_update  kalman.o
    0x08003b34   0x08003b34   0x00000064   Code   RO          875    i.kalman_scaler_update  kalman.o
    0x08003b98   0x08003b98   0x00000058   Code   RO           20    i.main              main.o
    0x08003bf0   0x08003bf0   0x00000074   Code   RO          783    i.max30102_getFIFO  max30100_for_stm32_hal.o
    0x08003c64   0x08003c64   0x00000050   Code   RO          787    i.max30102_getUnreadSampleCount  max30100_for_stm32_hal.o
    0x08003cb4   0x08003cb4   0x00000010   Code   RO          925    i.setPedFlag        system.o
    0x08003cc4   0x08003cc4   0x00000010   Code   RO          926    i.setScreenEable    system.o
    0x08003cd4   0x08003cd4   0x00000010   Code   RO          927    i.setScreenFlag     system.o
    0x08003ce4   0x08003ce4   0x00000060   Code   RO           22    i.set_tone          main.o
    0x08003d44   0x08003d44   0x00000010   Data   RO          675    .constdata          system_stm32f0xx.o
    0x08003d54   0x08003d54   0x00000008   Data   RO          676    .constdata          system_stm32f0xx.o
    0x08003d5c   0x08003d5c   0x00000020   Data   RO         4492    Region$$Table       anon$$obj.o


    Execution Region RW_IRAM1 (Exec base: 0x20000000, Load base: 0x08003d7c, Size: 0x00000eb8, Max: 0x00002000, ABSOLUTE)

    Exec Addr    Load Addr    Size         Type   Attr      Idx    E Section Name        Object

    0x20000000   0x08003d7c   0x00000026   Data   RW           30    .data               main.o
    0x20000026   0x08003da2   0x00000002   PAD
    0x20000028   0x08003da4   0x00000004   Data   RW          677    .data               system_stm32f0xx.o
    0x2000002c   0x08003da8   0x00000004   Data   RW          716    .data               mpu6050.o
    0x20000030   0x08003dac   0x0000000c   Data   RW         1488    .data               stm32f0xx_hal.o
    0x2000003c        -       0x000003d8   Zero   RW           26    .bss                main.o
    0x20000414        -       0x00000084   Zero   RW          314    .bss                adc.o
    0x20000498        -       0x0000004c   Zero   RW          372    .bss                i2c.o
    0x200004e4        -       0x00000020   Zero   RW          410    .bss                rtc.o
    0x20000504        -       0x00000168   Zero   RW          453    .bss                tim.o
    0x2000066c        -       0x0000014c   Zero   RW          517    .bss                usart.o
    0x200007b8        -       0x00000700   Zero   RW            1    STACK               startup_stm32f030x8.o


==============================================================================

Image component sizes


      Code (inc. data)   RO Data    RW Data    ZI Data      Debug   Object Name

       264         28          0          0        132       1736   adc.o
        56          4          0          0          0        734   dma.o
       240         16          0          0          0        983   gpio.o
       188         26          0          0         76       1617   i2c.o
       328         24          0          0          0       2172   kalman.o
       776        102          0         38        984     310381   main.o
       196         12          0          0          0       2583   max30100_for_stm32_hal.o
       168          4          0          4          0       2084   mpu6050.o
       240         20          0          0         32       1611   rtc.o
        28          8        180          0       1792        636   startup_stm32f030x8.o
       164         30          0         12          0       7961   stm32f0xx_hal.o
       860         28          0          0          0       4463   stm32f0xx_hal_adc.o
       148         24          0          0          0      10349   stm32f0xx_hal_cortex.o
       276         16          0          0          0       2524   stm32f0xx_hal_dma.o
       456         30          0          0          0       2743   stm32f0xx_hal_gpio.o
      1732         54          0          0          0      12569   stm32f0xx_hal_i2c.o
       146          0          0          0          0       1919   stm32f0xx_hal_i2c_ex.o
        40          6          0          0          0        814   stm32f0xx_hal_msp.o
        16          4          0          0          0        515   stm32f0xx_hal_pwr.o
      1376         92          0          0          0       4681   stm32f0xx_hal_rcc.o
       232         14          0          0          0       1376   stm32f0xx_hal_rcc_ex.o
      1066         24          0          0          0       6932   stm32f0xx_hal_rtc.o
      2028        136          0          0          0      16089   stm32f0xx_hal_tim.o
       190         14          0          0          0       3177   stm32f0xx_hal_tim_ex.o
       928         32          0          0          0       8085   stm32f0xx_hal_uart.o
       168         36          0          0          0       5810   stm32f0xx_it.o
        78          0          0          0          0       4184   system.o
         2          0         24          4          0       1115   system_stm32f0xx.o
       872        102          0          0        360       4920   tim.o
       324         40          0          0        332       2382   usart.o

    ----------------------------------------------------------------------
     13612        926        236         60       3708     427145   Object Totals
         0          0         32          0          0          0   (incl. Generated)
        26          0          0          2          0          0   (incl. Padding)

    ----------------------------------------------------------------------

      Code (inc. data)   RO Data    RW Data    ZI Data      Debug   Library Member Name

         0          0          0          0          0          0   entry.o
         0          0          0          0          0          0   entry10a.o
         0          0          0          0          0          0   entry11a.o
         8          4          0          0          0          0   entry2.o
         4          0          0          0          0          0   entry5.o
         0          0          0          0          0          0   entry7b.o
         0          0          0          0          0          0   entry8b.o
         8          4          0          0          0          0   entry9a.o
        30          0          0          0          0          0   handlers.o
        40          0          0          0          0         72   idiv.o
        36          8          0          0          0         68   init.o
         0          0          0          0          0          0   iusefp.o
        32          0          0          0          0         68   llshl.o
        34          0          0          0          0         68   llushr.o
        36          0          0          0          0        100   memseta.o
        44          0          0          0          0         72   uidiv.o
        96          0          0          0          0         84   uldiv.o
        56          0          0          0          0         68   d2f.o
       240          6          0          0          0         84   ddiv.o
       236          0          0          0          0        216   depilogue.o
        72         10          0          0          0         72   dfixi.o
        40          6          0          0          0         68   dflti.o
        28          4          0          0          0         68   dfltui.o
       208          6          0          0          0         88   dmul.o
       178          0          0          0          0        108   fadd.o
       124          0          0          0          0         72   fdiv.o
       130          0          0          0          0        144   fepilogue.o
        50          0          0          0          0         60   ffixi.o
        22          0          0          0          0         68   fflti.o
        14          0          0          0          0         68   ffltui.o
       122          0          0          0          0         72   fmul.o

    ----------------------------------------------------------------------
      1892         48          0          0          0       1788   Library Totals
         4          0          0          0          0          0   (incl. Padding)

    ----------------------------------------------------------------------

      Code (inc. data)   RO Data    RW Data    ZI Data      Debug   Library Name

       368         16          0          0          0        532   mc_p.l
      1520         32          0          0          0       1256   mf_p.l

    ----------------------------------------------------------------------
      1892         48          0          0          0       1788   Library Totals

    ----------------------------------------------------------------------

==============================================================================


      Code (inc. data)   RO Data    RW Data    ZI Data      Debug   

     15504        974        236         60       3708     422441   Grand Totals
     15504        974        236         60       3708     422441   ELF Image Totals
     15504        974        236         60          0          0   ROM Totals

==============================================================================

    Total RO  Size (Code + RO Data)                15740 (  15.37kB)
    Total RW  Size (RW Data + ZI Data)              3768 (   3.68kB)
    Total ROM Size (Code + RO Data + RW Data)      15800 (  15.43kB)

==============================================================================

