Component: ARM Compiler 5.06 update 6 (build 750) Tool: armlink [4d35ed]

==============================================================================

Section Cross References

    startup_stm32f030x8.o(RESET) refers to startup_stm32f030x8.o(STACK) for __initial_sp
    startup_stm32f030x8.o(RESET) refers to startup_stm32f030x8.o(.text) for Reset_Handler
    startup_stm32f030x8.o(RESET) refers to stm32f0xx_it.o(i.NMI_Handler) for NMI_Handler
    startup_stm32f030x8.o(RESET) refers to stm32f0xx_it.o(i.HardFault_Handler) for HardFault_Handler
    startup_stm32f030x8.o(RESET) refers to stm32f0xx_it.o(i.SVC_Handler) for SVC_Handler
    startup_stm32f030x8.o(RESET) refers to stm32f0xx_it.o(i.PendSV_Handler) for PendSV_Handler
    startup_stm32f030x8.o(RESET) refers to stm32f0xx_it.o(i.SysTick_Handler) for SysTick_Handler
    startup_stm32f030x8.o(RESET) refers to stm32f0xx_it.o(i.RTC_IRQHandler) for RTC_IRQHandler
    startup_stm32f030x8.o(RESET) refers to stm32f0xx_it.o(i.EXTI2_3_IRQHandler) for EXTI2_3_IRQHandler
    startup_stm32f030x8.o(RESET) refers to stm32f0xx_it.o(i.EXTI4_15_IRQHandler) for EXTI4_15_IRQHandler
    startup_stm32f030x8.o(RESET) refers to stm32f0xx_it.o(i.DMA1_Channel1_IRQHandler) for DMA1_Channel1_IRQHandler
    startup_stm32f030x8.o(RESET) refers to stm32f0xx_it.o(i.DMA1_Channel4_5_IRQHandler) for DMA1_Channel4_5_IRQHandler
    startup_stm32f030x8.o(RESET) refers to stm32f0xx_it.o(i.ADC1_IRQHandler) for ADC1_IRQHandler
    startup_stm32f030x8.o(RESET) refers to stm32f0xx_it.o(i.TIM6_IRQHandler) for TIM6_IRQHandler
    startup_stm32f030x8.o(.text) refers to system_stm32f0xx.o(i.SystemInit) for SystemInit
    startup_stm32f030x8.o(.text) refers to entry.o(.ARM.Collect$$$$00000000) for __main
    main.o(i.HAL_ADC_ConvCpltCallback) refers to dfltui.o(.text) for __aeabi_ui2d
    main.o(i.HAL_ADC_ConvCpltCallback) refers to ddiv.o(.text) for __aeabi_ddiv
    main.o(i.HAL_ADC_ConvCpltCallback) refers to d2f.o(.text) for __aeabi_d2f
    main.o(i.HAL_ADC_ConvCpltCallback) refers to main.o(.data) for .data
    main.o(i.HAL_ADC_ConvCpltCallback) refers to main.o(.bss) for .bss
    main.o(i.HAL_GPIO_EXTI_Callback) refers to max30100_for_stm32_hal.o(i.max30102_getUnreadSampleCount) for max30102_getUnreadSampleCount
    main.o(i.HAL_GPIO_EXTI_Callback) refers to max30100_for_stm32_hal.o(i.max30102_getFIFO) for max30102_getFIFO
    main.o(i.HAL_GPIO_EXTI_Callback) refers to printf6.o(i.__0sprintf$6) for __2sprintf
    main.o(i.HAL_GPIO_EXTI_Callback) refers to stm32f0xx_hal_uart.o(i.HAL_UART_Transmit) for HAL_UART_Transmit
    main.o(i.HAL_GPIO_EXTI_Callback) refers to main.o(.data) for .data
    main.o(i.HAL_GPIO_EXTI_Callback) refers to main.o(.bss) for .bss
    main.o(i.HAL_GPIO_EXTI_Callback) refers to usart.o(.bss) for huart2
    main.o(i.HAL_RTC_AlarmAEventCallback) refers to main.o(.data) for .data
    main.o(i.HAL_TIM_PeriodElapsedCallback) refers to mpu6050.o(i.MPU6050_Get_Accel_RawData) for MPU6050_Get_Accel_RawData
    main.o(i.HAL_TIM_PeriodElapsedCallback) refers to mpu6050.o(i.MPU6050_Get_Gyro_RawData) for MPU6050_Get_Gyro_RawData
    main.o(i.HAL_TIM_PeriodElapsedCallback) refers to kalman.o(i.kalman_scaler_update) for kalman_scaler_update
    main.o(i.HAL_TIM_PeriodElapsedCallback) refers to kalman.o(i.kalman_2d1r_update) for kalman_2d1r_update
    main.o(i.HAL_TIM_PeriodElapsedCallback) refers to tim.o(.bss) for htim6
    main.o(i.HAL_TIM_PeriodElapsedCallback) refers to main.o(.data) for .data
    main.o(i.HAL_TIM_PeriodElapsedCallback) refers to main.o(.bss) for .bss
    main.o(i.HAL_UART_RxCpltCallback) refers to stm32f0xx_hal_uart.o(i.HAL_UART_Transmit) for HAL_UART_Transmit
    main.o(i.HAL_UART_RxCpltCallback) refers to main.o(.bss) for .bss
    main.o(i.HAL_UART_RxCpltCallback) refers to usart.o(.bss) for huart2
    main.o(i.SystemClock_Config) refers to memseta.o(.text) for __aeabi_memclr4
    main.o(i.SystemClock_Config) refers to stm32f0xx_hal_pwr.o(i.HAL_PWR_EnableBkUpAccess) for HAL_PWR_EnableBkUpAccess
    main.o(i.SystemClock_Config) refers to stm32f0xx_hal_rcc.o(i.HAL_RCC_OscConfig) for HAL_RCC_OscConfig
    main.o(i.SystemClock_Config) refers to stm32f0xx_hal_rcc.o(i.HAL_RCC_ClockConfig) for HAL_RCC_ClockConfig
    main.o(i.SystemClock_Config) refers to stm32f0xx_hal_rcc_ex.o(i.HAL_RCCEx_PeriphCLKConfig) for HAL_RCCEx_PeriphCLKConfig
    main.o(i.main) refers to stm32f0xx_hal.o(i.HAL_Init) for HAL_Init
    main.o(i.main) refers to main.o(i.SystemClock_Config) for SystemClock_Config
    main.o(i.main) refers to gpio.o(i.MX_GPIO_Init) for MX_GPIO_Init
    main.o(i.main) refers to dma.o(i.MX_DMA_Init) for MX_DMA_Init
    main.o(i.main) refers to i2c.o(i.MX_I2C1_Init) for MX_I2C1_Init
    main.o(i.main) refers to rtc.o(i.MX_RTC_Init) for MX_RTC_Init
    main.o(i.main) refers to tim.o(i.MX_TIM1_Init) for MX_TIM1_Init
    main.o(i.main) refers to tim.o(i.MX_TIM3_Init) for MX_TIM3_Init
    main.o(i.main) refers to usart.o(i.MX_USART1_UART_Init) for MX_USART1_UART_Init
[...]
    ../clib/microlib/init/entry.s            0x00000000   Number         0  entry7b.o ABSOLUTE
    ../clib/microlib/longlong.c              0x00000000   Number         0  llsshr.o ABSOLUTE
    ../clib/microlib/longlong.c              0x00000000   Number         0  llushr.o ABSOLUTE
    ../clib/microlib/longlong.c              0x00000000   Number         0  llshl.o ABSOLUTE
    ../clib/microlib/printf/printf.c         0x00000000   Number         0  printf4.o ABSOLUTE
    ../clib/microlib/printf/printf.c         0x00000000   Number         0  printf5.o ABSOLUTE
    ../clib/microlib/printf/printf.c         0x00000000   Number         0  printf6.o ABSOLUTE
    ../clib/microlib/printf/printf.c         0x00000000   Number         0  printf8.o ABSOLUTE
    ../clib/microlib/printf/printf.c         0x00000000   Number         0  printfa.o ABSOLUTE
    ../clib/microlib/printf/printf.c         0x00000000   Number         0  printf0.o ABSOLUTE
    ../clib/microlib/printf/printf.c         0x00000000   Number         0  printf7.o ABSOLUTE
    ../clib/microlib/printf/printf.c         0x00000000   Number         0  printf3.o ABSOLUTE
    ../clib/microlib/printf/printf.c         0x00000000   Number         0  printf2.o ABSOLUTE
    ../clib/microlib/printf/printf.c         0x00000000   Number         0  printf1.o ABSOLUTE
    ../clib/microlib/printf/printf.c         0x00000000   Number         0  printfb.o ABSOLUTE
    ../clib/microlib/printf/stubs.s          0x00000000   Number         0  stubs.o ABSOLUTE
    ../clib/microlib/stdio/fputc.c           0x00000000   Number         0  fputc.o ABSOLUTE
    ../clib/microlib/stdio/semi.s            0x00000000   Number         0  semi.o ABSOLUTE
    ../clib/microlib/stdio/streams.c         0x00000000   Number         0  stdout.o ABSOLUTE
    ../clib/microlib/string/memcpy.c         0x00000000   Number         0  memcpyb.o ABSOLUTE
    ../clib/microlib/string/memcpy.c         0x00000000   Number         0  memcpya.o ABSOLUTE
    ../clib/microlib/string/memset.c         0x00000000   Number         0  memseta.o ABSOLUTE
    ../clib/microlib/stubs.s                 0x00000000   Number         0  iusefp.o ABSOLUTE
    ../clib/microlib/stubs.s                 0x00000000   Number         0  iusesemip.o ABSOLUTE
    ../fplib/microlib/d2f.c                  0x00000000   Number         0  d2f.o ABSOLUTE
    ../fplib/microlib/f2d.c                  0x00000000   Number         0  f2d.o ABSOLUTE
    ../fplib/microlib/fpadd.c                0x00000000   Number         0  dadd.o ABSOLUTE
    ../fplib/microlib/fpadd.c                0x00000000   Number         0  fadd.o ABSOLUTE
    ../fplib/microlib/fpdiv.c                0x00000000   Number         0  fdiv.o ABSOLUTE
    ../fplib/microlib/fpdiv.c                0x00000000   Number         0  ddiv.o ABSOLUTE
    ../fplib/microlib/fpepilogue.c           0x00000000   Number         0  fepilogue.o ABSOLUTE
    ../fplib/microlib/fpepilogue.c           0x00000000   Number         0  depilogue.o ABSOLUTE
    ../fplib/microlib/fpfix.c                0x00000000   Number         0  dfixul.o ABSOLUTE
    ../fplib/microlib/fpfix.c                0x00000000   Number         0  ffixi.o ABSOLUTE
    ../fplib/microlib/fpfix.c                0x00000000   Number         0  dfixi.o ABSOLUTE
    ../fplib/microlib/fpfix.c                0x00000000   Number         0  ffixui.o ABSOLUTE
    ../fplib/microlib/fpfix.c                0x00000000   Number         0  dfixui.o ABSOLUTE
    ../fplib/microlib/fpflt.c                0x00000000   Number         0  dflti.o ABSOLUTE
    ../fplib/microlib/fpflt.c                0x00000000   Number         0  ffltui.o ABSOLUTE
    ../fplib/microlib/fpflt.c                0x00000000   Number         0  fflti.o ABSOLUTE
    ../fplib/microlib/fpflt.c                0x00000000   Number         0  dfltui.o ABSOLUTE
    ../fplib/microlib/fpmul.c                0x00000000   Number         0  dmul.o ABSOLUTE
    ../fplib/microlib/fpmul.c                0x00000000   Number         0  fmul.o ABSOLUTE
    ..\Drivers\STM32F0xx_HAL_Driver\Src\stm32f0xx_hal.c 0x00000000   Number         0  stm32f0xx_hal.o ABSOLUTE
    ..\Drivers\STM32F0xx_HAL_Driver\Src\stm32f0xx_hal_adc.c 0x00000000   Number         0  stm32f0xx_hal_adc.o ABSOLUTE
    ..\Drivers\STM32F0xx_HAL_Driver\Src\stm32f0xx_hal_adc_ex.c 0x00000000   Number         0  stm32f0xx_hal_adc_ex.o ABSOLUTE
    ..\Drivers\STM32F0xx_HAL_Driver\Src\stm32f0xx_hal_cortex.c 0x00000000   Number         0  stm32f0xx_hal_cortex.o ABSOLUTE
    ..\Drivers\STM32F0xx_HAL_Driver\Src\stm32f0xx_hal_dma.c 0x00000000   Number         0  stm32f0xx_hal_dma.o ABSOLUTE
    ..\Drivers\STM32F0xx_HAL_Driver\Src\stm32f0xx_hal_exti.c 0x00000000   Number         0  stm32f0xx_hal_exti.o ABSOLUTE
    ..\Drivers\STM32F0xx_HAL_Driver\Src\stm32f0xx_hal_flash.c 0x00000000   Number         0  stm32f0xx_hal_flash.o ABSOLUTE
    ..\Drivers\STM32F0xx_HAL_Driver\Src\stm32f0xx_hal_flash_ex.c 0x00000000   Number         0  stm32f0xx_hal_flash_ex.o ABSOLUTE
    ..\Drivers\STM32F0xx_HAL_Driver\Src\stm32f0xx_hal_gpio.c 0x00000000   Number         0  stm32f0xx_hal_gpio.o ABSOLUTE
    ..\Drivers\STM32F0xx_HAL_Driver\Src\stm32f0xx_hal_i2c.c 0x00000000   Number         0  stm32f0xx_hal_i2c.o ABSOLUTE
    ..\Drivers\STM32F0xx_HAL_Driver\Src\stm32f0xx_hal_i2c_ex.c 0x00000000   Number         0  stm32f0xx_hal_i2c_ex.o ABSOLUTE
    ..\Drivers\STM32F0xx_HAL_Driver\Src\stm32f0xx_hal_pwr.c 0x00000000   Number         0  stm32f0xx_hal_pwr.o ABSOLUTE
    ..\Drivers\STM32F0xx_HAL_Driver\Src\stm32f0xx_hal_pwr_ex.c 0x00000000   Number         0  stm32f0xx_hal_pwr_ex.o ABSOLUTE
    ..\Drivers\STM32F0xx_HAL_Driver\Src\stm32f0xx_hal_rcc.c 0x00000000   Number         0  stm32f0xx_hal_rcc.o ABSOLUTE
    ..\Drivers\STM32F0xx_HAL_Driver\Src\stm32f0xx_hal_rcc_ex.c 0x00000000   Number         0  stm32f0xx_hal_rcc_ex.o ABSOLUTE
    ..\Drivers\STM32F0xx_HAL_Driver\Src\stm32f0xx_hal_rtc.c 0x00000000   Number         0  stm32f0xx_hal_rtc.o ABSOLUTE
    ..\Drivers\STM32F0xx_HAL_Driver\Src\stm32f0xx_hal_rtc_ex.c 0x00000000   Number         0  stm32f0xx_hal_rtc_ex.o ABSOLUTE
    ..\Drivers\STM32F0xx_HAL_Driver\Src\stm32f0xx_hal_tim.c 0x00000000   Number         0  stm32f0xx_hal_tim.o ABSOLUTE
    ..\Drivers\STM32F0xx_HAL_Driver\Src\stm32f0xx_hal_tim_ex.c 0x00000000   Number         0  stm32f0xx_hal_tim_ex.o ABSOLUTE
    ..\Drivers\STM32F0xx_HAL_Driver\Src\stm32f0xx_hal_uart.c 0x00000000   Number         0  stm32f0xx_hal_uart.o ABSOLUTE
    ..\Drivers\STM32F0xx_HAL_Driver\Src\stm32f0xx_hal_uart_ex.c 0x00000000   Number         0  stm32f0xx_hal_uart_ex.o ABSOLUTE
    ..\MyDrivers\KalmanFilter\Kalman.c       0x00000000   Number         0  kalman.o ABSOLUTE
    ..\MyDrivers\MAX30102\max30100_for_stm32_hal.c 0x00000000   Number         0  max30100_for_stm32_hal.o ABSOLUTE
    ..\MyDrivers\MPU\MPU6050.c               0x00000000   Number         0  mpu6050.o ABSOLUTE
    ..\Src\adc.c                             0x00000000   Number         0  adc.o ABSOLUTE
    ..\Src\dma.c                             0x00000000   Number         0  dma.o ABSOLUTE
    ..\Src\gpio.c                            0x00000000   Number         0  gpio.o ABSOLUTE
    ..\Src\i2c.c                             0x00000000   Number         0  i2c.o ABSOLUTE
    ..\Src\main.c                            0x00000000   Number         0  main.o ABSOLUTE
    ..\Src\rtc.c                             0x00000000   Number         0  rtc.o ABSOLUTE
    ..\Src\stm32f0xx_hal_msp.c               0x00000000   Number         0  stm32f0xx_hal_msp.o ABSOLUTE
    ..\Src\stm32f0xx_it.c                    0x00000000   Number         0  stm32f0xx_it.o ABSOLUTE
    ..\Src\system_stm32f0xx.c                0x00000000   Number         0  system_stm32f0xx.o ABSOLUTE
    ..\Src\tim.c                             0x00000000   Number         0  tim.o ABSOLUTE
    ..\Src\usart.c                           0x00000000   Number         0  usart.o ABSOLUTE
    ..\\MyDrivers\\KalmanFilter\\Kalman.c    0x00000000   Number         0  kalman.o ABSOLUTE
    ..\\MyDrivers\\MAX30102\\max30100_for_stm32_hal.c 0x00000000   Number         0  max30100_for_stm32_hal.o ABSOLUTE
    ..\\MyDrivers\\MPU\\MPU6050.c            0x00000000   Number         0  mpu6050.o ABSOLUTE
    cdrcmple.s                               0x00000000   Number         0  cdrcmple.o ABSOLUTE
    dc.s                                     0x00000000   Number         0  dc.o ABSOLUTE
    handlers.s                               0x00000000   Number         0  handlers.o ABSOLUTE
    init.s                                   0x00000000   Number         0  init.o ABSOLUTE
    startup_stm32f030x8.s                    0x00000000   Number         0  startup_stm32f030x8.o ABSOLUTE
    RESET                                    0x08000000   Section      180  startup_stm32f030x8.o(RESET)
    .ARM.Collect$$$$00000000                 0x080000b4   Section        0  entry.o(.ARM.Collect$$$$00000000)
    .ARM.Collect$$$$00000001                 0x080000b4   Section        4  entry2.o(.ARM.Collect$$$$00000001)
    .ARM.Collect$$$$00000004                 0x080000b8   Section        4  entry5.o(.ARM.Collect$$$$00000004)
    .ARM.Collect$$$$00000008                 0x080000bc   Section        0  entry7b.o(.ARM.Collect$$$$00000008)
    .ARM.Collect$$$$0000000A                 0x080000bc   Section        0  entry8b.o(.ARM.Collect$$$$0000000A)
    .ARM.Collect$$$$0000000B                 0x080000bc   Section        8  entry9a.o(.ARM.Collect$$$$0000000B)
    .ARM.Collect$$$$0000000D                 0x080000c4   Section        0  entry10a.o(.ARM.Collect$$$$0000000D)
    .ARM.Collect$$$$0000000F                 0x080000c4   Section        0  entry11a.o(.ARM.Collect$$$$0000000F)
    .ARM.Collect$$$$00002712                 0x080000c4   Section        4  entry2.o(.ARM.Collect$$$$00002712)
    __lit__00000000                          0x080000c4   Data           4  entry2.o(.ARM.Collect$$$$00002712)
    .text                                    0x080000c8   Section       28  startup_stm32f030x8.o(.text)
    .text                                    0x080000e4   Section        0  uidiv.o(.text)
    .text                                    0x08000110   Section        0  uldiv.o(.text)
    .text                                    0x08000170   Section        0  llushr.o(.text)
    .text                                    0x08000192   Section        0  memcpya.o(.text)
    .text                                    0x080001b6   Section        0  memseta.o(.text)
    .text                                    0x080001da   Section        0  fadd.o(.text)
    .text                                    0x0800028c   Section        0  fmul.o(.text)
    .text                                    0x08000306   Section        0  fdiv.o(.text)
    .text                                    0x08000384   Section        0  ddiv.o(.text)
    .text                                    0x08000474   Section        0  fflti.o(.text)
    .text                                    0x0800048a   Section        0  ffltui.o(.text)
    .text                                    0x08000498   Section        0  dfltui.o(.text)
    .text                                    0x080004b4   Section        0  ffixi.o(.text)
    .text                                    0x080004e6   Section        0  d2f.o(.text)
    .text                                    0x0800051e   Section        0  llshl.o(.text)
    .text                                    0x0800053e   Section        0  iusefp.o(.text)
    .text                                    0x0800053e   Section        0  fepilogue.o(.text)
    .text                                    0x080005c0   Section        0  depilogue.o(.text)
    .text                                    0x08000680   Section       36  init.o(.text)
    i.ADC1_IRQHandler                        0x080006a4   Section        0  stm32f0xx_it.o(i.ADC1_IRQHandler)
    i.ADC_DMAConvCplt                        0x080006b4   Section        0  stm32f0xx_hal_adc.o(i.ADC_DMAConvCplt)
    ADC_DMAConvCplt                          0x080006b5   Thumb Code   108  stm32f0xx_hal_adc.o(i.ADC_DMAConvCplt)
    i.ADC_DMAError                           0x08000720   Section        0  stm32f0xx_hal_adc.o(i.ADC_DMAError)
    ADC_DMAError                             0x08000721   Thumb Code    26  stm32f0xx_hal_adc.o(i.ADC_DMAError)
    i.ADC_DMAHalfConvCplt                    0x0800073a   Section        0  stm32f0xx_hal_adc.o(i.ADC_DMAHalfConvCplt)
    ADC_DMAHalfConvCplt                      0x0800073b   Thumb Code    10  stm32f0xx_hal_adc.o(i.ADC_DMAHalfConvCplt)
    i.ADC_Enable                             0x08000744   Section        0  stm32f0xx_hal_adc.o(i.ADC_Enable)
    ADC_Enable                               0x08000745   Thumb Code   130  stm32f0xx_hal_adc.o(i.ADC_Enable)
    i.DMA1_Channel1_IRQHandler               0x080007d4   Section        0  stm32f0xx_it.o(i.DMA1_Channel1_IRQHandler)
    i.DMA1_Channel4_5_IRQHandler             0x080007e4   Section        0  stm32f0xx_it.o(i.DMA1_Channel4_5_IRQHandler)
    i.DMA_CalcBaseAndBitshift                0x080007f4   Section        0  stm32f0xx_hal_dma.o(i.DMA_CalcBaseAndBitshift)
    DMA_CalcBaseAndBitshift                  0x080007f5   Thumb Code    26  stm32f0xx_hal_dma.o(i.DMA_CalcBaseAndBitshift)
    i.DMA_SetConfig                          0x08000818   Section        0  stm32f0xx_hal_dma.o(i.DMA_SetConfig)
    DMA_SetConfig                            0x08000819   Thumb Code    40  stm32f0xx_hal_dma.o(i.DMA_SetConfig)
    i.EXTI2_3_IRQHandler                     0x08000840   Section        0  stm32f0xx_it.o(i.EXTI2_3_IRQHandler)
    i.EXTI4_15_IRQHandler                    0x0800084a   Section        0  stm32f0xx_it.o(i.EXTI4_15_IRQHandler)
    i.Error_Handler                          0x08000878   Section        0  main.o(i.Error_Handler)
    i.HAL_ADC_ConfigChannel                  0x0800087c   Section        0  stm32f0xx_hal_adc.o(i.HAL_ADC_ConfigChannel)
    i.HAL_ADC_ConvCpltCallback               0x0800098c   Section        0  main.o(i.HAL_ADC_ConvCpltCallback)
    i.HAL_ADC_ConvHalfCpltCallback           0x080009cc   Section        0  stm32f0xx_hal_adc.o(i.HAL_ADC_ConvHalfCpltCallback)
    i.HAL_ADC_ErrorCallback                  0x080009ce   Section        0  stm32f0xx_hal_adc.o(i.HAL_ADC_ErrorCallback)
    i.HAL_ADC_IRQHandler                     0x080009d0   Section        0  stm32f0xx_hal_adc.o(i.HAL_ADC_IRQHandler)
    i.HAL_ADC_Init                           0x08000aa0   Section        0  stm32f0xx_hal_adc.o(i.HAL_ADC_Init)
    i.HAL_ADC_LevelOutOfWindowCallback       0x08000c18   Section        0  stm32f0xx_hal_adc.o(i.HAL_ADC_LevelOutOfWindowCallback)
    i.HAL_ADC_MspInit                        0x08000c1c   Section        0  adc.o(i.HAL_ADC_MspInit)
    i.HAL_ADC_Start_DMA                      0x08000cb8   Section        0  stm32f0xx_hal_adc.o(i.HAL_ADC_Start_DMA)
    i.HAL_DMA_IRQHandler                     0x08000d58   Section        0  stm32f0xx_hal_dma.o(i.HAL_DMA_IRQHandler)
    i.HAL_DMA_Init                           0x08000df4   Section        0  stm32f0xx_hal_dma.o(i.HAL_DMA_Init)
    i.HAL_DMA_Start_IT                       0x08000e48   Section        0  stm32f0xx_hal_dma.o(i.HAL_DMA_Start_IT)
    i.HAL_Delay                              0x08000eb4   Section        0  stm32f0xx_hal.o(i.HAL_Delay)
    i.HAL_GPIO_EXTI_Callback                 0x08000ed8   Section        0  main.o(i.HAL_GPIO_EXTI_Callback)
    i.HAL_GPIO_EXTI_IRQHandler               0x08000f24   Section        0  stm32f0xx_hal_gpio.o(i.HAL_GPIO_EXTI_IRQHandler)
    i.HAL_GPIO_Init                          0x08000f3c   Section        0  stm32f0xx_hal_gpio.o(i.HAL_GPIO_Init)
    i.HAL_GPIO_WritePin                      0x080010e0   Section        0  stm32f0xx_hal_gpio.o(i.HAL_GPIO_WritePin)
    i.HAL_GetTick                            0x080010ec   Section        0  stm32f0xx_hal.o(i.HAL_GetTick)
    i.HAL_I2CEx_ConfigAnalogFilter           0x080010f8   Section        0  stm32f0xx_hal_i2c_ex.o(i.HAL_I2CEx_ConfigAnalogFilter)
    i.HAL_I2CEx_ConfigDigitalFilter          0x08001142   Section        0  stm32f0xx_hal_i2c_ex.o(i.HAL_I2CEx_ConfigDigitalFilter)
    i.HAL_I2C_Init                           0x0800118c   Section        0  stm32f0xx_hal_i2c.o(i.HAL_I2C_Init)
    i.HAL_I2C_Master_Receive                 0x08001240   Section        0  stm32f0xx_hal_i2c.o(i.HAL_I2C_Master_Receive)
    i.HAL_I2C_Master_Transmit                0x08001350   Section        0  stm32f0xx_hal_i2c.o(i.HAL_I2C_Master_Transmit)
    i.HAL_I2C_Mem_Read                       0x08001460   Section        0  stm32f0xx_hal_i2c.o(i.HAL_I2C_Mem_Read)
    i.HAL_I2C_MspInit                        0x080015b4   Section        0  i2c.o(i.HAL_I2C_MspInit)
    i.HAL_IncTick                            0x08001618   Section        0  stm32f0xx_hal.o(i.HAL_IncTick)
    i.HAL_Init                               0x08001628   Section        0  stm32f0xx_hal.o(i.HAL_Init)
    i.HAL_InitTick                           0x08001648   Section        0  stm32f0xx_hal.o(i.HAL_InitTick)
    i.HAL_MspInit                            0x0800168c   Section        0  stm32f0xx_hal_msp.o(i.HAL_MspInit)
    i.HAL_NVIC_EnableIRQ                     0x080016b4   Section        0  stm32f0xx_hal_cortex.o(i.HAL_NVIC_EnableIRQ)
    i.HAL_NVIC_SetPriority                   0x080016cc   Section        0  stm32f0xx_hal_cortex.o(i.HAL_NVIC_SetPriority)
    i.HAL_PWR_EnableBkUpAccess               0x080016d4   Section        0  stm32f0xx_hal_pwr.o(i.HAL_PWR_EnableBkUpAccess)
    i.HAL_RCCEx_PeriphCLKConfig              0x080016e4   Section        0  stm32f0xx_hal_rcc_ex.o(i.HAL_RCCEx_PeriphCLKConfig)
    i.HAL_RCC_ClockConfig                    0x080017cc   Section        0  stm32f0xx_hal_rcc.o(i.HAL_RCC_ClockConfig)
    i.HAL_RCC_GetPCLK1Freq                   0x080018d4   Section        0  stm32f0xx_hal_rcc.o(i.HAL_RCC_GetPCLK1Freq)
    i.HAL_RCC_GetSysClockFreq                0x080018f4   Section        0  stm32f0xx_hal_rcc.o(i.HAL_RCC_GetSysClockFreq)
    i.HAL_RCC_OscConfig                      0x08001974   Section        0  stm32f0xx_hal_rcc.o(i.HAL_RCC_OscConfig)
    i.HAL_RTC_AlarmAEventCallback            0x08001cfc   Section        0  main.o(i.HAL_RTC_AlarmAEventCallback)
    i.HAL_RTC_AlarmIRQHandler                0x08001d0c   Section        0  stm32f0xx_hal_rtc.o(i.HAL_RTC_AlarmIRQHandler)
    i.HAL_RTC_Init                           0x08001d44   Section        0  stm32f0xx_hal_rtc.o(i.HAL_RTC_Init)
    i.HAL_RTC_MspInit                        0x08001df8   Section        0  rtc.o(i.HAL_RTC_MspInit)
    i.HAL_RTC_SetAlarm_IT                    0x08001e28   Section        0  stm32f0xx_hal_rtc.o(i.HAL_RTC_SetAlarm_IT)
    i.HAL_RTC_SetDate                        0x08001f4c   Section        0  stm32f0xx_hal_rtc.o(i.HAL_RTC_SetDate)
    i.HAL_RTC_SetTime                        0x08002008   Section        0  stm32f0xx_hal_rtc.o(i.HAL_RTC_SetTime)
    i.HAL_RTC_WaitForSynchro                 0x080020e4   Section        0  stm32f0xx_hal_rtc.o(i.HAL_RTC_WaitForSynchro)
    i.HAL_SYSTICK_Config                     0x08002118   Section        0  stm32f0xx_hal_cortex.o(i.HAL_SYSTICK_Config)
    i.HAL_TIMEx_BreakCallback                0x08002148   Section        0  stm32f0xx_hal_tim_ex.o(i.HAL_TIMEx_BreakCallback)
    i.HAL_TIMEx_CommutCallback               0x0800214a   Section        0  stm32f0xx_hal_tim_ex.o(i.HAL_TIMEx_CommutCallback)
    i.HAL_TIMEx_ConfigBreakDeadTime          0x0800214c   Section        0  stm32f0xx_hal_tim_ex.o(i.HAL_TIMEx_ConfigBreakDeadTime)
    i.HAL_TIMEx_MasterConfigSynchronization  0x080021ac   Section        0  stm32f0xx_hal_tim_ex.o(i.HAL_TIMEx_MasterConfigSynchronization)
    i.HAL_TIM_Base_Init                      0x08002208   Section        0  stm32f0xx_hal_tim.o(i.HAL_TIM_Base_Init)
    i.HAL_TIM_Base_MspInit                   0x08002250   Section        0  tim.o(i.HAL_TIM_Base_MspInit)
    i.HAL_TIM_Base_Start                     0x080022b4   Section        0  stm32f0xx_hal_tim.o(i.HAL_TIM_Base_Start)
    i.HAL_TIM_Base_Start_IT                  0x080022fc   Section        0  stm32f0xx_hal_tim.o(i.HAL_TIM_Base_Start_IT)
    i.HAL_TIM_ConfigClockSource              0x0800234c   Section        0  stm32f0xx_hal_tim.o(i.HAL_TIM_ConfigClockSource)
    i.HAL_TIM_IC_CaptureCallback             0x08002428   Section        0  stm32f0xx_hal_tim.o(i.HAL_TIM_IC_CaptureCallback)
    i.HAL_TIM_IRQHandler                     0x0800242a   Section        0  stm32f0xx_hal_tim.o(i.HAL_TIM_IRQHandler)
    i.HAL_TIM_MspPostInit                    0x0800258c   Section        0  tim.o(i.HAL_TIM_MspPostInit)
    i.HAL_TIM_OC_DelayElapsedCallback        0x08002604   Section        0  stm32f0xx_hal_tim.o(i.HAL_TIM_OC_DelayElapsedCallback)
    i.HAL_TIM_PWM_ConfigChannel              0x08002606   Section        0  stm32f0xx_hal_tim.o(i.HAL_TIM_PWM_ConfigChannel)
    i.HAL_TIM_PWM_Init                       0x080026d6   Section        0  stm32f0xx_hal_tim.o(i.HAL_TIM_PWM_Init)
    i.HAL_TIM_PWM_MspInit                    0x0800271e   Section        0  stm32f0xx_hal_tim.o(i.HAL_TIM_PWM_MspInit)
    i.HAL_TIM_PWM_PulseFinishedCallback      0x08002720   Section        0  stm32f0xx_hal_tim.o(i.HAL_TIM_PWM_PulseFinishedCallback)
    i.HAL_TIM_PeriodElapsedCallback          0x08002724   Section        0  main.o(i.HAL_TIM_PeriodElapsedCallback)
    i.HAL_TIM_TriggerCallback                0x080027c8   Section        0  stm32f0xx_hal_tim.o(i.HAL_TIM_TriggerCallback)
    i.HAL_UARTEx_RxEventCallback             0x080027ca   Section        0  stm32f0xx_hal_uart.o(i.HAL_UARTEx_RxEventCallback)
    i.HAL_UART_ErrorCallback                 0x080027cc   Section        0  stm32f0xx_hal_uart.o(i.HAL_UART_ErrorCallback)
    i.HAL_UART_Init                          0x080027ce   Section        0  stm32f0xx_hal_uart.o(i.HAL_UART_Init)
    i.HAL_UART_MspInit                       0x08002838   Section        0  usart.o(i.HAL_UART_MspInit)
    i.HAL_UART_Receive_DMA                   0x08002904   Section        0  stm32f0xx_hal_uart.o(i.HAL_UART_Receive_DMA)
    i.HAL_UART_RxCpltCallback                0x08002968   Section        0  main.o(i.HAL_UART_RxCpltCallback)
    i.HAL_UART_RxHalfCpltCallback            0x08002984   Section        0  stm32f0xx_hal_uart.o(i.HAL_UART_RxHalfCpltCallback)
    i.HAL_UART_Transmit                      0x08002986   Section        0  stm32f0xx_hal_uart.o(i.HAL_UART_Transmit)
    i.HardFault_Handler                      0x08002a58   Section        0  stm32f0xx_it.o(i.HardFault_Handler)
    i.I2C_Flush_TXDR                         0x08002a5a   Section        0  stm32f0xx_hal_i2c.o(i.I2C_Flush_TXDR)
    I2C_Flush_TXDR                           0x08002a5b   Thumb Code    34  stm32f0xx_hal_i2c.o(i.I2C_Flush_TXDR)
    i.I2C_IsAcknowledgeFailed                0x08002a7c   Section        0  stm32f0xx_hal_i2c.o(i.I2C_IsAcknowledgeFailed)
    I2C_IsAcknowledgeFailed                  0x08002a7d   Thumb Code   130  stm32f0xx_hal_i2c.o(i.I2C_IsAcknowledgeFailed)
    i.I2C_Read                               0x08002b04   Section        0  mpu6050.o(i.I2C_Read)
    i.I2C_RequestMemoryRead                  0x08002b38   Section        0  stm32f0xx_hal_i2c.o(i.I2C_RequestMemoryRead)
    I2C_RequestMemoryRead                    0x08002b39   Thumb Code    92  stm32f0xx_hal_i2c.o(i.I2C_RequestMemoryRead)
    i.I2C_TransferConfig                     0x08002b98   Section        0  stm32f0xx_hal_i2c.o(i.I2C_TransferConfig)
    I2C_TransferConfig                       0x08002b99   Thumb Code    34  stm32f0xx_hal_i2c.o(i.I2C_TransferConfig)
    i.I2C_WaitOnFlagUntilTimeout             0x08002bc0   Section        0  stm32f0xx_hal_i2c.o(i.I2C_WaitOnFlagUntilTimeout)
    I2C_WaitOnFlagUntilTimeout               0x08002bc1   Thumb Code    78  stm32f0xx_hal_i2c.o(i.I2C_WaitOnFlagUntilTimeout)
    i.I2C_WaitOnRXNEFlagUntilTimeout         0x08002c10   Section        0  stm32f0xx_hal_i2c.o(i.I2C_WaitOnRXNEFlagUntilTimeout)
    I2C_WaitOnRXNEFlagUntilTimeout           0x08002c11   Thumb Code   122  stm32f0xx_hal_i2c.o(i.I2C_WaitOnRXNEFlagUntilTimeout)
    i.I2C_WaitOnSTOPFlagUntilTimeout         0x08002c90   Section        0  stm32f0xx_hal_i2c.o(i.I2C_WaitOnSTOPFlagUntilTimeout)
    I2C_WaitOnSTOPFlagUntilTimeout           0x08002c91   Thumb Code    76  stm32f0xx_hal_i2c.o(i.I2C_WaitOnSTOPFlagUntilTimeout)
    i.I2C_WaitOnTXISFlagUntilTimeout         0x08002cdc   Section        0  stm32f0xx_hal_i2c.o(i.I2C_WaitOnTXISFlagUntilTimeout)
    I2C_WaitOnTXISFlagUntilTimeout           0x08002cdd   Thumb Code    80  stm32f0xx_hal_i2c.o(i.I2C_WaitOnTXISFlagUntilTimeout)
    i.I2C_Write8                             0x08002d2c   Section        0  mpu6050.o(i.I2C_Write8)
    i.MPU6050_Config                         0x08002d4c   Section        0  mpu6050.o(i.MPU6050_Config)
    i.MPU6050_Get_Accel_RawData              0x08002da4   Section        0  mpu6050.o(i.MPU6050_Get_Accel_RawData)
    i.MPU6050_Get_Gyro_RawData               0x08002e28   Section        0  mpu6050.o(i.MPU6050_Get_Gyro_RawData)
    i.MPU6050_Init                           0x08002e3c   Section        0  mpu6050.o(i.MPU6050_Init)
    i.MPU6050_Set_SMPRT_DIV                  0x08002e50   Section        0  mpu6050.o(i.MPU6050_Set_SMPRT_DIV)
    i.MX_ADC_Init                            0x08002e5c   Section        0  adc.o(i.MX_ADC_Init)
    i.MX_DMA_Init                            0x08002ec4   Section        0  dma.o(i.MX_DMA_Init)
    i.MX_GPIO_Init                           0x08002efc   Section        0  gpio.o(i.MX_GPIO_Init)
    i.MX_I2C1_Init                           0x08002fec   Section        0  i2c.o(i.MX_I2C1_Init)
    i.MX_RTC_Init                            0x08003044   Section        0  rtc.o(i.MX_RTC_Init)
    i.MX_TIM1_Init                           0x08003104   Section        0  tim.o(i.MX_TIM1_Init)
    i.MX_TIM3_Init                           0x080031e0   Section        0  tim.o(i.MX_TIM3_Init)
    i.MX_TIM6_Init                           0x08003288   Section        0  tim.o(i.MX_TIM6_Init)
    i.MX_USART1_UART_Init                    0x080032b8   Section        0  usart.o(i.MX_USART1_UART_Init)
    i.MX_USART2_UART_Init                    0x080032f0   Section        0  usart.o(i.MX_USART2_UART_Init)
    i.NMI_Handler                            0x08003330   Section        0  stm32f0xx_it.o(i.NMI_Handler)
    i.PendSV_Handler                         0x08003332   Section        0  stm32f0xx_it.o(i.PendSV_Handler)
    i.RTC_ByteToBcd2                         0x08003334   Section        0  stm32f0xx_hal_rtc.o(i.RTC_ByteToBcd2)
    i.RTC_EnterInitMode                      0x0800334a   Section        0  stm32f0xx_hal_rtc.o(i.RTC_EnterInitMode)
    i.RTC_IRQHandler                         0x08003384   Section        0  stm32f0xx_it.o(i.RTC_IRQHandler)
    i.SVC_Handler                            0x08003394   Section        0  stm32f0xx_it.o(i.SVC_Handler)
    i.SysTick_Handler                        0x08003396   Section        0  stm32f0xx_it.o(i.SysTick_Handler)
    i.SystemClock_Config                     0x080033a0   Section        0  main.o(i.SystemClock_Config)
    i.SystemInit                             0x08003424   Section        0  system_stm32f0xx.o(i.SystemInit)
    i.TIM6_IRQHandler                        0x08003428   Section        0  stm32f0xx_it.o(i.TIM6_IRQHandler)
    i.TIM_Base_SetConfig                     0x08003438   Section        0  stm32f0xx_hal_tim.o(i.TIM_Base_SetConfig)
    i.TIM_ETR_SetConfig                      0x080034c0   Section        0  stm32f0xx_hal_tim.o(i.TIM_ETR_SetConfig)
    i.TIM_ITRx_SetConfig                     0x080034d6   Section        0  stm32f0xx_hal_tim.o(i.TIM_ITRx_SetConfig)
    TIM_ITRx_SetConfig                       0x080034d7   Thumb Code    16  stm32f0xx_hal_tim.o(i.TIM_ITRx_SetConfig)
    i.TIM_OC1_SetConfig                      0x080034e8   Section        0  stm32f0xx_hal_tim.o(i.TIM_OC1_SetConfig)
    TIM_OC1_SetConfig                        0x080034e9   Thumb Code   120  stm32f0xx_hal_tim.o(i.TIM_OC1_SetConfig)
    i.TIM_OC2_SetConfig                      0x08003570   Section        0  stm32f0xx_hal_tim.o(i.TIM_OC2_SetConfig)
    i.TIM_OC3_SetConfig                      0x080035f0   Section        0  stm32f0xx_hal_tim.o(i.TIM_OC3_SetConfig)
    TIM_OC3_SetConfig                        0x080035f1   Thumb Code   114  stm32f0xx_hal_tim.o(i.TIM_OC3_SetConfig)
    i.TIM_OC4_SetConfig                      0x08003674   Section        0  stm32f0xx_hal_tim.o(i.TIM_OC4_SetConfig)
    TIM_OC4_SetConfig                        0x08003675   Thumb Code    90  stm32f0xx_hal_tim.o(i.TIM_OC4_SetConfig)
    i.TIM_TI1_ConfigInputStage               0x080036e0   Section        0  stm32f0xx_hal_tim.o(i.TIM_TI1_ConfigInputStage)
    TIM_TI1_ConfigInputStage                 0x080036e1   Thumb Code    34  stm32f0xx_hal_tim.o(i.TIM_TI1_ConfigInputStage)
    i.TIM_TI2_ConfigInputStage               0x08003702   Section        0  stm32f0xx_hal_tim.o(i.TIM_TI2_ConfigInputStage)
    TIM_TI2_ConfigInputStage                 0x08003703   Thumb Code    38  stm32f0xx_hal_tim.o(i.TIM_TI2_ConfigInputStage)
    i.UART_AdvFeatureConfig                  0x08003728   Section        0  stm32f0xx_hal_uart.o(i.UART_AdvFeatureConfig)
    i.UART_CheckIdleState                    0x080037f4   Section        0  stm32f0xx_hal_uart.o(i.UART_CheckIdleState)
    i.UART_DMAError                          0x08003858   Section        0  stm32f0xx_hal_uart.o(i.UART_DMAError)
    UART_DMAError                            0x08003859   Thumb Code    76  stm32f0xx_hal_uart.o(i.UART_DMAError)
    i.UART_DMAReceiveCplt                    0x080038a4   Section        0  stm32f0xx_hal_uart.o(i.UART_DMAReceiveCplt)
    UART_DMAReceiveCplt                      0x080038a5   Thumb Code   148  stm32f0xx_hal_uart.o(i.UART_DMAReceiveCplt)
    i.UART_DMARxHalfCplt                     0x08003938   Section        0  stm32f0xx_hal_uart.o(i.UART_DMARxHalfCplt)
    UART_DMARxHalfCplt                       0x08003939   Thumb Code    28  stm32f0xx_hal_uart.o(i.UART_DMARxHalfCplt)
    i.UART_EndRxTransfer                     0x08003954   Section        0  stm32f0xx_hal_uart.o(i.UART_EndRxTransfer)
    UART_EndRxTransfer                       0x08003955   Thumb Code    94  stm32f0xx_hal_uart.o(i.UART_EndRxTransfer)
    i.UART_EndTxTransfer                     0x080039b2   Section        0  stm32f0xx_hal_uart.o(i.UART_EndTxTransfer)
    UART_EndTxTransfer                       0x080039b3   Thumb Code    32  stm32f0xx_hal_uart.o(i.UART_EndTxTransfer)
    i.UART_SetConfig                         0x080039d4   Section        0  stm32f0xx_hal_uart.o(i.UART_SetConfig)
    i.UART_Start_Receive_DMA                 0x08003b08   Section        0  stm32f0xx_hal_uart.o(i.UART_Start_Receive_DMA)
    i.UART_WaitOnFlagUntilTimeout            0x08003bb8   Section        0  stm32f0xx_hal_uart.o(i.UART_WaitOnFlagUntilTimeout)
    i.__0sprintf$6                           0x08003c8c   Section        0  printf6.o(i.__0sprintf$6)
    i.__ARM_clz                              0x08003cb4   Section        0  depilogue.o(i.__ARM_clz)
    i.__ARM_common_ll_muluu                  0x08003ce2   Section        0  stm32f0xx_hal_rcc.o(i.__ARM_common_ll_muluu)
    i.__NVIC_SetPriority                     0x08003d14   Section        0  stm32f0xx_hal_cortex.o(i.__NVIC_SetPriority)
    __NVIC_SetPriority                       0x08003d15   Thumb Code    60  stm32f0xx_hal_cortex.o(i.__NVIC_SetPriority)
    i.__scatterload_copy                     0x08003d58   Section       14  handlers.o(i.__scatterload_copy)
    i.__scatterload_null                     0x08003d66   Section        2  handlers.o(i.__scatterload_null)
    i.__scatterload_zeroinit                 0x08003d68   Section       14  handlers.o(i.__scatterload_zeroinit)
    i._printf_core                           0x08003d78   Section        0  printf6.o(i._printf_core)
    _printf_core                             0x08003d79   Thumb Code   768  printf6.o(i._printf_core)
    i._printf_post_padding                   0x0800407c   Section        0  printf6.o(i._printf_post_padding)
    _printf_post_padding                     0x0800407d   Thumb Code    32  printf6.o(i._printf_post_padding)
    i._printf_pre_padding                    0x0800409c   Section        0  printf6.o(i._printf_pre_padding)
    _printf_pre_padding                      0x0800409d   Thumb Code    44  printf6.o(i._printf_pre_padding)
    i._sputc                                 0x080040c8   Section        0  printf6.o(i._sputc)
    _sputc                                   0x080040c9   Thumb Code    10  printf6.o(i._sputc)
    i.kalman_2d1r_init                       0x080040d2   Section        0  kalman.o(i.kalman_2d1r_init)
    i.kalman_2d1r_update                     0x080040e0   Section        0  kalman.o(i.kalman_2d1r_update)
    i.kalman_scaler_init                     0x080041c4   Section        0  kalman.o(i.kalman_scaler_init)
    i.kalman_scaler_update                   0x080041d6   Section        0  kalman.o(i.kalman_scaler_update)
    i.main                                   0x08004244   Section        0  main.o(i.main)
    i.max30102_getFIFO                       0x08004344   Section        0  max30100_for_stm32_hal.o(i.max30102_getFIFO)
    i.max30102_getUnreadSampleCount          0x080043b8   Section        0  max30100_for_stm32_hal.o(i.max30102_getUnreadSampleCount)
    .constdata                               0x08004408   Section       16  system_stm32f0xx.o(.constdata)
    .constdata                               0x08004418   Section        8  system_stm32f0xx.o(.constdata)
    .data                                    0x20000000   Section       38  main.o(.data)
    .data                                    0x20000028   Section        4  system_stm32f0xx.o(.data)
    .data                                    0x2000002c   Section        6  mpu6050.o(.data)
    GyroRW                                   0x2000002c   Data           6  mpu6050.o(.data)
    .data                                    0x20000034   Section       12  stm32f0xx_hal.o(.data)
    .bss                                     0x20000040   Section     4240  main.o(.bss)
    .bss                                     0x200010d0   Section      132  adc.o(.bss)
    .bss                                     0x20001154   Section       76  i2c.o(.bss)
    .bss                                     0x200011a0   Section       32  rtc.o(.bss)
    .bss                                     0x200011c0   Section      216  tim.o(.bss)
    .bss                                     0x20001298   Section      332  usart.o(.bss)
    .bss                                     0x200013e4   Section       76  mpu6050.o(.bss)
    i2cHandler                               0x200013e4   Data          76  mpu6050.o(.bss)
    STACK                                    0x20001430   Section     1536  startup_stm32f030x8.o(STACK)

    Global Symbols

    Symbol Name                              Value     Ov Type        Size  Object(Section)

    BuildAttributes$$THM_ISAv3M$S$PE$A:L22$X:L11$S22$IEEE1$IW$USESV6$~STKCKD$USESV7$~SHL$OTIME$ROPI$EBA8$MICROLIB$REQ8$PRES8$EABIv2 0x00000000   Number         0  anon$$obj.o ABSOLUTE
    __ARM_use_no_argv                        0x00000000   Number         0  main.o ABSOLUTE
    _printf_a                                0x00000000   Number         0  stubs.o ABSOLUTE
    _printf_c                                0x00000000   Number         0  stubs.o ABSOLUTE
    _printf_charcount                        0x00000000   Number         0  stubs.o ABSOLUTE
    _printf_d                                0x00000000   Number         0  stubs.o ABSOLUTE
    _printf_e                                0x00000000   Number         0  stubs.o ABSOLUTE
    _printf_f                                0x00000000   Number         0  stubs.o ABSOLUTE
    _printf_flags                            0x00000000   Number         0  stubs.o ABSOLUTE
    _printf_fp_dec                           0x00000000   Number         0  stubs.o ABSOLUTE
    _printf_fp_hex                           0x00000000   Number         0  stubs.o ABSOLUTE
    _printf_g                                0x00000000   Number         0  stubs.o ABSOLUTE
    _printf_i                                0x00000000   Number         0  stubs.o ABSOLUTE
    _printf_int_dec                          0x00000000   Number         0  stubs.o ABSOLUTE
    _printf_l                                0x00000000   Number         0  stubs.o ABSOLUTE
    _printf_lc                               0x00000000   Number         0  stubs.o ABSOLUTE
    _printf_ll                               0x00000000   Number         0  stubs.o ABSOLUTE
    _printf_lld                              0x00000000   Number         0  stubs.o ABSOLUTE
    _printf_lli                              0x00000000   Number         0  stubs.o ABSOLUTE
    _printf_llo                              0x00000000   Number         0  stubs.o ABSOLUTE
    _printf_llu                              0x00000000   Number         0  stubs.o ABSOLUTE
    _printf_llx                              0x00000000   Number         0  stubs.o ABSOLUTE
    _printf_longlong_dec                     0x00000000   Number         0  stubs.o ABSOLUTE
    _printf_longlong_hex                     0x00000000   Number         0  stubs.o ABSOLUTE
    _printf_longlong_oct                     0x00000000   Number         0  stubs.o ABSOLUTE
    _printf_ls                               0x00000000   Number         0  stubs.o ABSOLUTE
    _printf_mbtowc                           0x00000000   Number         0  stubs.o ABSOLUTE
    _printf_n                                0x00000000   Number         0  stubs.o ABSOLUTE
    _printf_o                                0x00000000   Number         0  stubs.o ABSOLUTE
    _printf_p                                0x00000000   Number         0  stubs.o ABSOLUTE
    _printf_percent                          0x00000000   Number         0  stubs.o ABSOLUTE
    _printf_pre_padding                      0x00000000   Number         0  stubs.o ABSOLUTE
    _printf_return_value                     0x00000000   Number         0  stubs.o ABSOLUTE
    _printf_s                                0x00000000   Number         0  stubs.o ABSOLUTE
    _printf_sizespec                         0x00000000   Number         0  stubs.o ABSOLUTE
    _printf_str                              0x00000000   Number         0  stubs.o ABSOLUTE
    _printf_truncate_signed                  0x00000000   Number         0  stubs.o ABSOLUTE
    _printf_truncate_unsigned                0x00000000   Number         0  stubs.o ABSOLUTE
    _printf_u                                0x00000000   Number         0  stubs.o ABSOLUTE
    _printf_wc                               0x00000000   Number         0  stubs.o ABSOLUTE
    _printf_wctomb                           0x00000000   Number         0  stubs.o ABSOLUTE
    _printf_widthprec                        0x00000000   Number         0  stubs.o ABSOLUTE
    _printf_x                                0x00000000   Number         0  stubs.o ABSOLUTE
    __cpp_initialize__aeabi_                  - Undefined Weak Reference
    __cxa_finalize                            - Undefined Weak Reference
    __decompress                              - Undefined Weak Reference
    _clock_init                               - Undefined Weak Reference
    _microlib_exit                            - Undefined Weak Reference
    __Vectors_Size                           0x000000b4   Number         0  startup_stm32f030x8.o ABSOLUTE
    __Vectors                                0x08000000   Data           4  startup_stm32f030x8.o(RESET)
    __Vectors_End                            0x080000b4   Data           0  startup_stm32f030x8.o(RESET)
    __main                                   0x080000b5   Thumb Code     0  entry.o(.ARM.Collect$$$$00000000)
    _main_stk                                0x080000b5   Thumb Code     0  entry2.o(.ARM.Collect$$$$00000001)
    _main_scatterload                        0x080000b9   Thumb Code     0  entry5.o(.ARM.Collect$$$$00000004)
    __main_after_scatterload                 0x080000bd   Thumb Code     0  entry5.o(.ARM.Collect$$$$00000004)
    _main_clock                              0x080000bd   Thumb Code     0  entry7b.o(.ARM.Collect$$$$00000008)
    _main_cpp_init                           0x080000bd   Thumb Code     0  entry8b.o(.ARM.Collect$$$$0000000A)
    _main_init                               0x080000bd   Thumb Code     0  entry9a.o(.ARM.Collect$$$$0000000B)
    __rt_final_cpp                           0x080000c5   Thumb Code     0  entry10a.o(.ARM.Collect$$$$0000000D)
    __rt_final_exit                          0x080000c5   Thumb Code     0  entry11a.o(.ARM.Collect$$$$0000000F)
    Reset_Handler                            0x080000c9   Thumb Code     8  startup_stm32f030x8.o(.text)
    DMA1_Channel2_3_IRQHandler               0x080000db   Thumb Code     0  startup_stm32f030x8.o(.text)
    EXTI0_1_IRQHandler                       0x080000db   Thumb Code     0  startup_stm32f030x8.o(.text)
    FLASH_IRQHandler                         0x080000db   Thumb Code     0  startup_stm32f030x8.o(.text)
    I2C1_IRQHandler                          0x080000db   Thumb Code     0  startup_stm32f030x8.o(.text)
    I2C2_IRQHandler                          0x080000db   Thumb Code     0  startup_stm32f030x8.o(.text)
    RCC_IRQHandler                           0x080000db   Thumb Code     0  startup_stm32f030x8.o(.text)
    SPI1_IRQHandler                          0x080000db   Thumb Code     0  startup_stm32f030x8.o(.text)
    SPI2_IRQHandler                          0x080000db   Thumb Code     0  startup_stm32f030x8.o(.text)
    TIM14_IRQHandler                         0x080000db   Thumb Code     0  startup_stm32f030x8.o(.text)
    TIM15_IRQHandler                         0x080000db   Thumb Code     0  startup_stm32f030x8.o(.text)
    TIM16_IRQHandler                         0x080000db   Thumb Code     0  startup_stm32f030x8.o(.text)
    TIM17_IRQHandler                         0x080000db   Thumb Code     0  startup_stm32f030x8.o(.text)
    TIM1_BRK_UP_TRG_COM_IRQHandler           0x080000db   Thumb Code     0  startup_stm32f030x8.o(.text)
    TIM1_CC_IRQHandler                       0x080000db   Thumb Code     0  startup_stm32f030x8.o(.text)
    TIM3_IRQHandler                          0x080000db   Thumb Code     0  startup_stm32f030x8.o(.text)
    USART1_IRQHandler                        0x080000db   Thumb Code     0  startup_stm32f030x8.o(.text)
    USART2_IRQHandler                        0x080000db   Thumb Code     0  startup_stm32f030x8.o(.text)
    WWDG_IRQHandler                          0x080000db   Thumb Code     0  startup_stm32f030x8.o(.text)
    __aeabi_uidiv                            0x080000e5   Thumb Code     0  uidiv.o(.text)
    __aeabi_uidivmod                         0x080000e5   Thumb Code    44  uidiv.o(.text)
    __aeabi_uldivmod                         0x08000111   Thumb Code    96  uldiv.o(.text)
    __aeabi_llsr                             0x08000171   Thumb Code    34  llushr.o(.text)
    _ll_ushift_r                             0x08000171   Thumb Code     0  llushr.o(.text)
    __aeabi_memcpy                           0x08000193   Thumb Code    36  memcpya.o(.text)
    __aeabi_memcpy4                          0x08000193   Thumb Code     0  memcpya.o(.text)
    __aeabi_memcpy8                          0x08000193   Thumb Code     0  memcpya.o(.text)
    __aeabi_memset                           0x080001b7   Thumb Code    14  memseta.o(.text)
    __aeabi_memset4                          0x080001b7   Thumb Code     0  memseta.o(.text)
    __aeabi_memset8                          0x080001b7   Thumb Code     0  memseta.o(.text)
    __aeabi_memclr                           0x080001c5   Thumb Code     4  memseta.o(.text)
    __aeabi_memclr4                          0x080001c5   Thumb Code     0  memseta.o(.text)
    __aeabi_memclr8                          0x080001c5   Thumb Code     0  memseta.o(.text)
    _memset$wrapper                          0x080001c9   Thumb Code    18  memseta.o(.text)
    __aeabi_fadd                             0x080001db   Thumb Code   162  fadd.o(.text)
    __aeabi_fsub                             0x0800027d   Thumb Code     8  fadd.o(.text)
    __aeabi_frsub                            0x08000285   Thumb Code     8  fadd.o(.text)
    __aeabi_fmul                             0x0800028d   Thumb Code   122  fmul.o(.text)
    __aeabi_fdiv                             0x08000307   Thumb Code   124  fdiv.o(.text)
    __aeabi_ddiv                             0x08000385   Thumb Code   234  ddiv.o(.text)
    __aeabi_i2f                              0x08000475   Thumb Code    22  fflti.o(.text)
    __aeabi_ui2f                             0x0800048b   Thumb Code    14  ffltui.o(.text)
    __aeabi_ui2d                             0x08000499   Thumb Code    24  dfltui.o(.text)
    __aeabi_f2iz                             0x080004b5   Thumb Code    50  ffixi.o(.text)
    __aeabi_d2f                              0x080004e7   Thumb Code    56  d2f.o(.text)
    __aeabi_llsl                             0x0800051f   Thumb Code    32  llshl.o(.text)
    _ll_shift_l                              0x0800051f   Thumb Code     0  llshl.o(.text)
    __I$use$fp                               0x0800053f   Thumb Code     0  iusefp.o(.text)
    _float_round                             0x0800053f   Thumb Code    16  fepilogue.o(.text)
    _float_epilogue                          0x0800054f   Thumb Code   114  fepilogue.o(.text)
    _double_round                            0x080005c1   Thumb Code    26  depilogue.o(.text)
    _double_epilogue                         0x080005db   Thumb Code   164  depilogue.o(.text)
    __scatterload                            0x08000681   Thumb Code    28  init.o(.text)
    __scatterload_rt2                        0x08000681   Thumb Code     0  init.o(.text)
    ADC1_IRQHandler                          0x080006a5   Thumb Code    10  stm32f0xx_it.o(i.ADC1_IRQHandler)
    DMA1_Channel1_IRQHandler                 0x080007d5   Thumb Code    10  stm32f0xx_it.o(i.DMA1_Channel1_IRQHandler)
    DMA1_Channel4_5_IRQHandler               0x080007e5   Thumb Code    10  stm32f0xx_it.o(i.DMA1_Channel4_5_IRQHandler)
    EXTI2_3_IRQHandler                       0x08000841   Thumb Code    10  stm32f0xx_it.o(i.EXTI2_3_IRQHandler)
    EXTI4_15_IRQHandler                      0x0800084b   Thumb Code    46  stm32f0xx_it.o(i.EXTI4_15_IRQHandler)
    Error_Handler                            0x08000879   Thumb Code     2  main.o(i.Error_Handler)
    HAL_ADC_ConfigChannel                    0x0800087d   Thumb Code   254  stm32f0xx_hal_adc.o(i.HAL_ADC_ConfigChannel)
    HAL_ADC_ConvCpltCallback                 0x0800098d   Thumb Code    50  main.o(i.HAL_ADC_ConvCpltCallback)
    HAL_ADC_ConvHalfCpltCallback             0x080009cd   Thumb Code     2  stm32f0xx_hal_adc.o(i.HAL_ADC_ConvHalfCpltCallback)
    HAL_ADC_ErrorCallback                    0x080009cf   Thumb Code     2  stm32f0xx_hal_adc.o(i.HAL_ADC_ErrorCallback)
    HAL_ADC_IRQHandler                       0x080009d1   Thumb Code   208  stm32f0xx_hal_adc.o(i.HAL_ADC_IRQHandler)
    HAL_ADC_Init                             0x08000aa1   Thumb Code   366  stm32f0xx_hal_adc.o(i.HAL_ADC_Init)
    HAL_ADC_LevelOutOfWindowCallback         0x08000c19   Thumb Code     2  stm32f0xx_hal_adc.o(i.HAL_ADC_LevelOutOfWindowCallback)
    HAL_ADC_MspInit                          0x08000c1d   Thumb Code   138  adc.o(i.HAL_ADC_MspInit)
    HAL_ADC_Start_DMA                        0x08000cb9   Thumb Code   144  stm32f0xx_hal_adc.o(i.HAL_ADC_Start_DMA)
    HAL_DMA_IRQHandler                       0x08000d59   Thumb Code   156  stm32f0xx_hal_dma.o(i.HAL_DMA_IRQHandler)
    HAL_DMA_Init                             0x08000df5   Thumb Code    78  stm32f0xx_hal_dma.o(i.HAL_DMA_Init)
    HAL_DMA_Start_IT                         0x08000e49   Thumb Code   106  stm32f0xx_hal_dma.o(i.HAL_DMA_Start_IT)
    HAL_Delay                                0x08000eb5   Thumb Code    32  stm32f0xx_hal.o(i.HAL_Delay)
    HAL_GPIO_EXTI_Callback                   0x08000ed9   Thumb Code    54  main.o(i.HAL_GPIO_EXTI_Callback)
    HAL_GPIO_EXTI_IRQHandler                 0x08000f25   Thumb Code    18  stm32f0xx_hal_gpio.o(i.HAL_GPIO_EXTI_IRQHandler)
    HAL_GPIO_Init                            0x08000f3d   Thumb Code   396  stm32f0xx_hal_gpio.o(i.HAL_GPIO_Init)
    HAL_GPIO_WritePin                        0x080010e1   Thumb Code    12  stm32f0xx_hal_gpio.o(i.HAL_GPIO_WritePin)
    HAL_GetTick                              0x080010ed   Thumb Code     6  stm32f0xx_hal.o(i.HAL_GetTick)
    HAL_I2CEx_ConfigAnalogFilter             0x080010f9   Thumb Code    74  stm32f0xx_hal_i2c_ex.o(i.HAL_I2CEx_ConfigAnalogFilter)
    HAL_I2CEx_ConfigDigitalFilter            0x08001143   Thumb Code    72  stm32f0xx_hal_i2c_ex.o(i.HAL_I2CEx_ConfigDigitalFilter)
    HAL_I2C_Init                             0x0800118d   Thumb Code   176  stm32f0xx_hal_i2c.o(i.HAL_I2C_Init)
    HAL_I2C_Master_Receive                   0x08001241   Thumb Code   262  stm32f0xx_hal_i2c.o(i.HAL_I2C_Master_Receive)
    HAL_I2C_Master_Transmit                  0x08001351   Thumb Code   262  stm32f0xx_hal_i2c.o(i.HAL_I2C_Master_Transmit)
    HAL_I2C_Mem_Read                         0x08001461   Thumb Code   332  stm32f0xx_hal_i2c.o(i.HAL_I2C_Mem_Read)
    HAL_I2C_MspInit                          0x080015b5   Thumb Code    86  i2c.o(i.HAL_I2C_MspInit)
    HAL_IncTick                              0x08001619   Thumb Code    12  stm32f0xx_hal.o(i.HAL_IncTick)
    HAL_Init                                 0x08001629   Thumb Code    26  stm32f0xx_hal.o(i.HAL_Init)
    HAL_InitTick                             0x08001649   Thumb Code    58  stm32f0xx_hal.o(i.HAL_InitTick)
    HAL_MspInit                              0x0800168d   Thumb Code    34  stm32f0xx_hal_msp.o(i.HAL_MspInit)
    HAL_NVIC_EnableIRQ                       0x080016b5   Thumb Code    18  stm32f0xx_hal_cortex.o(i.HAL_NVIC_EnableIRQ)
    HAL_NVIC_SetPriority                     0x080016cd   Thumb Code     8  stm32f0xx_hal_cortex.o(i.HAL_NVIC_SetPriority)
    HAL_PWR_EnableBkUpAccess                 0x080016d5   Thumb Code    12  stm32f0xx_hal_pwr.o(i.HAL_PWR_EnableBkUpAccess)
    HAL_RCCEx_PeriphCLKConfig                0x080016e5   Thumb Code   218  stm32f0xx_hal_rcc_ex.o(i.HAL_RCCEx_PeriphCLKConfig)
    HAL_RCC_ClockConfig                      0x080017cd   Thumb Code   242  stm32f0xx_hal_rcc.o(i.HAL_RCC_ClockConfig)
    HAL_RCC_GetPCLK1Freq                     0x080018d5   Thumb Code    20  stm32f0xx_hal_rcc.o(i.HAL_RCC_GetPCLK1Freq)
    HAL_RCC_GetSysClockFreq                  0x080018f5   Thumb Code    84  stm32f0xx_hal_rcc.o(i.HAL_RCC_GetSysClockFreq)
    HAL_RCC_OscConfig                        0x08001975   Thumb Code   890  stm32f0xx_hal_rcc.o(i.HAL_RCC_OscConfig)
    HAL_RTC_AlarmAEventCallback              0x08001cfd   Thumb Code    10  main.o(i.HAL_RTC_AlarmAEventCallback)
    HAL_RTC_AlarmIRQHandler                  0x08001d0d   Thumb Code    52  stm32f0xx_hal_rtc.o(i.HAL_RTC_AlarmIRQHandler)
    HAL_RTC_Init                             0x08001d45   Thumb Code   174  stm32f0xx_hal_rtc.o(i.HAL_RTC_Init)
    HAL_RTC_MspInit                          0x08001df9   Thumb Code    40  rtc.o(i.HAL_RTC_MspInit)
    HAL_RTC_SetAlarm_IT                      0x08001e29   Thumb Code   286  stm32f0xx_hal_rtc.o(i.HAL_RTC_SetAlarm_IT)
    HAL_RTC_SetDate                          0x08001f4d   Thumb Code   184  stm32f0xx_hal_rtc.o(i.HAL_RTC_SetDate)
    HAL_RTC_SetTime                          0x08002009   Thumb Code   216  stm32f0xx_hal_rtc.o(i.HAL_RTC_SetTime)
    HAL_RTC_WaitForSynchro                   0x080020e5   Thumb Code    52  stm32f0xx_hal_rtc.o(i.HAL_RTC_WaitForSynchro)
    HAL_SYSTICK_Config                       0x08002119   Thumb Code    38  stm32f0xx_hal_cortex.o(i.HAL_SYSTICK_Config)
    HAL_TIMEx_BreakCallback                  0x08002149   Thumb Code     2  stm32f0xx_hal_tim_ex.o(i.HAL_TIMEx_BreakCallback)
    HAL_TIMEx_CommutCallback                 0x0800214b   Thumb Code     2  stm32f0xx_hal_tim_ex.o(i.HAL_TIMEx_CommutCallback)
    HAL_TIMEx_ConfigBreakDeadTime            0x0800214d   Thumb Code    94  stm32f0xx_hal_tim_ex.o(i.HAL_TIMEx_ConfigBreakDeadTime)
    HAL_TIMEx_MasterConfigSynchronization    0x080021ad   Thumb Code    78  stm32f0xx_hal_tim_ex.o(i.HAL_TIMEx_MasterConfigSynchronization)
    HAL_TIM_Base_Init                        0x08002209   Thumb Code    72  stm32f0xx_hal_tim.o(i.HAL_TIM_Base_Init)
    HAL_TIM_Base_MspInit                     0x08002251   Thumb Code    84  tim.o(i.HAL_TIM_Base_MspInit)
    HAL_TIM_Base_Start                       0x080022b5   Thumb Code    60  stm32f0xx_hal_tim.o(i.HAL_TIM_Base_Start)
    HAL_TIM_Base_Start_IT                    0x080022fd   Thumb Code    68  stm32f0xx_hal_tim.o(i.HAL_TIM_Base_Start_IT)
    HAL_TIM_ConfigClockSource                0x0800234d   Thumb Code   220  stm32f0xx_hal_tim.o(i.HAL_TIM_ConfigClockSource)
    HAL_TIM_IC_CaptureCallback               0x08002429   Thumb Code     2  stm32f0xx_hal_tim.o(i.HAL_TIM_IC_CaptureCallback)
    HAL_TIM_IRQHandler                       0x0800242b   Thumb Code   354  stm32f0xx_hal_tim.o(i.HAL_TIM_IRQHandler)
    HAL_TIM_MspPostInit                      0x0800258d   Thumb Code   102  tim.o(i.HAL_TIM_MspPostInit)
    HAL_TIM_OC_DelayElapsedCallback          0x08002605   Thumb Code     2  stm32f0xx_hal_tim.o(i.HAL_TIM_OC_DelayElapsedCallback)
    HAL_TIM_PWM_ConfigChannel                0x08002607   Thumb Code   208  stm32f0xx_hal_tim.o(i.HAL_TIM_PWM_ConfigChannel)
    HAL_TIM_PWM_Init                         0x080026d7   Thumb Code    72  stm32f0xx_hal_tim.o(i.HAL_TIM_PWM_Init)
    HAL_TIM_PWM_MspInit                      0x0800271f   Thumb Code     2  stm32f0xx_hal_tim.o(i.HAL_TIM_PWM_MspInit)
    HAL_TIM_PWM_PulseFinishedCallback        0x08002721   Thumb Code     2  stm32f0xx_hal_tim.o(i.HAL_TIM_PWM_PulseFinishedCallback)
    HAL_TIM_PeriodElapsedCallback            0x08002725   Thumb Code   146  main.o(i.HAL_TIM_PeriodElapsedCallback)
    HAL_TIM_TriggerCallback                  0x080027c9   Thumb Code     2  stm32f0xx_hal_tim.o(i.HAL_TIM_TriggerCallback)
    HAL_UARTEx_RxEventCallback               0x080027cb   Thumb Code     2  stm32f0xx_hal_uart.o(i.HAL_UARTEx_RxEventCallback)
    HAL_UART_ErrorCallback                   0x080027cd   Thumb Code     2  stm32f0xx_hal_uart.o(i.HAL_UART_ErrorCallback)
    HAL_UART_Init                            0x080027cf   Thumb Code   106  stm32f0xx_hal_uart.o(i.HAL_UART_Init)
    HAL_UART_MspInit                         0x08002839   Thumb Code   182  usart.o(i.HAL_UART_MspInit)
    HAL_UART_Receive_DMA                     0x08002905   Thumb Code   100  stm32f0xx_hal_uart.o(i.HAL_UART_Receive_DMA)
    HAL_UART_RxCpltCallback                  0x08002969   Thumb Code    18  main.o(i.HAL_UART_RxCpltCallback)
    HAL_UART_RxHalfCpltCallback              0x08002985   Thumb Code     2  stm32f0xx_hal_uart.o(i.HAL_UART_RxHalfCpltCallback)
    HAL_UART_Transmit                        0x08002987   Thumb Code   210  stm32f0xx_hal_uart.o(i.HAL_UART_Transmit)
    HardFault_Handler                        0x08002a59   Thumb Code     2  stm32f0xx_it.o(i.HardFault_Handler)
    I2C_Read                                 0x08002b05   Thumb Code    46  mpu6050.o(i.I2C_Read)
    I2C_Write8                               0x08002d2d   Thumb Code    26  mpu6050.o(i.I2C_Write8)
    MPU6050_Config                           0x08002d4d   Thumb Code    88  mpu6050.o(i.MPU6050_Config)
    MPU6050_Get_Accel_RawData                0x08002da5   Thumb Code   128  mpu6050.o(i.MPU6050_Get_Accel_RawData)
    MPU6050_Get_Gyro_RawData                 0x08002e29   Thumb Code    16  mpu6050.o(i.MPU6050_Get_Gyro_RawData)
    MPU6050_Init                             0x08002e3d   Thumb Code    14  mpu6050.o(i.MPU6050_Init)
    MPU6050_Set_SMPRT_DIV                    0x08002e51   Thumb Code    12  mpu6050.o(i.MPU6050_Set_SMPRT_DIV)
    MX_ADC_Init                              0x08002e5d   Thumb Code    94  adc.o(i.MX_ADC_Init)
    MX_DMA_Init                              0x08002ec5   Thumb Code    52  dma.o(i.MX_DMA_Init)
    MX_GPIO_Init                             0x08002efd   Thumb Code   224  gpio.o(i.MX_GPIO_Init)
    MX_I2C1_Init                             0x08002fed   Thumb Code    76  i2c.o(i.MX_I2C1_Init)
    MX_RTC_Init                              0x08003045   Thumb Code   180  rtc.o(i.MX_RTC_Init)
    MX_TIM1_Init                             0x08003105   Thumb Code   206  tim.o(i.MX_TIM1_Init)
    MX_TIM3_Init                             0x080031e1   Thumb Code   156  tim.o(i.MX_TIM3_Init)
    MX_TIM6_Init                             0x08003289   Thumb Code    36  tim.o(i.MX_TIM6_Init)
    MX_USART1_UART_Init                      0x080032b9   Thumb Code    48  usart.o(i.MX_USART1_UART_Init)
    MX_USART2_UART_Init                      0x080032f1   Thumb Code    54  usart.o(i.MX_USART2_UART_Init)
    NMI_Handler                              0x08003331   Thumb Code     2  stm32f0xx_it.o(i.NMI_Handler)
    PendSV_Handler                           0x08003333   Thumb Code     2  stm32f0xx_it.o(i.PendSV_Handler)
    RTC_ByteToBcd2                           0x08003335   Thumb Code    22  stm32f0xx_hal_rtc.o(i.RTC_ByteToBcd2)
    RTC_EnterInitMode                        0x0800334b   Thumb Code    56  stm32f0xx_hal_rtc.o(i.RTC_EnterInitMode)
    RTC_IRQHandler                           0x08003385   Thumb Code    10  stm32f0xx_it.o(i.RTC_IRQHandler)
    SVC_Handler                              0x08003395   Thumb Code     2  stm32f0xx_it.o(i.SVC_Handler)
    SysTick_Handler                          0x08003397   Thumb Code     8  stm32f0xx_it.o(i.SysTick_Handler)
    SystemClock_Config                       0x080033a1   Thumb Code   122  main.o(i.SystemClock_Config)
    SystemInit                               0x08003425   Thumb Code     2  system_stm32f0xx.o(i.SystemInit)
    TIM6_IRQHandler                          0x08003429   Thumb Code    10  stm32f0xx_it.o(i.TIM6_IRQHandler)
    TIM_Base_SetConfig                       0x08003439   Thumb Code   112  stm32f0xx_hal_tim.o(i.TIM_Base_SetConfig)
    TIM_ETR_SetConfig                        0x080034c1   Thumb Code    22  stm32f0xx_hal_tim.o(i.TIM_ETR_SetConfig)
    TIM_OC2_SetConfig                        0x08003571   Thumb Code   110  stm32f0xx_hal_tim.o(i.TIM_OC2_SetConfig)
    UART_AdvFeatureConfig                    0x08003729   Thumb Code   202  stm32f0xx_hal_uart.o(i.UART_AdvFeatureConfig)
    UART_CheckIdleState                      0x080037f5   Thumb Code    94  stm32f0xx_hal_uart.o(i.UART_CheckIdleState)
    UART_SetConfig                           0x080039d5   Thumb Code   282  stm32f0xx_hal_uart.o(i.UART_SetConfig)
    UART_Start_Receive_DMA                   0x08003b09   Thumb Code   164  stm32f0xx_hal_uart.o(i.UART_Start_Receive_DMA)
    UART_WaitOnFlagUntilTimeout              0x08003bb9   Thumb Code   212  stm32f0xx_hal_uart.o(i.UART_WaitOnFlagUntilTimeout)
    __0sprintf$6                             0x08003c8d   Thumb Code    36  printf6.o(i.__0sprintf$6)
    __1sprintf$6                             0x08003c8d   Thumb Code     0  printf6.o(i.__0sprintf$6)
    __2sprintf                               0x08003c8d   Thumb Code     0  printf6.o(i.__0sprintf$6)
    __ARM_clz                                0x08003cb5   Thumb Code    46  depilogue.o(i.__ARM_clz)
    __ARM_common_ll_muluu                    0x08003ce3   Thumb Code    48  stm32f0xx_hal_rcc.o(i.__ARM_common_ll_muluu)
    __scatterload_copy                       0x08003d59   Thumb Code    14  handlers.o(i.__scatterload_copy)
    __scatterload_null                       0x08003d67   Thumb Code     2  handlers.o(i.__scatterload_null)
    __scatterload_zeroinit                   0x08003d69   Thumb Code    14  handlers.o(i.__scatterload_zeroinit)
    kalman_2d1r_init                         0x080040d3   Thumb Code    14  kalman.o(i.kalman_2d1r_init)
    kalman_2d1r_update                       0x080040e1   Thumb Code   208  kalman.o(i.kalman_2d1r_update)
    kalman_scaler_init                       0x080041c5   Thumb Code    18  kalman.o(i.kalman_scaler_init)
    kalman_scaler_update                     0x080041d7   Thumb Code   108  kalman.o(i.kalman_scaler_update)
    main                                     0x08004245   Thumb Code   206  main.o(i.main)
    max30102_getFIFO                         0x08004345   Thumb Code   110  max30100_for_stm32_hal.o(i.max30102_getFIFO)
    max30102_getUnreadSampleCount            0x080043b9   Thumb Code    74  max30100_for_stm32_hal.o(i.max30102_getUnreadSampleCount)
    AHBPrescTable                            0x08004408   Data          16  system_stm32f0xx.o(.constdata)
    APBPrescTable                            0x08004418   Data           8  system_stm32f0xx.o(.constdata)
    Region$$Table$$Base                      0x08004420   Number         0  anon$$obj.o(Region$$Table)
    Region$$Table$$Limit                     0x08004440   Number         0  anon$$obj.o(Region$$Table)
    pedflag                                  0x20000000   Data           1  main.o(.data)
    screen_enable                            0x20000001   Data           1  main.o(.data)
    screenflag                               0x20000002   Data           1  main.o(.data)
    unreadSampleCount                        0x20000003   Data           1  main.o(.data)
    pedometer                                0x20000004   Data           2  main.o(.data)
    _index                                   0x20000008   Data           4  main.o(.data)
    voltage                                  0x2000000c   Data           4  main.o(.data)
    sum                                      0x20000010   Data           4  main.o(.data)
    myMpuConfig                              0x20000014   Data           5  main.o(.data)
    myAccelRaw                               0x2000001a   Data           6  main.o(.data)
    myGyroRaw                                0x20000020   Data           6  main.o(.data)
    SystemCoreClock                          0x20000028   Data           4  system_stm32f0xx.o(.data)
    uwTickFreq                               0x20000034   Data           1  stm32f0xx_hal.o(.data)
    uwTickPrio                               0x20000038   Data           4  stm32f0xx_hal.o(.data)
    uwTick                                   0x2000003c   Data           4  stm32f0xx_hal.o(.data)
    TxBuffer                                 0x20000040   Data          50  main.o(.bss)
    RxBuffer                                 0x20000072   Data          50  main.o(.bss)
    adcVals                                  0x200000a4   Data        4000  main.o(.bss)
    _sampleBuff                              0x20001044   Data          40  main.o(.bss)
    KAccel                                   0x2000106c   Data          24  main.o(.bss)
    KGyro                                    0x20001084   Data          76  main.o(.bss)
    hadc                                     0x200010d0   Data          64  adc.o(.bss)
    hdma_adc                                 0x20001110   Data          68  adc.o(.bss)
    hi2c1                                    0x20001154   Data          76  i2c.o(.bss)
    hrtc                                     0x200011a0   Data          32  rtc.o(.bss)
    htim1                                    0x200011c0   Data          72  tim.o(.bss)
    htim3                                    0x20001208   Data          72  tim.o(.bss)
    htim6                                    0x20001250   Data          72  tim.o(.bss)
    huart1                                   0x20001298   Data         132  usart.o(.bss)
    huart2                                   0x2000131c   Data         132  usart.o(.bss)
    hdma_usart2_rx                           0x200013a0   Data          68  usart.o(.bss)
    __initial_sp                             0x20001a30   Data           0  startup_stm32f030x8.o(STACK)



==============================================================================

Memory Map of the image

  Image Entry point : 0x080000b5

  Load Region LR_IROM1 (Base: 0x08000000, Size: 0x00004480, Max: 0x00010000, ABSOLUTE)

    Execution Region ER_IROM1 (Exec base: 0x08000000, Load base: 0x08000000, Size: 0x00004440, Max: 0x00010000, ABSOLUTE)

    Exec Addr    Load Addr    Size         Type   Attr      Idx    E Section Name        Object

    0x08000000   0x08000000   0x000000b4   Data   RO            3    RESET               startup_stm32f030x8.o
    0x080000b4   0x080000b4   0x00000000   Code   RO         4162  * .ARM.Collect$$$$00000000  mc_p.l(entry.o)
    0x080000b4   0x080000b4   0x00000004   Code   RO         4472    .ARM.Collect$$$$00000001  mc_p.l(entry2.o)
    0x080000b8   0x080000b8   0x00000004   Code   RO         4475    .ARM.Collect$$$$00000004  mc_p.l(entry5.o)
    0x080000bc   0x080000bc   0x00000000   Code   RO         4477    .ARM.Collect$$$$00000008  mc_p.l(entry7b.o)
    0x080000bc   0x080000bc   0x00000000   Code   RO         4479    .ARM.Collect$$$$0000000A  mc_p.l(entry8b.o)
    0x080000bc   0x080000bc   0x00000008   Code   RO         4480    .ARM.Collect$$$$0000000B  mc_p.l(entry9a.o)
    0x080000c4   0x080000c4   0x00000000   Code   RO         4482    .ARM.Collect$$$$0000000D  mc_p.l(entry10a.o)
    0x080000c4   0x080000c4   0x00000000   Code   RO         4484    .ARM.Collect$$$$0000000F  mc_p.l(entry11a.o)
    0x080000c4   0x080000c4   0x00000004   Code   RO         4473    .ARM.Collect$$$$00002712  mc_p.l(entry2.o)
    0x080000c8   0x080000c8   0x0000001c   Code   RO            4    .text               startup_stm32f030x8.o
    0x080000e4   0x080000e4   0x0000002c   Code   RO         4165    .text               mc_p.l(uidiv.o)
    0x08000110   0x08000110   0x00000060   Code   RO         4169    .text               mc_p.l(uldiv.o)
    0x08000170   0x08000170   0x00000022   Code   RO         4171    .text               mc_p.l(llushr.o)
    0x08000192   0x08000192   0x00000024   Code   RO         4173    .text               mc_p.l(memcpya.o)
    0x080001b6   0x080001b6   0x00000024   Code   RO         4175    .text               mc_p.l(memseta.o)
    0x080001da   0x080001da   0x000000b2   Code   RO         4440    .text               mf_p.l(fadd.o)
    0x0800028c   0x0800028c   0x0000007a   Code   RO         4442    .text               mf_p.l(fmul.o)
    0x08000306   0x08000306   0x0000007c   Code   RO         4444    .text               mf_p.l(fdiv.o)
    0x08000382   0x08000382   0x00000002   PAD
    0x08000384   0x08000384   0x000000f0   Code   RO         4450    .text               mf_p.l(ddiv.o)
    0x08000474   0x08000474   0x00000016   Code   RO         4452    .text               mf_p.l(fflti.o)
    0x0800048a   0x0800048a   0x0000000e   Code   RO         4454    .text               mf_p.l(ffltui.o)
    0x08000498   0x08000498   0x0000001c   Code   RO         4458    .text               mf_p.l(dfltui.o)
    0x080004b4   0x080004b4   0x00000032   Code   RO         4460    .text               mf_p.l(ffixi.o)
    0x080004e6   0x080004e6   0x00000038   Code   RO         4470    .text               mf_p.l(d2f.o)
    0x0800051e   0x0800051e   0x00000020   Code   RO         4489    .text               mc_p.l(llshl.o)
    0x0800053e   0x0800053e   0x00000000   Code   RO         4493    .text               mc_p.l(iusefp.o)
    0x0800053e   0x0800053e   0x00000082   Code   RO         4494    .text               mf_p.l(fepilogue.o)
    0x080005c0   0x080005c0   0x000000be   Code   RO         4496    .text               mf_p.l(depilogue.o)
    0x0800067e   0x0800067e   0x00000002   PAD
    0x08000680   0x08000680   0x00000024   Code   RO         4504    .text               mc_p.l(init.o)
    0x080006a4   0x080006a4   0x00000010   Code   RO          533    i.ADC1_IRQHandler   stm32f0xx_it.o
    0x080006b4   0x080006b4   0x0000006c   Code   RO          890    i.ADC_DMAConvCplt   stm32f0xx_hal_adc.o
    0x08000720   0x08000720   0x0000001a   Code   RO          891    i.ADC_DMAError      stm32f0xx_hal_adc.o
    0x0800073a   0x0800073a   0x0000000a   Code   RO          892    i.ADC_DMAHalfConvCplt  stm32f0xx_hal_adc.o
    0x08000744   0x08000744   0x00000090   Code   RO          894    i.ADC_Enable        stm32f0xx_hal_adc.o
    0x080007d4   0x080007d4   0x00000010   Code   RO          534    i.DMA1_Channel1_IRQHandler  stm32f0xx_it.o
    0x080007e4   0x080007e4   0x00000010   Code   RO          535    i.DMA1_Channel4_5_IRQHandler  stm32f0xx_it.o
    0x080007f4   0x080007f4   0x00000024   Code   RO         1927    i.DMA_CalcBaseAndBitshift  stm32f0xx_hal_dma.o
    0x08000818   0x08000818   0x00000028   Code   RO         1928    i.DMA_SetConfig     stm32f0xx_hal_dma.o
    0x08000840   0x08000840   0x0000000a   Code   RO          536    i.EXTI2_3_IRQHandler  stm32f0xx_it.o
    0x0800084a   0x0800084a   0x0000002e   Code   RO          537    i.EXTI4_15_IRQHandler  stm32f0xx_it.o
    0x08000878   0x08000878   0x00000002   Code   RO           12    i.Error_Handler     main.o
    0x0800087a   0x0800087a   0x00000002   PAD
    0x0800087c   0x0800087c   0x00000110   Code   RO          896    i.HAL_ADC_ConfigChannel  stm32f0xx_hal_adc.o
    0x0800098c   0x0800098c   0x00000040   Code   RO           13    i.HAL_ADC_ConvCpltCallback  main.o
    0x080009cc   0x080009cc   0x00000002   Code   RO          898    i.HAL_ADC_ConvHalfCpltCallback  stm32f0xx_hal_adc.o
    0x080009ce   0x080009ce   0x00000002   Code   RO          900    i.HAL_ADC_ErrorCallback  stm32f0xx_hal_adc.o
    0x080009d0   0x080009d0   0x000000d0   Code   RO          904    i.HAL_ADC_IRQHandler  stm32f0xx_hal_adc.o
    0x08000aa0   0x08000aa0   0x00000178   Code   RO          905    i.HAL_ADC_Init      stm32f0xx_hal_adc.o
    0x08000c18   0x08000c18   0x00000002   Code   RO          906    i.HAL_ADC_LevelOutOfWindowCallback  stm32f0xx_hal_adc.o
    0x08000c1a   0x08000c1a   0x00000002   PAD
    0x08000c1c   0x08000c1c   0x0000009c   Code   RO          300    i.HAL_ADC_MspInit   adc.o
    0x08000cb8   0x08000cb8   0x000000a0   Code   RO          912    i.HAL_ADC_Start_DMA  stm32f0xx_hal_adc.o
    0x08000d58   0x08000d58   0x0000009c   Code   RO         1934    i.HAL_DMA_IRQHandler  stm32f0xx_hal_dma.o
    0x08000df4   0x08000df4   0x00000054   Code   RO         1935    i.HAL_DMA_Init      stm32f0xx_hal_dma.o
    0x08000e48   0x08000e48   0x0000006a   Code   RO         1939    i.HAL_DMA_Start_IT  stm32f0xx_hal_dma.o
    0x08000eb2   0x08000eb2   0x00000002   PAD
    0x08000eb4   0x08000eb4   0x00000024   Code   RO         1216    i.HAL_Delay         stm32f0xx_hal.o
    0x08000ed8   0x08000ed8   0x0000004c   Code   RO           14    i.HAL_GPIO_EXTI_Callback  main.o
    0x08000f24   0x08000f24   0x00000018   Code   RO         1867    i.HAL_GPIO_EXTI_IRQHandler  stm32f0xx_hal_gpio.o
    0x08000f3c   0x08000f3c   0x000001a4   Code   RO         1868    i.HAL_GPIO_Init     stm32f0xx_hal_gpio.o
    0x080010e0   0x080010e0   0x0000000c   Code   RO         1872    i.HAL_GPIO_WritePin  stm32f0xx_hal_gpio.o
    0x080010ec   0x080010ec   0x0000000c   Code   RO         1220    i.HAL_GetTick       stm32f0xx_hal.o
    0x080010f8   0x080010f8   0x0000004a   Code   RO         1827    i.HAL_I2CEx_ConfigAnalogFilter  stm32f0xx_hal_i2c_ex.o
    0x08001142   0x08001142   0x00000048   Code   RO         1828    i.HAL_I2CEx_ConfigDigitalFilter  stm32f0xx_hal_i2c_ex.o
    0x0800118a   0x0800118a   0x00000002   PAD
    0x0800118c   0x0800118c   0x000000b4   Code   RO         1380    i.HAL_I2C_Init      stm32f0xx_hal_i2c.o
    0x08001240   0x08001240   0x00000110   Code   RO         1386    i.HAL_I2C_Master_Receive  stm32f0xx_hal_i2c.o
    0x08001350   0x08001350   0x00000110   Code   RO         1393    i.HAL_I2C_Master_Transmit  stm32f0xx_hal_i2c.o
    0x08001460   0x08001460   0x00000154   Code   RO         1398    i.HAL_I2C_Mem_Read  stm32f0xx_hal_i2c.o
    0x080015b4   0x080015b4   0x00000064   Code   RO          358    i.HAL_I2C_MspInit   i2c.o
    0x08001618   0x08001618   0x00000010   Code   RO         1226    i.HAL_IncTick       stm32f0xx_hal.o
    0x08001628   0x08001628   0x00000020   Code   RO         1227    i.HAL_Init          stm32f0xx_hal.o
    0x08001648   0x08001648   0x00000044   Code   RO         1228    i.HAL_InitTick      stm32f0xx_hal.o
    0x0800168c   0x0800168c   0x00000028   Code   RO          623    i.HAL_MspInit       stm32f0xx_hal_msp.o
    0x080016b4   0x080016b4   0x00000018   Code   RO         2027    i.HAL_NVIC_EnableIRQ  stm32f0xx_hal_cortex.o
    0x080016cc   0x080016cc   0x00000008   Code   RO         2031    i.HAL_NVIC_SetPriority  stm32f0xx_hal_cortex.o
    0x080016d4   0x080016d4   0x00000010   Code   RO         2124    i.HAL_PWR_EnableBkUpAccess  stm32f0xx_hal_pwr.o
    0x080016e4   0x080016e4   0x000000e8   Code   RO         1181    i.HAL_RCCEx_PeriphCLKConfig  stm32f0xx_hal_rcc_ex.o
    0x080017cc   0x080017cc   0x00000108   Code   RO         1086    i.HAL_RCC_ClockConfig  stm32f0xx_hal_rcc.o
    0x080018d4   0x080018d4   0x00000020   Code   RO         1093    i.HAL_RCC_GetPCLK1Freq  stm32f0xx_hal_rcc.o
    0x080018f4   0x080018f4   0x00000080   Code   RO         1094    i.HAL_RCC_GetSysClockFreq  stm32f0xx_hal_rcc.o
    0x08001974   0x08001974   0x00000388   Code   RO         1097    i.HAL_RCC_OscConfig  stm32f0xx_hal_rcc.o
    0x08001cfc   0x08001cfc   0x00000010   Code   RO           15    i.HAL_RTC_AlarmAEventCallback  main.o
    0x08001d0c   0x08001d0c   0x00000038   Code   RO         2468    i.HAL_RTC_AlarmIRQHandler  stm32f0xx_hal_rtc.o
    0x08001d44   0x08001d44   0x000000b4   Code   RO         2480    i.HAL_RTC_Init      stm32f0xx_hal_rtc.o
    0x08001df8   0x08001df8   0x00000030   Code   RO          396    i.HAL_RTC_MspInit   rtc.o
    0x08001e28   0x08001e28   0x00000124   Code   RO         2485    i.HAL_RTC_SetAlarm_IT  stm32f0xx_hal_rtc.o
    0x08001f4c   0x08001f4c   0x000000bc   Code   RO         2486    i.HAL_RTC_SetDate   stm32f0xx_hal_rtc.o
    0x08002008   0x08002008   0x000000dc   Code   RO         2487    i.HAL_RTC_SetTime   stm32f0xx_hal_rtc.o
    0x080020e4   0x080020e4   0x00000034   Code   RO         2488    i.HAL_RTC_WaitForSynchro  stm32f0xx_hal_rtc.o
    0x08002118   0x08002118   0x00000030   Code   RO         2035    i.HAL_SYSTICK_Config  stm32f0xx_hal_cortex.o
    0x08002148   0x08002148   0x00000002   Code   RO         3478    i.HAL_TIMEx_BreakCallback  stm32f0xx_hal_tim_ex.o
    0x0800214a   0x0800214a   0x00000002   Code   RO         3479    i.HAL_TIMEx_CommutCallback  stm32f0xx_hal_tim_ex.o
    0x0800214c   0x0800214c   0x0000005e   Code   RO         3481    i.HAL_TIMEx_ConfigBreakDeadTime  stm32f0xx_hal_tim_ex.o
    0x080021aa   0x080021aa   0x00000002   PAD
    0x080021ac   0x080021ac   0x0000005c   Code   RO         3497    i.HAL_TIMEx_MasterConfigSynchronization  stm32f0xx_hal_tim_ex.o
    0x08002208   0x08002208   0x00000048   Code   RO         2778    i.HAL_TIM_Base_Init  stm32f0xx_hal_tim.o
    0x08002250   0x08002250   0x00000064   Code   RO          434    i.HAL_TIM_Base_MspInit  tim.o
    0x080022b4   0x080022b4   0x00000048   Code   RO         2781    i.HAL_TIM_Base_Start  stm32f0xx_hal_tim.o
    0x080022fc   0x080022fc   0x00000050   Code   RO         2783    i.HAL_TIM_Base_Start_IT  stm32f0xx_hal_tim.o
    0x0800234c   0x0800234c   0x000000dc   Code   RO         2787    i.HAL_TIM_ConfigClockSource  stm32f0xx_hal_tim.o
    0x08002428   0x08002428   0x00000002   Code   RO         2812    i.HAL_TIM_IC_CaptureCallback  stm32f0xx_hal_tim.o
    0x0800242a   0x0800242a   0x00000162   Code   RO         2826    i.HAL_TIM_IRQHandler  stm32f0xx_hal_tim.o
    0x0800258c   0x0800258c   0x00000078   Code   RO          435    i.HAL_TIM_MspPostInit  tim.o
    0x08002604   0x08002604   0x00000002   Code   RO         2829    i.HAL_TIM_OC_DelayElapsedCallback  stm32f0xx_hal_tim.o
    0x08002606   0x08002606   0x000000d0   Code   RO         2850    i.HAL_TIM_PWM_ConfigChannel  stm32f0xx_hal_tim.o
    0x080026d6   0x080026d6   0x00000048   Code   RO         2853    i.HAL_TIM_PWM_Init  stm32f0xx_hal_tim.o
    0x0800271e   0x0800271e   0x00000002   Code   RO         2855    i.HAL_TIM_PWM_MspInit  stm32f0xx_hal_tim.o
    0x08002720   0x08002720   0x00000002   Code   RO         2856    i.HAL_TIM_PWM_PulseFinishedCallback  stm32f0xx_hal_tim.o
    0x08002722   0x08002722   0x00000002   PAD
    0x08002724   0x08002724   0x000000a4   Code   RO           16    i.HAL_TIM_PeriodElapsedCallback  main.o
    0x080027c8   0x080027c8   0x00000002   Code   RO         2869    i.HAL_TIM_TriggerCallback  stm32f0xx_hal_tim.o
    0x080027ca   0x080027ca   0x00000002   Code   RO         3748    i.HAL_UARTEx_RxEventCallback  stm32f0xx_hal_uart.o
    0x080027cc   0x080027cc   0x00000002   Code   RO         3764    i.HAL_UART_ErrorCallback  stm32f0xx_hal_uart.o
    0x080027ce   0x080027ce   0x0000006a   Code   RO         3768    i.HAL_UART_Init     stm32f0xx_hal_uart.o
    0x08002838   0x08002838   0x000000cc   Code   RO          490    i.HAL_UART_MspInit  usart.o
    0x08002904   0x08002904   0x00000064   Code   RO         3772    i.HAL_UART_Receive_DMA  stm32f0xx_hal_uart.o
    0x08002968   0x08002968   0x0000001c   Code   RO           17    i.HAL_UART_RxCpltCallback  main.o
    0x08002984   0x08002984   0x00000002   Code   RO         3776    i.HAL_UART_RxHalfCpltCallback  stm32f0xx_hal_uart.o
    0x08002986   0x08002986   0x000000d2   Code   RO         3777    i.HAL_UART_Transmit  stm32f0xx_hal_uart.o
    0x08002a58   0x08002a58   0x00000002   Code   RO          538    i.HardFault_Handler  stm32f0xx_it.o
    0x08002a5a   0x08002a5a   0x00000022   Code   RO         1427    i.I2C_Flush_TXDR    stm32f0xx_hal_i2c.o
    0x08002a7c   0x08002a7c   0x00000088   Code   RO         1435    i.I2C_IsAcknowledgeFailed  stm32f0xx_hal_i2c.o
    0x08002b04   0x08002b04   0x00000034   Code   RO          677    i.I2C_Read          mpu6050.o
    0x08002b38   0x08002b38   0x00000060   Code   RO         1438    i.I2C_RequestMemoryRead  stm32f0xx_hal_i2c.o
    0x08002b98   0x08002b98   0x00000028   Code   RO         1442    i.I2C_TransferConfig  stm32f0xx_hal_i2c.o
    0x08002bc0   0x08002bc0   0x0000004e   Code   RO         1444    i.I2C_WaitOnFlagUntilTimeout  stm32f0xx_hal_i2c.o
    0x08002c0e   0x08002c0e   0x00000002   PAD
    0x08002c10   0x08002c10   0x00000080   Code   RO         1445    i.I2C_WaitOnRXNEFlagUntilTimeout  stm32f0xx_hal_i2c.o
    0x08002c90   0x08002c90   0x0000004c   Code   RO         1446    i.I2C_WaitOnSTOPFlagUntilTimeout  stm32f0xx_hal_i2c.o
    0x08002cdc   0x08002cdc   0x00000050   Code   RO         1447    i.I2C_WaitOnTXISFlagUntilTimeout  stm32f0xx_hal_i2c.o
    0x08002d2c   0x08002d2c   0x00000020   Code   RO          678    i.I2C_Write8        mpu6050.o
    0x08002d4c   0x08002d4c   0x00000058   Code   RO          679    i.MPU6050_Config    mpu6050.o
    0x08002da4   0x08002da4   0x00000084   Code   RO          680    i.MPU6050_Get_Accel_RawData  mpu6050.o
    0x08002e28   0x08002e28   0x00000014   Code   RO          682    i.MPU6050_Get_Gyro_RawData  mpu6050.o
    0x08002e3c   0x08002e3c   0x00000014   Code   RO          684    i.MPU6050_Init      mpu6050.o
    0x08002e50   0x08002e50   0x0000000c   Code   RO          686    i.MPU6050_Set_SMPRT_DIV  mpu6050.o
    0x08002e5c   0x08002e5c   0x00000068   Code   RO          301    i.MX_ADC_Init       adc.o
    0x08002ec4   0x08002ec4   0x00000038   Code   RO          337    i.MX_DMA_Init       dma.o
    0x08002efc   0x08002efc   0x000000f0   Code   RO          279    i.MX_GPIO_Init      gpio.o
    0x08002fec   0x08002fec   0x00000058   Code   RO          359    i.MX_I2C1_Init      i2c.o
    0x08003044   0x08003044   0x000000c0   Code   RO          397    i.MX_RTC_Init       rtc.o
    0x08003104   0x08003104   0x000000dc   Code   RO          436    i.MX_TIM1_Init      tim.o
    0x080031e0   0x080031e0   0x000000a8   Code   RO          437    i.MX_TIM3_Init      tim.o
    0x08003288   0x08003288   0x00000030   Code   RO          438    i.MX_TIM6_Init      tim.o
    0x080032b8   0x080032b8   0x00000038   Code   RO          491    i.MX_USART1_UART_Init  usart.o
    0x080032f0   0x080032f0   0x00000040   Code   RO          492    i.MX_USART2_UART_Init  usart.o
    0x08003330   0x08003330   0x00000002   Code   RO          539    i.NMI_Handler       stm32f0xx_it.o
    0x08003332   0x08003332   0x00000002   Code   RO          540    i.PendSV_Handler    stm32f0xx_it.o
    0x08003334   0x08003334   0x00000016   Code   RO         2490    i.RTC_ByteToBcd2    stm32f0xx_hal_rtc.o
    0x0800334a   0x0800334a   0x00000038   Code   RO         2491    i.RTC_EnterInitMode  stm32f0xx_hal_rtc.o
    0x08003382   0x08003382   0x00000002   PAD
    0x08003384   0x08003384   0x00000010   Code   RO          541    i.RTC_IRQHandler    stm32f0xx_it.o
    0x08003394   0x08003394   0x00000002   Code   RO          542    i.SVC_Handler       stm32f0xx_it.o
    0x08003396   0x08003396   0x00000008   Code   RO          543    i.SysTick_Handler   stm32f0xx_it.o
    0x0800339e   0x0800339e   0x00000002   PAD
    0x080033a0   0x080033a0   0x00000084   Code   RO           18    i.SystemClock_Config  main.o
    0x08003424   0x08003424   0x00000002   Code   RO          644    i.SystemInit        system_stm32f0xx.o
    0x08003426   0x08003426   0x00000002   PAD
    0x08003428   0x08003428   0x00000010   Code   RO          544    i.TIM6_IRQHandler   stm32f0xx_it.o
    0x08003438   0x08003438   0x00000088   Code   RO         2871    i.TIM_Base_SetConfig  stm32f0xx_hal_tim.o
    0x080034c0   0x080034c0   0x00000016   Code   RO         2882    i.TIM_ETR_SetConfig  stm32f0xx_hal_tim.o
    0x080034d6   0x080034d6   0x00000010   Code   RO         2883    i.TIM_ITRx_SetConfig  stm32f0xx_hal_tim.o
    0x080034e6   0x080034e6   0x00000002   PAD
    0x080034e8   0x080034e8   0x00000088   Code   RO         2884    i.TIM_OC1_SetConfig  stm32f0xx_hal_tim.o
    0x08003570   0x08003570   0x00000080   Code   RO         2885    i.TIM_OC2_SetConfig  stm32f0xx_hal_tim.o
    0x080035f0   0x080035f0   0x00000084   Code   RO         2886    i.TIM_OC3_SetConfig  stm32f0xx_hal_tim.o
    0x08003674   0x08003674   0x0000006c   Code   RO         2887    i.TIM_OC4_SetConfig  stm32f0xx_hal_tim.o
    0x080036e0   0x080036e0   0x00000022   Code   RO         2889    i.TIM_TI1_ConfigInputStage  stm32f0xx_hal_tim.o
    0x08003702   0x08003702   0x00000026   Code   RO         2891    i.TIM_TI2_ConfigInputStage  stm32f0xx_hal_tim.o
    0x08003728   0x08003728   0x000000ca   Code   RO         3782    i.UART_AdvFeatureConfig  stm32f0xx_hal_uart.o
    0x080037f2   0x080037f2   0x00000002   PAD
    0x080037f4   0x080037f4   0x00000064   Code   RO         3783    i.UART_CheckIdleState  stm32f0xx_hal_uart.o
    0x08003858   0x08003858   0x0000004c   Code   RO         3785    i.UART_DMAError     stm32f0xx_hal_uart.o
    0x080038a4   0x080038a4   0x00000094   Code   RO         3786    i.UART_DMAReceiveCplt  stm32f0xx_hal_uart.o
    0x08003938   0x08003938   0x0000001c   Code   RO         3788    i.UART_DMARxHalfCplt  stm32f0xx_hal_uart.o
    0x08003954   0x08003954   0x0000005e   Code   RO         3794    i.UART_EndRxTransfer  stm32f0xx_hal_uart.o
    0x080039b2   0x080039b2   0x00000020   Code   RO         3795    i.UART_EndTxTransfer  stm32f0xx_hal_uart.o
    0x080039d2   0x080039d2   0x00000002   PAD
    0x080039d4   0x080039d4   0x00000134   Code   RO         3798    i.UART_SetConfig    stm32f0xx_hal_uart.o
    0x08003b08   0x08003b08   0x000000b0   Code   RO         3799    i.UART_Start_Receive_DMA  stm32f0xx_hal_uart.o
    0x08003bb8   0x08003bb8   0x000000d4   Code   RO         3803    i.UART_WaitOnFlagUntilTimeout  stm32f0xx_hal_uart.o
    0x08003c8c   0x08003c8c   0x00000028   Code   RO         4336    i.__0sprintf$6      mc_p.l(printf6.o)
    0x08003cb4   0x08003cb4   0x0000002e   Code   RO         4498    i.__ARM_clz         mf_p.l(depilogue.o)
    0x08003ce2   0x08003ce2   0x00000030   Code   RO         1171    i.__ARM_common_ll_muluu  stm32f0xx_hal_rcc.o
    0x08003d12   0x08003d12   0x00000002   PAD
    0x08003d14   0x08003d14   0x00000044   Code   RO         2037    i.__NVIC_SetPriority  stm32f0xx_hal_cortex.o
    0x08003d58   0x08003d58   0x0000000e   Code   RO         4510    i.__scatterload_copy  mc_p.l(handlers.o)
    0x08003d66   0x08003d66   0x00000002   Code   RO         4511    i.__scatterload_null  mc_p.l(handlers.o)
    0x08003d68   0x08003d68   0x0000000e   Code   RO         4512    i.__scatterload_zeroinit  mc_p.l(handlers.o)
    0x08003d76   0x08003d76   0x00000002   PAD
    0x08003d78   0x08003d78   0x00000304   Code   RO         4341    i._printf_core      mc_p.l(printf6.o)
    0x0800407c   0x0800407c   0x00000020   Code   RO         4342    i._printf_post_padding  mc_p.l(printf6.o)
    0x0800409c   0x0800409c   0x0000002c   Code   RO         4343    i._printf_pre_padding  mc_p.l(printf6.o)
    0x080040c8   0x080040c8   0x0000000a   Code   RO         4345    i._sputc            mc_p.l(printf6.o)
    0x080040d2   0x080040d2   0x0000000e   Code   RO          848    i.kalman_2d1r_init  kalman.o
    0x080040e0   0x080040e0   0x000000e4   Code   RO          849    i.kalman_2d1r_update  kalman.o
    0x080041c4   0x080041c4   0x00000012   Code   RO          850    i.kalman_scaler_init  kalman.o
    0x080041d6   0x080041d6   0x0000006c   Code   RO          851    i.kalman_scaler_update  kalman.o
    0x08004242   0x08004242   0x00000002   PAD
    0x08004244   0x08004244   0x00000100   Code   RO           19    i.main              main.o
    0x08004344   0x08004344   0x00000074   Code   RO          759    i.max30102_getFIFO  max30100_for_stm32_hal.o
    0x080043b8   0x080043b8   0x00000050   Code   RO          763    i.max30102_getUnreadSampleCount  max30100_for_stm32_hal.o
    0x08004408   0x08004408   0x00000010   Data   RO          645    .constdata          system_stm32f0xx.o
    0x08004418   0x08004418   0x00000008   Data   RO          646    .constdata          system_stm32f0xx.o
    0x08004420   0x08004420   0x00000020   Data   RO         4508    Region$$Table       anon$$obj.o


    Execution Region RW_IRAM1 (Exec base: 0x20000000, Load base: 0x08004440, Size: 0x00001a30, Max: 0x00002000, ABSOLUTE)

    Exec Addr    Load Addr    Size         Type   Attr      Idx    E Section Name        Object

    0x20000000   0x08004440   0x00000026   Data   RW           28    .data               main.o
    0x20000026   0x08004466   0x00000002   PAD
    0x20000028   0x08004468   0x00000004   Data   RW          647    .data               system_stm32f0xx.o
    0x2000002c   0x0800446c   0x00000006   Data   RW          688    .data               mpu6050.o
    0x20000032   0x08004472   0x00000002   PAD
    0x20000034   0x08004474   0x0000000c   Data   RW         1234    .data               stm32f0xx_hal.o
    0x20000040        -       0x00001090   Zero   RW           24    .bss                main.o
    0x200010d0        -       0x00000084   Zero   RW          302    .bss                adc.o
    0x20001154        -       0x0000004c   Zero   RW          360    .bss                i2c.o
    0x200011a0        -       0x00000020   Zero   RW          398    .bss                rtc.o
    0x200011c0        -       0x000000d8   Zero   RW          439    .bss                tim.o
    0x20001298        -       0x0000014c   Zero   RW          493    .bss                usart.o
    0x200013e4        -       0x0000004c   Zero   RW          687    .bss                mpu6050.o
    0x20001430        -       0x00000600   Zero   RW            1    STACK               startup_stm32f030x8.o


==============================================================================

Image component sizes


      Code (inc. data)   RO Data    RW Data    ZI Data      Debug   Object Name

       260         28          0          0        132       1732   adc.o
        56          4          0          0          0        734   dma.o
       240         16          0          0          0        983   gpio.o
       188         26          0          0         76       1617   i2c.o
       368         20          0          0          0       3372   kalman.o
       738        130          0         38       4240     309102   main.o
       196         12          0          0          0       2583   max30100_for_stm32_hal.o
       356         26          0          6         76       4611   mpu6050.o
       240         20          0          0         32       1611   rtc.o
        28          8        180          0       1536        636   startup_stm32f030x8.o
       164         30          0         12          0       7961   stm32f0xx_hal.o
      1310         58          0          0          0       8442   stm32f0xx_hal_adc.o
       148         24          0          0          0      10349   stm32f0xx_hal_cortex.o
       422         16          0          0          0       4183   stm32f0xx_hal_dma.o
       456         30          0          0          0       2743   stm32f0xx_hal_gpio.o
      1732         54          0          0          0      12569   stm32f0xx_hal_i2c.o
       146          0          0          0          0       1919   stm32f0xx_hal_i2c_ex.o
        40          6          0          0          0        814   stm32f0xx_hal_msp.o
        16          4          0          0          0        515   stm32f0xx_hal_pwr.o
      1376         92          0          0          0       4681   stm32f0xx_hal_rcc.o
       232         14          0          0          0       1376   stm32f0xx_hal_rcc_ex.o
      1066         24          0          0          0       6932   stm32f0xx_hal_rtc.o
      1838        118          0          0          0      15295   stm32f0xx_hal_tim.o
       190         14          0          0          0       3177   stm32f0xx_hal_tim_ex.o
      1798         44          0          0          0      17817   stm32f0xx_hal_uart.o
       152         30          0          0          0       5355   stm32f0xx_it.o
         2          0         24          4          0       1115   system_stm32f0xx.o
       656         72          0          0        216       3702   tim.o
       324         40          0          0        332       2382   usart.o

    ----------------------------------------------------------------------
     14768        960        236         64       6640     438308   Object Totals
         0          0         32          0          0          0   (incl. Generated)
        30          0          0          4          0          0   (incl. Padding)

    ----------------------------------------------------------------------

      Code (inc. data)   RO Data    RW Data    ZI Data      Debug   Library Member Name

         0          0          0          0          0          0   entry.o
         0          0          0          0          0          0   entry10a.o
         0          0          0          0          0          0   entry11a.o
         8          4          0          0          0          0   entry2.o
         4          0          0          0          0          0   entry5.o
         0          0          0          0          0          0   entry7b.o
         0          0          0          0          0          0   entry8b.o
         8          4          0          0          0          0   entry9a.o
        30          0          0          0          0          0   handlers.o
        36          8          0          0          0         68   init.o
         0          0          0          0          0          0   iusefp.o
        32          0          0          0          0         68   llshl.o
        34          0          0          0          0         68   llushr.o
        36          0          0          0          0         60   memcpya.o
        36          0          0          0          0        100   memseta.o
       898          8          0          0          0        384   printf6.o
        44          0          0          0          0         72   uidiv.o
        96          0          0          0          0         84   uldiv.o
        56          0          0          0          0         68   d2f.o
       240          6          0          0          0         84   ddiv.o
       236          0          0          0          0        216   depilogue.o
        28          4          0          0          0         68   dfltui.o
       178          0          0          0          0        108   fadd.o
       124          0          0          0          0         72   fdiv.o
       130          0          0          0          0        144   fepilogue.o
        50          0          0          0          0         60   ffixi.o
        22          0          0          0          0         68   fflti.o
        14          0          0          0          0         68   ffltui.o
       122          0          0          0          0         72   fmul.o

    ----------------------------------------------------------------------
      2468         34          0          0          0       1932   Library Totals
         6          0          0          0          0          0   (incl. Padding)

    ----------------------------------------------------------------------

      Code (inc. data)   RO Data    RW Data    ZI Data      Debug   Library Name

      1262         24          0          0          0        904   mc_p.l
      1200         10          0          0          0       1028   mf_p.l

    ----------------------------------------------------------------------
      2468         34          0          0          0       1932   Library Totals

    ----------------------------------------------------------------------

==============================================================================


      Code (inc. data)   RO Data    RW Data    ZI Data      Debug   

     17236        994        236         64       6640     432956   Grand Totals
     17236        994        236         64       6640     432956   ELF Image Totals
     17236        994        236         64          0          0   ROM Totals

==============================================================================

    Total RO  Size (Code + RO Data)                17472 (  17.06kB)
    Total RW  Size (RW Data + ZI Data)              6704 (   6.55kB)
    Total ROM Size (Code + RO Data + RW Data)      17536 (  17.13kB)

==============================================================================

